<?xml version="1.0" encoding="ISO-8859-1" ?>
<link_info>
   <banner>TI ARM Linker PC v20.2.5.LTS</banner>
   <copyright>Copyright (c) 1996-2018 Texas Instruments Incorporated</copyright>
   <link_time>0x60f2b1c0</link_time>
   <link_errors>0x0</link_errors>
   <output_file>Blink.out</output_file>
   <entry_point>
      <name>resetISR</name>
      <address>0x200d</address>
   </entry_point>
   <input_file_list>
      <input_file id="fl-2">
         <path>.\syscfg\</path>
         <kind>object</kind>
         <file>ti_drivers_config.obj</file>
         <name>ti_drivers_config.obj</name>
      </input_file>
      <input_file id="fl-3">
         <path>.\</path>
         <kind>object</kind>
         <file>blink.obj</file>
         <name>blink.obj</name>
      </input_file>
      <input_file id="fl-4">
         <path>.\</path>
         <kind>object</kind>
         <file>main_nortos.obj</file>
         <name>main_nortos.obj</name>
      </input_file>
      <input_file id="fl-f">
         <kind>object</kind>
         <file>&lt;internal&gt;</file>
         <name>&lt;internal&gt;</name>
      </input_file>
      <input_file id="fl-10">
         <path>C:\ti\simplelink_msp432p4_sdk_3_40_01_02\source\ti\drivers\lib\</path>
         <kind>archive</kind>
         <file>drivers_msp432p401x.aem4f</file>
         <name>GPIOMSP432.oem4f</name>
      </input_file>
      <input_file id="fl-11">
         <path>C:\ti\simplelink_msp432p4_sdk_3_40_01_02\source\ti\drivers\lib\</path>
         <kind>archive</kind>
         <file>drivers_msp432p401x.aem4f</file>
         <name>PowerMSP432.oem4f</name>
      </input_file>
      <input_file id="fl-12">
         <path>C:\ti\simplelink_msp432p4_sdk_3_40_01_02\source\ti\drivers\lib\</path>
         <kind>archive</kind>
         <file>drivers_msp432p401x.aem4f</file>
         <name>List.oem4f</name>
      </input_file>
      <input_file id="fl-13">
         <path>C:\ti\simplelink_msp432p4_sdk_3_40_01_02\kernel\nortos\lib\</path>
         <kind>archive</kind>
         <file>nortos_msp432p401x.aem4f</file>
         <name>posix_sleep.oem4f</name>
      </input_file>
      <input_file id="fl-14">
         <path>C:\ti\simplelink_msp432p4_sdk_3_40_01_02\kernel\nortos\lib\</path>
         <kind>archive</kind>
         <file>nortos_msp432p401x.aem4f</file>
         <name>NoRTOS.oem4f</name>
      </input_file>
      <input_file id="fl-15">
         <path>C:\ti\simplelink_msp432p4_sdk_3_40_01_02\kernel\nortos\lib\</path>
         <kind>archive</kind>
         <file>nortos_msp432p401x.aem4f</file>
         <name>SemaphoreP_nortos.oem4f</name>
      </input_file>
      <input_file id="fl-16">
         <path>C:\ti\simplelink_msp432p4_sdk_3_40_01_02\kernel\nortos\lib\</path>
         <kind>archive</kind>
         <file>nortos_msp432p401x.aem4f</file>
         <name>PowerMSP432_nortos.oem4f</name>
      </input_file>
      <input_file id="fl-17">
         <path>C:\ti\simplelink_msp432p4_sdk_3_40_01_02\kernel\nortos\lib\</path>
         <kind>archive</kind>
         <file>nortos_msp432p401x.aem4f</file>
         <name>ClockPTimer_nortos.oem4f</name>
      </input_file>
      <input_file id="fl-18">
         <path>C:\ti\simplelink_msp432p4_sdk_3_40_01_02\kernel\nortos\lib\</path>
         <kind>archive</kind>
         <file>nortos_msp432p401x.aem4f</file>
         <name>TimerPMSP432_nortos.oem4f</name>
      </input_file>
      <input_file id="fl-19">
         <path>C:\ti\simplelink_msp432p4_sdk_3_40_01_02\kernel\nortos\lib\</path>
         <kind>archive</kind>
         <file>nortos_msp432p401x.aem4f</file>
         <name>HwiPMSP432_nortos.oem4f</name>
      </input_file>
      <input_file id="fl-1a">
         <path>C:\ti\simplelink_msp432p4_sdk_3_40_01_02\kernel\nortos\lib\</path>
         <kind>archive</kind>
         <file>nortos_msp432p401x.aem4f</file>
         <name>startup_msp432_ccs.oem4f</name>
      </input_file>
      <input_file id="fl-1b">
         <path>C:\ti\simplelink_msp432p4_sdk_3_40_01_02\kernel\nortos\lib\</path>
         <kind>archive</kind>
         <file>nortos_msp432p401x.aem4f</file>
         <name>QueueP_nortos.oem4f</name>
      </input_file>
      <input_file id="fl-1c">
         <path>C:\ti\simplelink_msp432p4_sdk_3_40_01_02\kernel\nortos\lib\</path>
         <kind>archive</kind>
         <file>nortos_msp432p401x.aem4f</file>
         <name>SwiP_nortos.oem4f</name>
      </input_file>
      <input_file id="fl-1d">
         <path>C:\ti\simplelink_msp432p4_sdk_3_40_01_02\source\ti\devices\msp432p4xx\driverlib\ccs\</path>
         <kind>archive</kind>
         <file>msp432p4xx_driverlib.lib</file>
         <name>cs.o</name>
      </input_file>
      <input_file id="fl-1e">
         <path>C:\ti\simplelink_msp432p4_sdk_3_40_01_02\source\ti\devices\msp432p4xx\driverlib\ccs\</path>
         <kind>archive</kind>
         <file>msp432p4xx_driverlib.lib</file>
         <name>interrupt.o</name>
      </input_file>
      <input_file id="fl-1f">
         <path>C:\ti\simplelink_msp432p4_sdk_3_40_01_02\source\ti\devices\msp432p4xx\driverlib\ccs\</path>
         <kind>archive</kind>
         <file>msp432p4xx_driverlib.lib</file>
         <name>sysctl.o</name>
      </input_file>
      <input_file id="fl-20">
         <path>C:\ti\simplelink_msp432p4_sdk_3_40_01_02\source\ti\devices\msp432p4xx\driverlib\ccs\</path>
         <kind>archive</kind>
         <file>msp432p4xx_driverlib.lib</file>
         <name>sysctl_a.o</name>
      </input_file>
      <input_file id="fl-21">
         <path>C:\ti\simplelink_msp432p4_sdk_3_40_01_02\source\ti\devices\msp432p4xx\driverlib\ccs\</path>
         <kind>archive</kind>
         <file>msp432p4xx_driverlib.lib</file>
         <name>cpu.o</name>
      </input_file>
      <input_file id="fl-d7">
         <path>C:\ti\ccs1031\ccs\tools\compiler\ti-cgt-arm_20.2.5.LTS\lib\</path>
         <kind>archive</kind>
         <file>rtsv7M4_T_le_v4SPD16_eabi.lib</file>
         <name>memcpy_t2.asm.obj</name>
      </input_file>
      <input_file id="fl-d8">
         <path>C:\ti\ccs1031\ccs\tools\compiler\ti-cgt-arm_20.2.5.LTS\lib\</path>
         <kind>archive</kind>
         <file>rtsv7M4_T_le_v4SPD16_eabi.lib</file>
         <name>ull_div_t2.asm.obj</name>
      </input_file>
      <input_file id="fl-d9">
         <path>C:\ti\ccs1031\ccs\tools\compiler\ti-cgt-arm_20.2.5.LTS\lib\</path>
         <kind>archive</kind>
         <file>rtsv7M4_T_le_v4SPD16_eabi.lib</file>
         <name>copy_zero_init.c.obj</name>
      </input_file>
      <input_file id="fl-da">
         <path>C:\ti\ccs1031\ccs\tools\compiler\ti-cgt-arm_20.2.5.LTS\lib\</path>
         <kind>archive</kind>
         <file>rtsv7M4_T_le_v4SPD16_eabi.lib</file>
         <name>copy_decompress_none.c.obj</name>
      </input_file>
      <input_file id="fl-db">
         <path>C:\ti\ccs1031\ccs\tools\compiler\ti-cgt-arm_20.2.5.LTS\lib\</path>
         <kind>archive</kind>
         <file>rtsv7M4_T_le_v4SPD16_eabi.lib</file>
         <name>copy_decompress_lzss.c.obj</name>
      </input_file>
      <input_file id="fl-dc">
         <path>C:\ti\ccs1031\ccs\tools\compiler\ti-cgt-arm_20.2.5.LTS\lib\</path>
         <kind>archive</kind>
         <file>rtsv7M4_T_le_v4SPD16_eabi.lib</file>
         <name>memory.c.obj</name>
      </input_file>
      <input_file id="fl-dd">
         <path>C:\ti\ccs1031\ccs\tools\compiler\ti-cgt-arm_20.2.5.LTS\lib\</path>
         <kind>archive</kind>
         <file>rtsv7M4_T_le_v4SPD16_eabi.lib</file>
         <name>boot_cortex_m.c.obj</name>
      </input_file>
      <input_file id="fl-de">
         <path>C:\ti\ccs1031\ccs\tools\compiler\ti-cgt-arm_20.2.5.LTS\lib\</path>
         <kind>archive</kind>
         <file>rtsv7M4_T_le_v4SPD16_eabi.lib</file>
         <name>div0.asm.obj</name>
      </input_file>
      <input_file id="fl-df">
         <path>C:\ti\ccs1031\ccs\tools\compiler\ti-cgt-arm_20.2.5.LTS\lib\</path>
         <kind>archive</kind>
         <file>rtsv7M4_T_le_v4SPD16_eabi.lib</file>
         <name>memset_t2.asm.obj</name>
      </input_file>
      <input_file id="fl-e0">
         <path>C:\ti\ccs1031\ccs\tools\compiler\ti-cgt-arm_20.2.5.LTS\lib\</path>
         <kind>archive</kind>
         <file>rtsv7M4_T_le_v4SPD16_eabi.lib</file>
         <name>autoinit.c.obj</name>
      </input_file>
      <input_file id="fl-e1">
         <path>C:\ti\ccs1031\ccs\tools\compiler\ti-cgt-arm_20.2.5.LTS\lib\</path>
         <kind>archive</kind>
         <file>rtsv7M4_T_le_v4SPD16_eabi.lib</file>
         <name>pre_init.c.obj</name>
      </input_file>
      <input_file id="fl-e2">
         <path>C:\ti\ccs1031\ccs\tools\compiler\ti-cgt-arm_20.2.5.LTS\lib\</path>
         <kind>archive</kind>
         <file>rtsv7M4_T_le_v4SPD16_eabi.lib</file>
         <name>cpy_tbl.c.obj</name>
      </input_file>
      <input_file id="fl-e3">
         <path>C:\ti\ccs1031\ccs\tools\compiler\ti-cgt-arm_20.2.5.LTS\lib\</path>
         <kind>archive</kind>
         <file>rtsv7M4_T_le_v4SPD16_eabi.lib</file>
         <name>exit.c.obj</name>
      </input_file>
      <input_file id="fl-e4">
         <path>C:\ti\ccs1031\ccs\tools\compiler\ti-cgt-arm_20.2.5.LTS\lib\</path>
         <kind>archive</kind>
         <file>rtsv7M4_T_le_v4SPD16_eabi.lib</file>
         <name>_lock.c.obj</name>
      </input_file>
      <input_file id="fl-e5">
         <path>C:\ti\ccs1031\ccs\tools\compiler\ti-cgt-arm_20.2.5.LTS\lib\</path>
         <kind>archive</kind>
         <file>rtsv7M4_T_le_v4SPD16_eabi.lib</file>
         <name>args_main.c.obj</name>
      </input_file>
   </input_file_list>
   <object_component_list>
      <object_component id="oc-432">
         <name>.text:Power_sleep</name>
         <load_address>0x144</load_address>
         <run_address>0x144</run_address>
         <size>0x2f8</size>
         <input_file_ref idref="fl-11"/>
      </object_component>
      <object_component id="oc-1cb">
         <name>.text:initPerfControl</name>
         <load_address>0x43c</load_address>
         <run_address>0x43c</run_address>
         <size>0x288</size>
         <input_file_ref idref="fl-11"/>
      </object_component>
      <object_component id="oc-20a">
         <name>.text:GPIO_setConfig</name>
         <load_address>0x6c4</load_address>
         <run_address>0x6c4</run_address>
         <size>0x170</size>
         <input_file_ref idref="fl-10"/>
      </object_component>
      <object_component id="oc-3f2">
         <name>.text:aligned_alloc</name>
         <load_address>0x834</load_address>
         <run_address>0x834</run_address>
         <size>0x100</size>
         <input_file_ref idref="fl-dc"/>
      </object_component>
      <object_component id="oc-28a">
         <name>.text:CS_startHFXTWithTimeout</name>
         <load_address>0x934</load_address>
         <run_address>0x934</run_address>
         <size>0xe4</size>
         <input_file_ref idref="fl-1d"/>
      </object_component>
      <object_component id="oc-2b4">
         <name>.text:free</name>
         <load_address>0xa18</load_address>
         <run_address>0xa18</run_address>
         <size>0xe4</size>
         <input_file_ref idref="fl-dc"/>
      </object_component>
      <object_component id="oc-290">
         <name>.text:CS_startLFXTWithTimeout</name>
         <load_address>0xafc</load_address>
         <run_address>0xafc</run_address>
         <size>0xe0</size>
         <input_file_ref idref="fl-1d"/>
      </object_component>
      <object_component id="oc-34a">
         <name>.text:TimerP_construct</name>
         <load_address>0xbdc</load_address>
         <run_address>0xbdc</run_address>
         <size>0xe0</size>
         <input_file_ref idref="fl-18"/>
      </object_component>
      <object_component id="oc-3c7">
         <name>.text:_CSGetHFXTFrequency</name>
         <load_address>0xcbc</load_address>
         <run_address>0xcbc</run_address>
         <size>0xdc</size>
         <input_file_ref idref="fl-1d"/>
      </object_component>
      <object_component id="oc-33e">
         <name>.text:SwiP_construct</name>
         <load_address>0xd98</load_address>
         <run_address>0xd98</run_address>
         <size>0xd8</size>
         <input_file_ref idref="fl-1c"/>
      </object_component>
      <object_component id="oc-228">
         <name>.text:ClockP_startup</name>
         <load_address>0xe70</load_address>
         <run_address>0xe70</run_address>
         <size>0xb4</size>
         <input_file_ref idref="fl-17"/>
      </object_component>
      <object_component id="oc-35c">
         <name>.text:ClockP_workFuncDynamic</name>
         <load_address>0xf24</load_address>
         <run_address>0xf24</run_address>
         <size>0xac</size>
         <input_file_ref idref="fl-17"/>
      </object_component>
      <object_component id="oc-194">
         <name>.text:GPIO_init</name>
         <load_address>0xfd0</load_address>
         <run_address>0xfd0</run_address>
         <size>0xac</size>
         <input_file_ref idref="fl-10"/>
      </object_component>
      <object_component id="oc-204">
         <name>.text:SemaphoreP_pend</name>
         <load_address>0x107c</load_address>
         <run_address>0x107c</run_address>
         <size>0xa0</size>
         <input_file_ref idref="fl-15"/>
      </object_component>
      <object_component id="oc-180">
         <name>.text:Power_init</name>
         <load_address>0x111c</load_address>
         <run_address>0x111c</run_address>
         <size>0x9c</size>
         <input_file_ref idref="fl-11"/>
      </object_component>
      <object_component id="oc-568">
         <name>.text:SwiP_dispatch</name>
         <load_address>0x11b8</load_address>
         <run_address>0x11b8</run_address>
         <size>0x9c</size>
         <input_file_ref idref="fl-1c"/>
      </object_component>
      <object_component id="oc-3a">
         <name>.text</name>
         <load_address>0x1254</load_address>
         <run_address>0x1254</run_address>
         <size>0x9c</size>
         <input_file_ref idref="fl-d7"/>
      </object_component>
      <object_component id="oc-544">
         <name>.text</name>
         <load_address>0x12f0</load_address>
         <run_address>0x12f0</run_address>
         <size>0x96</size>
         <input_file_ref idref="fl-d8"/>
      </object_component>
      <object_component id="oc-186">
         <name>.text:Board_initHook</name>
         <load_address>0x1386</load_address>
         <run_address>0x1386</run_address>
         <size>0x2</size>
         <input_file_ref idref="fl-2"/>
      </object_component>
      <object_component id="oc-528">
         <name>.text:restartHFXT</name>
         <load_address>0x1388</load_address>
         <run_address>0x1388</run_address>
         <size>0x84</size>
         <input_file_ref idref="fl-11"/>
      </object_component>
      <object_component id="oc-2e4">
         <name>.text:ClockP_start</name>
         <load_address>0x140c</load_address>
         <run_address>0x140c</run_address>
         <size>0x80</size>
         <input_file_ref idref="fl-17"/>
      </object_component>
      <object_component id="oc-405">
         <name>.text:Interrupt_enableInterrupt</name>
         <load_address>0x148c</load_address>
         <run_address>0x148c</run_address>
         <size>0x80</size>
         <input_file_ref idref="fl-1e"/>
      </object_component>
      <object_component id="oc-4d5">
         <name>.text:ClockP_walkQueueDynamic</name>
         <load_address>0x150c</load_address>
         <run_address>0x150c</run_address>
         <size>0x78</size>
         <input_file_ref idref="fl-17"/>
      </object_component>
      <object_component id="oc-2ae">
         <name>.text:HwiP_construct</name>
         <load_address>0x1584</load_address>
         <run_address>0x1584</run_address>
         <size>0x70</size>
         <input_file_ref idref="fl-19"/>
      </object_component>
      <object_component id="oc-4f7">
         <name>.text:split</name>
         <load_address>0x15f4</load_address>
         <run_address>0x15f4</run_address>
         <size>0x70</size>
         <input_file_ref idref="fl-dc"/>
      </object_component>
      <object_component id="oc-468">
         <name>.text:TimerP_getCurrentTick</name>
         <load_address>0x1664</load_address>
         <run_address>0x1664</run_address>
         <size>0x6c</size>
         <input_file_ref idref="fl-18"/>
      </object_component>
      <object_component id="oc-1a0">
         <name>.text:ClockP_usleep</name>
         <load_address>0x16d0</load_address>
         <run_address>0x16d0</run_address>
         <size>0x68</size>
         <input_file_ref idref="fl-17"/>
      </object_component>
      <object_component id="oc-30e">
         <name>.text:GPIO_hwiIntFxn</name>
         <load_address>0x1738</load_address>
         <run_address>0x1738</run_address>
         <size>0x68</size>
         <input_file_ref idref="fl-10"/>
      </object_component>
      <object_component id="oc-5a2">
         <name>.text:Interrupt_pendInterrupt</name>
         <load_address>0x17a0</load_address>
         <run_address>0x17a0</run_address>
         <size>0x68</size>
         <input_file_ref idref="fl-1e"/>
      </object_component>
      <object_component id="oc-4dc">
         <name>.text:SwiP_post</name>
         <load_address>0x1808</load_address>
         <run_address>0x1808</run_address>
         <size>0x68</size>
         <input_file_ref idref="fl-1c"/>
      </object_component>
      <object_component id="oc-12">
         <name>.text:decompress:lzss:__TI_decompress_lzss</name>
         <load_address>0x1870</load_address>
         <run_address>0x1870</run_address>
         <size>0x68</size>
         <input_file_ref idref="fl-db"/>
      </object_component>
      <object_component id="oc-210">
         <name>.text:GPIO_setCallback</name>
         <load_address>0x18d8</load_address>
         <run_address>0x18d8</run_address>
         <size>0x60</size>
         <input_file_ref idref="fl-10"/>
      </object_component>
      <object_component id="oc-3f9">
         <name>.text:Interrupt_registerInterrupt</name>
         <load_address>0x1938</load_address>
         <run_address>0x1938</run_address>
         <size>0x5c</size>
         <input_file_ref idref="fl-1e"/>
      </object_component>
      <object_component id="oc-4c9">
         <name>.text:TimerP_dynamicStub</name>
         <load_address>0x1994</load_address>
         <run_address>0x1994</run_address>
         <size>0x58</size>
         <input_file_ref idref="fl-18"/>
      </object_component>
      <object_component id="oc-3ff">
         <name>.text:Interrupt_setPriority</name>
         <load_address>0x19ec</load_address>
         <run_address>0x19ec</run_address>
         <size>0x54</size>
         <input_file_ref idref="fl-1e"/>
      </object_component>
      <object_component id="oc-22e">
         <name>.text:TimerP_getCount64</name>
         <load_address>0x1a40</load_address>
         <run_address>0x1a40</run_address>
         <size>0x54</size>
         <input_file_ref idref="fl-18"/>
      </object_component>
      <object_component id="oc-37e">
         <name>.text:SemaphoreP_construct</name>
         <load_address>0x1a94</load_address>
         <run_address>0x1a94</run_address>
         <size>0x50</size>
         <input_file_ref idref="fl-15"/>
      </object_component>
      <object_component id="oc-2c3">
         <name>.text:PowerMSP432_sleepPolicy</name>
         <load_address>0x1ae4</load_address>
         <run_address>0x1ae4</run_address>
         <size>0x48</size>
         <input_file_ref idref="fl-16"/>
      </object_component>
      <object_component id="oc-216">
         <name>.text:SemaphoreP_post</name>
         <load_address>0x1b2c</load_address>
         <run_address>0x1b2c</run_address>
         <size>0x44</size>
         <input_file_ref idref="fl-15"/>
      </object_component>
      <object_component id="oc-438">
         <name>.text:SwiP_restore</name>
         <load_address>0x1b70</load_address>
         <run_address>0x1b70</run_address>
         <size>0x44</size>
         <input_file_ref idref="fl-1c"/>
      </object_component>
      <object_component id="oc-4bd">
         <name>.text:TimerP_start</name>
         <load_address>0x1bb4</load_address>
         <run_address>0x1bb4</run_address>
         <size>0x44</size>
         <input_file_ref idref="fl-18"/>
      </object_component>
      <object_component id="oc-12e">
         <name>.text:__TI_auto_init_nobinit_nopinit:__TI_auto_init_nobinit_nopinit</name>
         <load_address>0x1bf8</load_address>
         <run_address>0x1bf8</run_address>
         <size>0x44</size>
         <input_file_ref idref="fl-e0"/>
      </object_component>
      <object_component id="oc-54a">
         <name>.text:TimerP_setNextTick</name>
         <load_address>0x1c3c</load_address>
         <run_address>0x1c3c</run_address>
         <size>0x40</size>
         <input_file_ref idref="fl-18"/>
      </object_component>
      <object_component id="oc-4b1">
         <name>.text:TimerP_initDevice</name>
         <load_address>0x1c7c</load_address>
         <run_address>0x1c7c</run_address>
         <size>0x3c</size>
         <input_file_ref idref="fl-18"/>
      </object_component>
      <object_component id="oc-19a">
         <name>.text:GPIO_toggle</name>
         <load_address>0x1cb8</load_address>
         <run_address>0x1cb8</run_address>
         <size>0x38</size>
         <input_file_ref idref="fl-10"/>
      </object_component>
      <object_component id="oc-51c">
         <name>.text:notify</name>
         <load_address>0x1cf0</load_address>
         <run_address>0x1cf0</run_address>
         <size>0x38</size>
         <input_file_ref idref="fl-11"/>
      </object_component>
      <object_component id="oc-a8">
         <name>.text:_c_int00_noargs:_c_int00_noargs</name>
         <load_address>0x1d28</load_address>
         <run_address>0x1d28</run_address>
         <size>0x34</size>
         <input_file_ref idref="fl-dd"/>
      </object_component>
      <object_component id="oc-11b">
         <name>.text:mainThread</name>
         <load_address>0x1d5c</load_address>
         <run_address>0x1d5c</run_address>
         <size>0x34</size>
         <input_file_ref idref="fl-3"/>
      </object_component>
      <object_component id="oc-1d7">
         <name>.text:HwiP_create</name>
         <load_address>0x1d90</load_address>
         <run_address>0x1d90</run_address>
         <size>0x2a</size>
         <input_file_ref idref="fl-19"/>
      </object_component>
      <object_component id="oc-2bd">
         <name>.text:PowerMSP432_initPolicy</name>
         <load_address>0x1dba</load_address>
         <run_address>0x1dba</run_address>
         <size>0x2</size>
         <input_file_ref idref="fl-16"/>
      </object_component>
      <object_component id="oc-284">
         <name>.text:disableFaultCounter</name>
         <load_address>0x1dbc</load_address>
         <run_address>0x1dbc</run_address>
         <size>0x28</size>
         <input_file_ref idref="fl-11"/>
      </object_component>
      <object_component id="oc-522">
         <name>.text:disableHFXT</name>
         <load_address>0x1de4</load_address>
         <run_address>0x1de4</run_address>
         <size>0x28</size>
         <input_file_ref idref="fl-11"/>
      </object_component>
      <object_component id="oc-41e">
         <name>.text:free_list_insert</name>
         <load_address>0x1e0c</load_address>
         <run_address>0x1e0c</run_address>
         <size>0x28</size>
         <input_file_ref idref="fl-dc"/>
      </object_component>
      <object_component id="oc-474">
         <name>.text:ClockP_getTicks</name>
         <load_address>0x1e34</load_address>
         <run_address>0x1e34</run_address>
         <size>0x24</size>
         <input_file_ref idref="fl-17"/>
      </object_component>
      <object_component id="oc-46e">
         <name>.text:ClockP_scheduleNextTick</name>
         <load_address>0x1e58</load_address>
         <run_address>0x1e58</run_address>
         <size>0x24</size>
         <input_file_ref idref="fl-17"/>
      </object_component>
      <object_component id="oc-40b">
         <name>.text:HwiP_dispatch</name>
         <load_address>0x1e7c</load_address>
         <run_address>0x1e7c</run_address>
         <size>0x24</size>
         <input_file_ref idref="fl-19"/>
      </object_component>
      <object_component id="oc-234">
         <name>.text:sleepTicks</name>
         <load_address>0x1ea0</load_address>
         <run_address>0x1ea0</run_address>
         <size>0x24</size>
         <input_file_ref idref="fl-17"/>
      </object_component>
      <object_component id="oc-27e">
         <name>.text:CS_setExternalClockSourceFrequency</name>
         <load_address>0x1ec4</load_address>
         <run_address>0x1ec4</run_address>
         <size>0x20</size>
         <input_file_ref idref="fl-1d"/>
      </object_component>
      <object_component id="oc-2de">
         <name>.text:ClockP_add</name>
         <load_address>0x1ee4</load_address>
         <run_address>0x1ee4</run_address>
         <size>0x20</size>
         <input_file_ref idref="fl-17"/>
      </object_component>
      <object_component id="oc-461">
         <name>.text:QueueP_put</name>
         <load_address>0x1f04</load_address>
         <run_address>0x1f04</run_address>
         <size>0x20</size>
         <input_file_ref idref="fl-1b"/>
      </object_component>
      <object_component id="oc-426">
         <name>.text:SwiP_disable</name>
         <load_address>0x1f24</load_address>
         <run_address>0x1f24</run_address>
         <size>0x1c</size>
         <input_file_ref idref="fl-1c"/>
      </object_component>
      <object_component id="oc-46">
         <name>.text:decompress:ZI:__TI_zero_init_nomemset:__TI_zero_init_nomemset</name>
         <load_address>0x1f40</load_address>
         <run_address>0x1f40</run_address>
         <size>0x1c</size>
         <input_file_ref idref="fl-d9"/>
      </object_component>
      <object_component id="oc-418">
         <name>.text:free_list_remove</name>
         <load_address>0x1f5c</load_address>
         <run_address>0x1f5c</run_address>
         <size>0x1c</size>
         <input_file_ref idref="fl-dc"/>
      </object_component>
      <object_component id="oc-5b7">
         <name>.text:QueueP_get</name>
         <load_address>0x1f78</load_address>
         <run_address>0x1f78</run_address>
         <size>0x1a</size>
         <input_file_ref idref="fl-1b"/>
      </object_component>
      <object_component id="oc-1ec">
         <name>.text:SemaphoreP_createBinary</name>
         <load_address>0x1f92</load_address>
         <run_address>0x1f92</run_address>
         <size>0x1a</size>
         <input_file_ref idref="fl-15"/>
      </object_component>
      <object_component id="oc-2f6">
         <name>.text:ClockP_destruct</name>
         <load_address>0x1fac</load_address>
         <run_address>0x1fac</run_address>
         <size>0x18</size>
         <input_file_ref idref="fl-17"/>
      </object_component>
      <object_component id="oc-319">
         <name>.text:HwiP_inISR</name>
         <load_address>0x1fc4</load_address>
         <run_address>0x1fc4</run_address>
         <size>0x18</size>
         <input_file_ref idref="fl-19"/>
      </object_component>
      <object_component id="oc-3c1">
         <name>.text:SysCtl_A_disableNMISource</name>
         <load_address>0x1fdc</load_address>
         <run_address>0x1fdc</run_address>
         <size>0x18</size>
         <input_file_ref idref="fl-20"/>
      </object_component>
      <object_component id="oc-3cd">
         <name>.text:SysCtl_A_enableNMISource</name>
         <load_address>0x1ff4</load_address>
         <run_address>0x1ff4</run_address>
         <size>0x18</size>
         <input_file_ref idref="fl-20"/>
      </object_component>
      <object_component id="oc-1f">
         <name>.text:resetISR</name>
         <load_address>0x200c</load_address>
         <run_address>0x200c</run_address>
         <size>0x18</size>
         <input_file_ref idref="fl-1a"/>
      </object_component>
      <object_component id="oc-2d3">
         <name>.text:SemaphoreP_create</name>
         <load_address>0x2024</load_address>
         <run_address>0x2024</run_address>
         <size>0x16</size>
         <input_file_ref idref="fl-15"/>
      </object_component>
      <object_component id="oc-5b1">
         <name>.text:maxbit</name>
         <load_address>0x203a</load_address>
         <run_address>0x203a</run_address>
         <size>0x16</size>
         <input_file_ref idref="fl-1c"/>
      </object_component>
      <object_component id="oc-53b">
         <name>.text:Power_idleFunc</name>
         <load_address>0x2050</load_address>
         <run_address>0x2050</run_address>
         <size>0x14</size>
         <input_file_ref idref="fl-11"/>
      </object_component>
      <object_component id="oc-4a6">
         <name>.text:SwiP_handleHwi</name>
         <load_address>0x2064</load_address>
         <run_address>0x2064</run_address>
         <size>0x14</size>
         <input_file_ref idref="fl-1c"/>
      </object_component>
      <object_component id="oc-376">
         <name>.text:TimerP_getCount</name>
         <load_address>0x2078</load_address>
         <run_address>0x2078</run_address>
         <size>0x14</size>
         <input_file_ref idref="fl-18"/>
      </object_component>
      <object_component id="oc-1d1">
         <name>.text:HwiP_Params_init</name>
         <load_address>0x208c</load_address>
         <run_address>0x208c</run_address>
         <size>0x12</size>
         <input_file_ref idref="fl-19"/>
      </object_component>
      <object_component id="oc-f6">
         <name>.text:main</name>
         <load_address>0x209e</load_address>
         <run_address>0x209e</run_address>
         <size>0x12</size>
         <input_file_ref idref="fl-4"/>
      </object_component>
      <object_component id="oc-1f2">
         <name>.text:HwiP_disable</name>
         <load_address>0x20b0</load_address>
         <run_address>0x20b0</run_address>
         <size>0x10</size>
         <input_file_ref idref="fl-19"/>
      </object_component>
      <object_component id="oc-52">
         <name>.text:Interrupt_disableMaster</name>
         <load_address>0x20c0</load_address>
         <run_address>0x20c0</run_address>
         <size>0x10</size>
         <input_file_ref idref="fl-1e"/>
      </object_component>
      <object_component id="oc-18d">
         <name>.text:Interrupt_enableMaster</name>
         <load_address>0x20d0</load_address>
         <run_address>0x20d0</run_address>
         <size>0x10</size>
         <input_file_ref idref="fl-1e"/>
      </object_component>
      <object_component id="oc-31f">
         <name>.text:Power_disablePolicy</name>
         <load_address>0x20e0</load_address>
         <run_address>0x20e0</run_address>
         <size>0x10</size>
         <input_file_ref idref="fl-11"/>
      </object_component>
      <object_component id="oc-2ea">
         <name>.text:Power_enablePolicy</name>
         <load_address>0x20f0</load_address>
         <run_address>0x20f0</run_address>
         <size>0x10</size>
         <input_file_ref idref="fl-11"/>
      </object_component>
      <object_component id="oc-2cd">
         <name>.text:SemaphoreP_Params_init</name>
         <load_address>0x2100</load_address>
         <run_address>0x2100</run_address>
         <size>0x10</size>
         <input_file_ref idref="fl-15"/>
      </object_component>
      <object_component id="oc-338">
         <name>.text:SwiP_Params_init</name>
         <load_address>0x2110</load_address>
         <run_address>0x2110</run_address>
         <size>0x10</size>
         <input_file_ref idref="fl-1c"/>
      </object_component>
      <object_component id="oc-3bb">
         <name>.text:SysCtl_A_getNMISourceStatus</name>
         <load_address>0x2120</load_address>
         <run_address>0x2120</run_address>
         <size>0x10</size>
         <input_file_ref idref="fl-20"/>
      </object_component>
      <object_component id="oc-59b">
         <name>.text:SysCtl_getNMISourceStatus</name>
         <load_address>0x2130</load_address>
         <run_address>0x2130</run_address>
         <size>0x10</size>
         <input_file_ref idref="fl-1f"/>
      </object_component>
      <object_component id="oc-344">
         <name>.text:TimerP_Params_init</name>
         <load_address>0x2140</load_address>
         <run_address>0x2140</run_address>
         <size>0x10</size>
         <input_file_ref idref="fl-18"/>
      </object_component>
      <object_component id="oc-5bd">
         <name>.text:QueueP_empty</name>
         <load_address>0x2150</load_address>
         <run_address>0x2150</run_address>
         <size>0xe</size>
         <input_file_ref idref="fl-1b"/>
      </object_component>
      <object_component id="oc-47d">
         <name>.text:QueueP_remove</name>
         <load_address>0x215e</load_address>
         <run_address>0x215e</run_address>
         <size>0xe</size>
         <input_file_ref idref="fl-1b"/>
      </object_component>
      <object_component id="oc-18">
         <name>.text:decompress:none:__TI_decompress_none</name>
         <load_address>0x216c</load_address>
         <run_address>0x216c</run_address>
         <size>0xe</size>
         <input_file_ref idref="fl-da"/>
      </object_component>
      <object_component id="oc-10f">
         <name>.text:Board_init</name>
         <load_address>0x217a</load_address>
         <run_address>0x217a</run_address>
         <size>0xc</size>
         <input_file_ref idref="fl-2"/>
      </object_component>
      <object_component id="oc-96">
         <name>.text:CPU_cpsid</name>
         <load_address>0x2186</load_address>
         <run_address>0x2186</run_address>
         <size>0xc</size>
         <input_file_ref idref="fl-21"/>
      </object_component>
      <object_component id="oc-1e5">
         <name>.text:CPU_cpsie</name>
         <load_address>0x2192</load_address>
         <run_address>0x2192</run_address>
         <size>0xc</size>
         <input_file_ref idref="fl-21"/>
      </object_component>
      <object_component id="oc-296">
         <name>.text:PowerMSP432_updateFreqs</name>
         <load_address>0x219e</load_address>
         <run_address>0x219e</run_address>
         <size>0x2</size>
         <input_file_ref idref="fl-16"/>
      </object_component>
      <object_component id="oc-362">
         <name>.text:ClockP_doTick</name>
         <load_address>0x21a0</load_address>
         <run_address>0x21a0</run_address>
         <size>0xc</size>
         <input_file_ref idref="fl-17"/>
      </object_component>
      <object_component id="oc-42c">
         <name>.text:Power_getConstraintMask</name>
         <load_address>0x21ac</load_address>
         <run_address>0x21ac</run_address>
         <size>0xc</size>
         <input_file_ref idref="fl-11"/>
      </object_component>
      <object_component id="oc-356">
         <name>.text:TimerP_getFreq</name>
         <load_address>0x21b8</load_address>
         <run_address>0x21b8</run_address>
         <size>0xc</size>
         <input_file_ref idref="fl-18"/>
      </object_component>
      <object_component id="oc-350">
         <name>.text:TimerP_getMaxTicks</name>
         <load_address>0x21c4</load_address>
         <run_address>0x21c4</run_address>
         <size>0xc</size>
         <input_file_ref idref="fl-18"/>
      </object_component>
      <object_component id="oc-1f8">
         <name>.text:HwiP_restore</name>
         <load_address>0x21d0</load_address>
         <run_address>0x21d0</run_address>
         <size>0x8</size>
         <input_file_ref idref="fl-19"/>
      </object_component>
      <object_component id="oc-2a8">
         <name>.text:malloc</name>
         <load_address>0x21d8</load_address>
         <run_address>0x21d8</run_address>
         <size>0x8</size>
         <input_file_ref idref="fl-dc"/>
      </object_component>
      <object_component id="oc-332">
         <name>.text:QueueP_init</name>
         <load_address>0x21e0</load_address>
         <run_address>0x21e0</run_address>
         <size>0x6</size>
         <input_file_ref idref="fl-1b"/>
      </object_component>
      <object_component id="oc-2f0">
         <name>.text:ClockP_isActive</name>
         <load_address>0x21e6</load_address>
         <run_address>0x21e6</run_address>
         <size>0x4</size>
         <input_file_ref idref="fl-17"/>
      </object_component>
      <object_component id="oc-115">
         <name>.text:HwiP_enable</name>
         <load_address>0x21ea</load_address>
         <run_address>0x21ea</run_address>
         <size>0x4</size>
         <input_file_ref idref="fl-19"/>
      </object_component>
      <object_component id="oc-52f">
         <name>.text:HwiP_post</name>
         <load_address>0x21ee</load_address>
         <run_address>0x21ee</run_address>
         <size>0x4</size>
         <input_file_ref idref="fl-19"/>
      </object_component>
      <object_component id="oc-57b">
         <name>.text:QueueP_head</name>
         <load_address>0x21f2</load_address>
         <run_address>0x21f2</run_address>
         <size>0x4</size>
         <input_file_ref idref="fl-1b"/>
      </object_component>
      <object_component id="oc-581">
         <name>.text:QueueP_next</name>
         <load_address>0x21f6</load_address>
         <run_address>0x21f6</run_address>
         <size>0x4</size>
         <input_file_ref idref="fl-1b"/>
      </object_component>
      <object_component id="oc-1fe">
         <name>.text:SemaphoreP_delete</name>
         <load_address>0x21fa</load_address>
         <run_address>0x21fa</run_address>
         <size>0x4</size>
         <input_file_ref idref="fl-15"/>
      </object_component>
      <object_component id="oc-4b7">
         <name>.text:TimerP_setPeriod</name>
         <load_address>0x21fe</load_address>
         <run_address>0x21fe</run_address>
         <size>0x4</size>
         <input_file_ref idref="fl-18"/>
      </object_component>
      <object_component id="oc-f0">
         <name>.text:_system_pre_init</name>
         <load_address>0x2202</load_address>
         <run_address>0x2202</run_address>
         <size>0x4</size>
         <input_file_ref idref="fl-e1"/>
      </object_component>
      <object_component id="oc-122">
         <name>.text:abort:abort</name>
         <load_address>0x2206</load_address>
         <run_address>0x2206</run_address>
         <size>0x4</size>
         <input_file_ref idref="fl-e3"/>
      </object_component>
      <object_component id="oc-384">
         <name>.text:SemaphoreP_destruct</name>
         <load_address>0x220a</load_address>
         <run_address>0x220a</run_address>
         <size>0x2</size>
         <input_file_ref idref="fl-15"/>
      </object_component>
      <object_component id="oc-25f">
         <name>.text:_nop</name>
         <load_address>0x220c</load_address>
         <run_address>0x220c</run_address>
         <size>0x2</size>
         <input_file_ref idref="fl-e4"/>
      </object_component>
      <object_component id="oc-6c">
         <name>.text:busFaultISR</name>
         <load_address>0x220e</load_address>
         <run_address>0x220e</run_address>
         <size>0x2</size>
         <input_file_ref idref="fl-1a"/>
      </object_component>
      <object_component id="oc-2fc">
         <name>.text:clkFxn</name>
         <load_address>0x2210</load_address>
         <run_address>0x2210</run_address>
         <size>0x2</size>
         <input_file_ref idref="fl-15"/>
      </object_component>
      <object_component id="oc-66">
         <name>.text:defaultISR</name>
         <load_address>0x2212</load_address>
         <run_address>0x2212</run_address>
         <size>0x2</size>
         <input_file_ref idref="fl-1a"/>
      </object_component>
      <object_component id="oc-60">
         <name>.text:faultISR</name>
         <load_address>0x2214</load_address>
         <run_address>0x2214</run_address>
         <size>0x2</size>
         <input_file_ref idref="fl-1a"/>
      </object_component>
      <object_component id="oc-5a">
         <name>.text:nmiISR</name>
         <load_address>0x2216</load_address>
         <run_address>0x2216</run_address>
         <size>0x2</size>
         <input_file_ref idref="fl-1a"/>
      </object_component>
      <object_component id="oc-5aa">
         <name>.text</name>
         <load_address>0x2218</load_address>
         <run_address>0x2218</run_address>
         <size>0x2</size>
         <input_file_ref idref="fl-de"/>
      </object_component>
      <object_component id="oc-506">
         <name>.const:g_pulRegs</name>
         <load_address>0x221c</load_address>
         <run_address>0x221c</run_address>
         <size>0x50</size>
         <input_file_ref idref="fl-1e"/>
      </object_component>
      <object_component id="oc-1e0">
         <name>.const:PowerMSP432_config</name>
         <load_address>0x226c</load_address>
         <run_address>0x226c</run_address>
         <size>0x38</size>
         <input_file_ref idref="fl-2"/>
      </object_component>
      <object_component id="oc-220">
         <name>.const:GPIOMSP432_config</name>
         <load_address>0x22a4</load_address>
         <run_address>0x22a4</run_address>
         <size>0x14</size>
         <input_file_ref idref="fl-2"/>
      </object_component>
      <object_component id="oc-495">
         <name>.const:SwiP_defaultParams</name>
         <load_address>0x22b8</load_address>
         <run_address>0x22b8</run_address>
         <size>0x10</size>
         <input_file_ref idref="fl-1c"/>
      </object_component>
      <object_component id="oc-50a">
         <name>.const:g_pulEnRegs</name>
         <load_address>0x22c8</load_address>
         <run_address>0x22c8</run_address>
         <size>0x8</size>
         <input_file_ref idref="fl-1e"/>
      </object_component>
      <object_component id="oc-5c8">
         <name>.const:g_pulPendRegs</name>
         <load_address>0x22d0</load_address>
         <run_address>0x22d0</run_address>
         <size>0x8</size>
         <input_file_ref idref="fl-1e"/>
      </object_component>
      <object_component id="oc-314">
         <name>.const:.string:interruptType</name>
         <load_address>0x22d8</load_address>
         <run_address>0x22d8</run_address>
         <size>0x6</size>
         <input_file_ref idref="fl-10"/>
      </object_component>
      <object_component id="oc-30b">
         <name>.const:.string:portInterruptIds</name>
         <load_address>0x22de</load_address>
         <run_address>0x22de</run_address>
         <size>0x6</size>
         <input_file_ref idref="fl-10"/>
      </object_component>
      <object_component id="oc-608">
         <name>.cinit..data.load</name>
         <load_address>0x22e8</load_address>
         <run_address>0x22e8</run_address>
         <size>0x88</size>
      </object_component>
      <object_component id="oc-606">
         <name>__TI_handler_table</name>
         <load_address>0x2370</load_address>
         <run_address>0x2370</run_address>
         <size>0xc</size>
      </object_component>
      <object_component id="oc-609">
         <name>.cinit..bss.load</name>
         <load_address>0x2380</load_address>
         <run_address>0x2380</run_address>
         <size>0x8</size>
      </object_component>
      <object_component id="oc-60a">
         <name>.cinit..vtable.load</name>
         <load_address>0x2388</load_address>
         <run_address>0x2388</run_address>
         <size>0x8</size>
      </object_component>
      <object_component id="oc-607">
         <name>__TI_cinit_table</name>
         <load_address>0x2390</load_address>
         <run_address>0x2390</run_address>
         <size>0x18</size>
      </object_component>
      <object_component id="oc-328">
         <name>.data:gpioPinConfigs</name>
         <load_address>0x200082e4</load_address>
         <run_address>0x200082e4</run_address>
         <size>0x4</size>
         <input_file_ref idref="fl-2"/>
      </object_component>
      <object_component id="oc-32b">
         <name>.data:gpioCallbackFunctions</name>
         <load_address>0x200082e0</load_address>
         <run_address>0x200082e0</run_address>
         <size>0x4</size>
         <input_file_ref idref="fl-2"/>
      </object_component>
      <object_component id="oc-1a6">
         <name>.data</name>
         <load_address>0x200082ed</load_address>
         <run_address>0x200082ed</run_address>
         <size>0x1</size>
         <input_file_ref idref="fl-3"/>
      </object_component>
      <object_component id="oc-21d">
         <name>.data</name>
         <load_address>0x200082eb</load_address>
         <run_address>0x200082eb</run_address>
         <size>0x2</size>
         <input_file_ref idref="fl-10"/>
      </object_component>
      <object_component id="oc-1dd">
         <name>.data:PowerMSP432_module</name>
         <load_address>0x20008280</load_address>
         <run_address>0x20008280</run_address>
         <size>0x2c</size>
         <input_file_ref idref="fl-11"/>
      </object_component>
      <object_component id="oc-29c">
         <name>.data:PowerMSP432_perfLevels</name>
         <load_address>0x20008140</load_address>
         <run_address>0x20008140</run_address>
         <size>0x140</size>
         <input_file_ref idref="fl-11"/>
      </object_component>
      <object_component id="oc-302">
         <name>.data</name>
         <load_address>0x200082e8</load_address>
         <run_address>0x200082e8</run_address>
         <size>0x3</size>
         <input_file_ref idref="fl-15"/>
      </object_component>
      <object_component id="oc-450">
         <name>.data:SemaphoreP_defaultParams</name>
         <load_address>0x200082c8</load_address>
         <run_address>0x200082c8</run_address>
         <size>0x8</size>
         <input_file_ref idref="fl-15"/>
      </object_component>
      <object_component id="oc-240">
         <name>.data</name>
         <load_address>0x200082d0</load_address>
         <run_address>0x200082d0</run_address>
         <size>0x8</size>
         <input_file_ref idref="fl-17"/>
      </object_component>
      <object_component id="oc-4c3">
         <name>.data</name>
         <load_address>0x200082ef</load_address>
         <run_address>0x200082ef</run_address>
         <size>0x1</size>
         <input_file_ref idref="fl-18"/>
      </object_component>
      <object_component id="oc-4ad">
         <name>.data:TimerP_defaultParams</name>
         <load_address>0x200082ac</load_address>
         <run_address>0x200082ac</run_address>
         <size>0xc</size>
         <input_file_ref idref="fl-18"/>
      </object_component>
      <object_component id="oc-414">
         <name>.data:HwiP_dispatchTable</name>
         <load_address>0x20008000</load_address>
         <run_address>0x20008000</run_address>
         <size>0x140</size>
         <input_file_ref idref="fl-19"/>
      </object_component>
      <object_component id="oc-411">
         <name>.data</name>
         <load_address>0x200082d8</load_address>
         <run_address>0x200082d8</run_address>
         <size>0x8</size>
         <input_file_ref idref="fl-19"/>
      </object_component>
      <object_component id="oc-49a">
         <name>.data</name>
         <load_address>0x200082ee</load_address>
         <run_address>0x200082ee</run_address>
         <size>0x1</size>
         <input_file_ref idref="fl-1c"/>
      </object_component>
      <object_component id="oc-4fd">
         <name>.data:$O1$$</name>
         <load_address>0x200082c0</load_address>
         <run_address>0x200082c0</run_address>
         <size>0x8</size>
         <input_file_ref idref="fl-dc"/>
      </object_component>
      <object_component id="oc-1af">
         <name>.data:$O1$$</name>
         <load_address>0x200082b8</load_address>
         <run_address>0x200082b8</run_address>
         <size>0x8</size>
         <input_file_ref idref="fl-e4"/>
      </object_component>
      <object_component id="oc-223">
         <name>.bss:gpioCallbackInfo</name>
         <uninitialized>true</uninitialized>
         <run_address>0x20008390</run_address>
         <size>0x30</size>
         <input_file_ref idref="fl-10"/>
      </object_component>
      <object_component id="oc-21c">
         <name>.bss</name>
         <uninitialized>true</uninitialized>
         <run_address>0x20008438</run_address>
         <size>0x4</size>
         <input_file_ref idref="fl-10"/>
      </object_component>
      <object_component id="oc-23a">
         <name>.bss:ClockP_module</name>
         <uninitialized>true</uninitialized>
         <run_address>0x200082f0</run_address>
         <size>0xa0</size>
         <input_file_ref idref="fl-17"/>
      </object_component>
      <object_component id="oc-368">
         <name>.bss:timerFreq</name>
         <uninitialized>true</uninitialized>
         <run_address>0x20008430</run_address>
         <size>0x8</size>
         <input_file_ref idref="fl-17"/>
      </object_component>
      <object_component id="oc-23d">
         <name>.bss</name>
         <uninitialized>true</uninitialized>
         <run_address>0x2000843c</run_address>
         <size>0x4</size>
         <input_file_ref idref="fl-17"/>
      </object_component>
      <object_component id="oc-4cf">
         <name>.bss</name>
         <uninitialized>true</uninitialized>
         <run_address>0x20008440</run_address>
         <size>0x4</size>
         <input_file_ref idref="fl-18"/>
      </object_component>
      <object_component id="oc-4c6">
         <name>.bss:TimerP_hwiStruct</name>
         <uninitialized>true</uninitialized>
         <run_address>0x200083fc</run_address>
         <size>0x1c</size>
         <input_file_ref idref="fl-18"/>
      </object_component>
      <object_component id="oc-4a0">
         <name>.bss</name>
         <uninitialized>true</uninitialized>
         <run_address>0x20008418</run_address>
         <size>0xd</size>
         <input_file_ref idref="fl-1c"/>
      </object_component>
      <object_component id="oc-4a3">
         <name>.bss:SwiP_hwiStruct</name>
         <uninitialized>true</uninitialized>
         <run_address>0x200083e0</run_address>
         <size>0x1c</size>
         <input_file_ref idref="fl-1c"/>
      </object_component>
      <object_component id="oc-49d">
         <name>.bss:SwiP_readyList</name>
         <uninitialized>true</uninitialized>
         <run_address>0x200083c0</run_address>
         <size>0x20</size>
         <input_file_ref idref="fl-1c"/>
      </object_component>
      <object_component id="oc-3b6">
         <name>.bss</name>
         <uninitialized>true</uninitialized>
         <run_address>0x20008428</run_address>
         <size>0x8</size>
         <input_file_ref idref="fl-1d"/>
      </object_component>
      <object_component id="oc-29">
         <name>.sysmem</name>
         <uninitialized>true</uninitialized>
         <run_address>0x20000000</run_address>
         <size>0x10</size>
         <input_file_ref idref="fl-dc"/>
      </object_component>
      <object_component id="oc-60d">
         <name>.sysmem</name>
         <uninitialized>true</uninitialized>
         <run_address>0x20000000</run_address>
         <size>0x0</size>
      </object_component>
      <object_component id="oc-2c">
         <name>.stack</name>
         <uninitialized>true</uninitialized>
         <run_address>0x2000f000</run_address>
         <size>0x4</size>
         <input_file_ref idref="fl-dd"/>
      </object_component>
      <object_component id="oc-60c">
         <name>.stack</name>
         <uninitialized>true</uninitialized>
         <run_address>0x2000f000</run_address>
         <size>0x0</size>
      </object_component>
      <object_component id="oc-26">
         <name>.intvecs:retain</name>
         <load_address>0x0</load_address>
         <run_address>0x0</run_address>
         <size>0x144</size>
         <input_file_ref idref="fl-1a"/>
      </object_component>
      <object_component id="oc-501">
         <name>.vtable</name>
         <uninitialized>true</uninitialized>
         <run_address>0x20008800</run_address>
         <size>0xe8</size>
         <input_file_ref idref="fl-1e"/>
      </object_component>
      <object_component id="oc-2cb">
         <name>.debug_info</name>
         <load_address>0x0</load_address>
         <run_address>0x0</run_address>
         <size>0x382</size>
         <input_file_ref idref="fl-2"/>
      </object_component>
      <object_component id="oc-329">
         <name>.debug_info</name>
         <load_address>0x382</load_address>
         <run_address>0x382</run_address>
         <size>0xea</size>
         <input_file_ref idref="fl-2"/>
      </object_component>
      <object_component id="oc-32c">
         <name>.debug_info</name>
         <load_address>0x46c</load_address>
         <run_address>0x46c</run_address>
         <size>0xf8</size>
         <input_file_ref idref="fl-2"/>
      </object_component>
      <object_component id="oc-221">
         <name>.debug_info</name>
         <load_address>0x564</load_address>
         <run_address>0x564</run_address>
         <size>0xf0</size>
         <input_file_ref idref="fl-2"/>
      </object_component>
      <object_component id="oc-1e1">
         <name>.debug_info</name>
         <load_address>0x654</load_address>
         <run_address>0x654</run_address>
         <size>0xf2</size>
         <input_file_ref idref="fl-2"/>
      </object_component>
      <object_component id="oc-188">
         <name>.debug_info</name>
         <load_address>0x746</load_address>
         <run_address>0x746</run_address>
         <size>0x136</size>
         <input_file_ref idref="fl-2"/>
      </object_component>
      <object_component id="oc-111">
         <name>.debug_info</name>
         <load_address>0x87c</load_address>
         <run_address>0x87c</run_address>
         <size>0x154</size>
         <input_file_ref idref="fl-2"/>
      </object_component>
      <object_component id="oc-441">
         <name>.debug_info</name>
         <load_address>0x9d0</load_address>
         <run_address>0x9d0</run_address>
         <size>0x9a</size>
         <input_file_ref idref="fl-2"/>
      </object_component>
      <object_component id="oc-446">
         <name>.debug_info</name>
         <load_address>0xa6a</load_address>
         <run_address>0xa6a</run_address>
         <size>0x4dc</size>
         <input_file_ref idref="fl-2"/>
      </object_component>
      <object_component id="oc-253">
         <name>.debug_info</name>
         <load_address>0xf46</load_address>
         <run_address>0xf46</run_address>
         <size>0x26b</size>
         <input_file_ref idref="fl-2"/>
      </object_component>
      <object_component id="oc-3df">
         <name>.debug_info</name>
         <load_address>0x11b1</load_address>
         <run_address>0x11b1</run_address>
         <size>0xa1</size>
         <input_file_ref idref="fl-2"/>
      </object_component>
      <object_component id="oc-536">
         <name>.debug_info</name>
         <load_address>0x1252</load_address>
         <run_address>0x1252</run_address>
         <size>0xb6</size>
         <input_file_ref idref="fl-2"/>
      </object_component>
      <object_component id="oc-9d">
         <name>.debug_info</name>
         <load_address>0x1308</load_address>
         <run_address>0x1308</run_address>
         <size>0x8b</size>
         <input_file_ref idref="fl-2"/>
      </object_component>
      <object_component id="oc-44b">
         <name>.debug_info</name>
         <load_address>0x1393</load_address>
         <run_address>0x1393</run_address>
         <size>0x3b</size>
         <input_file_ref idref="fl-2"/>
      </object_component>
      <object_component id="oc-3a2">
         <name>.debug_info</name>
         <load_address>0x13ce</load_address>
         <run_address>0x13ce</run_address>
         <size>0x2a4</size>
         <input_file_ref idref="fl-2"/>
      </object_component>
      <object_component id="oc-24e">
         <name>.debug_info</name>
         <load_address>0x1672</load_address>
         <run_address>0x1672</run_address>
         <size>0xef</size>
         <input_file_ref idref="fl-2"/>
      </object_component>
      <object_component id="oc-247">
         <name>.debug_info</name>
         <load_address>0x1761</load_address>
         <run_address>0x1761</run_address>
         <size>0xbb</size>
         <input_file_ref idref="fl-2"/>
      </object_component>
      <object_component id="oc-55b">
         <name>.debug_info</name>
         <load_address>0x181c</load_address>
         <run_address>0x181c</run_address>
         <size>0x53</size>
         <input_file_ref idref="fl-2"/>
      </object_component>
      <object_component id="oc-1aa">
         <name>.debug_info</name>
         <load_address>0x186f</load_address>
         <run_address>0x186f</run_address>
         <size>0x2d1</size>
         <input_file_ref idref="fl-3"/>
      </object_component>
      <object_component id="oc-1a7">
         <name>.debug_info</name>
         <load_address>0x1b40</load_address>
         <run_address>0x1b40</run_address>
         <size>0xd0</size>
         <input_file_ref idref="fl-3"/>
      </object_component>
      <object_component id="oc-11c">
         <name>.debug_info</name>
         <load_address>0x1c10</load_address>
         <run_address>0x1c10</run_address>
         <size>0x14e</size>
         <input_file_ref idref="fl-3"/>
      </object_component>
      <object_component id="oc-35">
         <name>.debug_info</name>
         <load_address>0x1d5e</load_address>
         <run_address>0x1d5e</run_address>
         <size>0x84</size>
         <input_file_ref idref="fl-3"/>
      </object_component>
      <object_component id="oc-258">
         <name>.debug_info</name>
         <load_address>0x1de2</load_address>
         <run_address>0x1de2</run_address>
         <size>0x53</size>
         <input_file_ref idref="fl-3"/>
      </object_component>
      <object_component id="oc-f8">
         <name>.debug_info</name>
         <load_address>0x1e35</load_address>
         <run_address>0x1e35</run_address>
         <size>0x137</size>
         <input_file_ref idref="fl-4"/>
      </object_component>
      <object_component id="oc-108">
         <name>.debug_info</name>
         <load_address>0x1f6c</load_address>
         <run_address>0x1f6c</run_address>
         <size>0x7d2</size>
         <input_file_ref idref="fl-10"/>
      </object_component>
      <object_component id="oc-315">
         <name>.debug_info</name>
         <load_address>0x273e</load_address>
         <run_address>0x273e</run_address>
         <size>0x114</size>
         <input_file_ref idref="fl-10"/>
      </object_component>
      <object_component id="oc-30c">
         <name>.debug_info</name>
         <load_address>0x2852</load_address>
         <run_address>0x2852</run_address>
         <size>0x11a</size>
         <input_file_ref idref="fl-10"/>
      </object_component>
      <object_component id="oc-224">
         <name>.debug_info</name>
         <load_address>0x296c</load_address>
         <run_address>0x296c</run_address>
         <size>0x11a</size>
         <input_file_ref idref="fl-10"/>
      </object_component>
      <object_component id="oc-21e">
         <name>.debug_info</name>
         <load_address>0x2a86</load_address>
         <run_address>0x2a86</run_address>
         <size>0x148</size>
         <input_file_ref idref="fl-10"/>
      </object_component>
      <object_component id="oc-311">
         <name>.debug_info</name>
         <load_address>0x2bce</load_address>
         <run_address>0x2bce</run_address>
         <size>0x1ee</size>
         <input_file_ref idref="fl-10"/>
      </object_component>
      <object_component id="oc-19d">
         <name>.debug_info</name>
         <load_address>0x2dbc</load_address>
         <run_address>0x2dbc</run_address>
         <size>0x1c5</size>
         <input_file_ref idref="fl-10"/>
      </object_component>
      <object_component id="oc-20c">
         <name>.debug_info</name>
         <load_address>0x2f81</load_address>
         <run_address>0x2f81</run_address>
         <size>0x32f</size>
         <input_file_ref idref="fl-10"/>
      </object_component>
      <object_component id="oc-212">
         <name>.debug_info</name>
         <load_address>0x32b0</load_address>
         <run_address>0x32b0</run_address>
         <size>0x206</size>
         <input_file_ref idref="fl-10"/>
      </object_component>
      <object_component id="oc-196">
         <name>.debug_info</name>
         <load_address>0x34b6</load_address>
         <run_address>0x34b6</run_address>
         <size>0x253</size>
         <input_file_ref idref="fl-10"/>
      </object_component>
      <object_component id="oc-167">
         <name>.debug_info</name>
         <load_address>0x3709</load_address>
         <run_address>0x3709</run_address>
         <size>0x100</size>
         <input_file_ref idref="fl-10"/>
      </object_component>
      <object_component id="oc-162">
         <name>.debug_info</name>
         <load_address>0x3809</load_address>
         <run_address>0x3809</run_address>
         <size>0xf8</size>
         <input_file_ref idref="fl-10"/>
      </object_component>
      <object_component id="oc-16c">
         <name>.debug_info</name>
         <load_address>0x3901</load_address>
         <run_address>0x3901</run_address>
         <size>0x9d</size>
         <input_file_ref idref="fl-10"/>
      </object_component>
      <object_component id="oc-171">
         <name>.debug_info</name>
         <load_address>0x399e</load_address>
         <run_address>0x399e</run_address>
         <size>0x9a</size>
         <input_file_ref idref="fl-10"/>
      </object_component>
      <object_component id="oc-cf">
         <name>.debug_info</name>
         <load_address>0x3a38</load_address>
         <run_address>0x3a38</run_address>
         <size>0x26b</size>
         <input_file_ref idref="fl-10"/>
      </object_component>
      <object_component id="oc-c5">
         <name>.debug_info</name>
         <load_address>0x3ca3</load_address>
         <run_address>0x3ca3</run_address>
         <size>0x1028</size>
         <input_file_ref idref="fl-10"/>
      </object_component>
      <object_component id="oc-c0">
         <name>.debug_info</name>
         <load_address>0x4ccb</load_address>
         <run_address>0x4ccb</run_address>
         <size>0x37e2</size>
         <input_file_ref idref="fl-10"/>
      </object_component>
      <object_component id="oc-17b">
         <name>.debug_info</name>
         <load_address>0x84ad</load_address>
         <run_address>0x84ad</run_address>
         <size>0x3b</size>
         <input_file_ref idref="fl-10"/>
      </object_component>
      <object_component id="oc-109">
         <name>.debug_info</name>
         <load_address>0x84e8</load_address>
         <run_address>0x84e8</run_address>
         <size>0x297</size>
         <input_file_ref idref="fl-10"/>
      </object_component>
      <object_component id="oc-176">
         <name>.debug_info</name>
         <load_address>0x877f</load_address>
         <run_address>0x877f</run_address>
         <size>0xef</size>
         <input_file_ref idref="fl-10"/>
      </object_component>
      <object_component id="oc-ca">
         <name>.debug_info</name>
         <load_address>0x886e</load_address>
         <run_address>0x886e</run_address>
         <size>0xbb</size>
         <input_file_ref idref="fl-10"/>
      </object_component>
      <object_component id="oc-2a5">
         <name>.debug_info</name>
         <load_address>0x8929</load_address>
         <run_address>0x8929</run_address>
         <size>0x947</size>
         <input_file_ref idref="fl-11"/>
      </object_component>
      <object_component id="oc-1de">
         <name>.debug_info</name>
         <load_address>0x9270</load_address>
         <run_address>0x9270</run_address>
         <size>0x121</size>
         <input_file_ref idref="fl-11"/>
      </object_component>
      <object_component id="oc-29d">
         <name>.debug_info</name>
         <load_address>0x9391</load_address>
         <run_address>0x9391</run_address>
         <size>0x129</size>
         <input_file_ref idref="fl-11"/>
      </object_component>
      <object_component id="oc-51f">
         <name>.debug_info</name>
         <load_address>0x94ba</load_address>
         <run_address>0x94ba</run_address>
         <size>0x1cd</size>
         <input_file_ref idref="fl-11"/>
      </object_component>
      <object_component id="oc-524">
         <name>.debug_info</name>
         <load_address>0x9687</load_address>
         <run_address>0x9687</run_address>
         <size>0x170</size>
         <input_file_ref idref="fl-11"/>
      </object_component>
      <object_component id="oc-52a">
         <name>.debug_info</name>
         <load_address>0x97f7</load_address>
         <run_address>0x97f7</run_address>
         <size>0x1aa</size>
         <input_file_ref idref="fl-11"/>
      </object_component>
      <object_component id="oc-434">
         <name>.debug_info</name>
         <load_address>0x99a1</load_address>
         <run_address>0x99a1</run_address>
         <size>0x515</size>
         <input_file_ref idref="fl-11"/>
      </object_component>
      <object_component id="oc-42f">
         <name>.debug_info</name>
         <load_address>0x9eb6</load_address>
         <run_address>0x9eb6</run_address>
         <size>0x170</size>
         <input_file_ref idref="fl-11"/>
      </object_component>
      <object_component id="oc-287">
         <name>.debug_info</name>
         <load_address>0xa026</load_address>
         <run_address>0xa026</run_address>
         <size>0x185</size>
         <input_file_ref idref="fl-11"/>
      </object_component>
      <object_component id="oc-1ce">
         <name>.debug_info</name>
         <load_address>0xa1ab</load_address>
         <run_address>0xa1ab</run_address>
         <size>0x353</size>
         <input_file_ref idref="fl-11"/>
      </object_component>
      <object_component id="oc-183">
         <name>.debug_info</name>
         <load_address>0xa4fe</load_address>
         <run_address>0xa4fe</run_address>
         <size>0x1c6</size>
         <input_file_ref idref="fl-11"/>
      </object_component>
      <object_component id="oc-53e">
         <name>.debug_info</name>
         <load_address>0xa6c4</load_address>
         <run_address>0xa6c4</run_address>
         <size>0x161</size>
         <input_file_ref idref="fl-11"/>
      </object_component>
      <object_component id="oc-2ed">
         <name>.debug_info</name>
         <load_address>0xa825</load_address>
         <run_address>0xa825</run_address>
         <size>0x162</size>
         <input_file_ref idref="fl-11"/>
      </object_component>
      <object_component id="oc-322">
         <name>.debug_info</name>
         <load_address>0xa987</load_address>
         <run_address>0xa987</run_address>
         <size>0x189</size>
         <input_file_ref idref="fl-11"/>
      </object_component>
      <object_component id="oc-2a0">
         <name>.debug_info</name>
         <load_address>0xab10</load_address>
         <run_address>0xab10</run_address>
         <size>0x4dc</size>
         <input_file_ref idref="fl-11"/>
      </object_component>
      <object_component id="oc-3da">
         <name>.debug_info</name>
         <load_address>0xafec</load_address>
         <run_address>0xafec</run_address>
         <size>0xb6</size>
         <input_file_ref idref="fl-11"/>
      </object_component>
      <object_component id="oc-3e6">
         <name>.debug_info</name>
         <load_address>0xb0a2</load_address>
         <run_address>0xb0a2</run_address>
         <size>0x37e2</size>
         <input_file_ref idref="fl-11"/>
      </object_component>
      <object_component id="oc-487">
         <name>.debug_info</name>
         <load_address>0xe884</load_address>
         <run_address>0xe884</run_address>
         <size>0x30a</size>
         <input_file_ref idref="fl-13"/>
      </object_component>
      <object_component id="oc-306">
         <name>.debug_info</name>
         <load_address>0xeb8e</load_address>
         <run_address>0xeb8e</run_address>
         <size>0x137</size>
         <input_file_ref idref="fl-13"/>
      </object_component>
      <object_component id="oc-2da">
         <name>.debug_info</name>
         <load_address>0xecc5</load_address>
         <run_address>0xecc5</run_address>
         <size>0x57a</size>
         <input_file_ref idref="fl-15"/>
      </object_component>
      <object_component id="oc-303">
         <name>.debug_info</name>
         <load_address>0xf23f</load_address>
         <run_address>0xf23f</run_address>
         <size>0x180</size>
         <input_file_ref idref="fl-15"/>
      </object_component>
      <object_component id="oc-451">
         <name>.debug_info</name>
         <load_address>0xf3bf</load_address>
         <run_address>0xf3bf</run_address>
         <size>0x12d</size>
         <input_file_ref idref="fl-15"/>
      </object_component>
      <object_component id="oc-2fe">
         <name>.debug_info</name>
         <load_address>0xf4ec</load_address>
         <run_address>0xf4ec</run_address>
         <size>0x15e</size>
         <input_file_ref idref="fl-15"/>
      </object_component>
      <object_component id="oc-218">
         <name>.debug_info</name>
         <load_address>0xf64a</load_address>
         <run_address>0xf64a</run_address>
         <size>0x1ee</size>
         <input_file_ref idref="fl-15"/>
      </object_component>
      <object_component id="oc-206">
         <name>.debug_info</name>
         <load_address>0xf838</load_address>
         <run_address>0xf838</run_address>
         <size>0x2c6</size>
         <input_file_ref idref="fl-15"/>
      </object_component>
      <object_component id="oc-386">
         <name>.debug_info</name>
         <load_address>0xfafe</load_address>
         <run_address>0xfafe</run_address>
         <size>0x17e</size>
         <input_file_ref idref="fl-15"/>
      </object_component>
      <object_component id="oc-200">
         <name>.debug_info</name>
         <load_address>0xfc7c</load_address>
         <run_address>0xfc7c</run_address>
         <size>0x180</size>
         <input_file_ref idref="fl-15"/>
      </object_component>
      <object_component id="oc-2cf">
         <name>.debug_info</name>
         <load_address>0xfdfc</load_address>
         <run_address>0xfdfc</run_address>
         <size>0x184</size>
         <input_file_ref idref="fl-15"/>
      </object_component>
      <object_component id="oc-380">
         <name>.debug_info</name>
         <load_address>0xff80</load_address>
         <run_address>0xff80</run_address>
         <size>0x238</size>
         <input_file_ref idref="fl-15"/>
      </object_component>
      <object_component id="oc-2d5">
         <name>.debug_info</name>
         <load_address>0x101b8</load_address>
         <run_address>0x101b8</run_address>
         <size>0x1e1</size>
         <input_file_ref idref="fl-15"/>
      </object_component>
      <object_component id="oc-1ee">
         <name>.debug_info</name>
         <load_address>0x10399</load_address>
         <run_address>0x10399</run_address>
         <size>0x1e6</size>
         <input_file_ref idref="fl-15"/>
      </object_component>
      <object_component id="oc-45c">
         <name>.debug_info</name>
         <load_address>0x1057f</load_address>
         <run_address>0x1057f</run_address>
         <size>0x76</size>
         <input_file_ref idref="fl-15"/>
      </object_component>
      <object_component id="oc-457">
         <name>.debug_info</name>
         <load_address>0x105f5</load_address>
         <run_address>0x105f5</run_address>
         <size>0xcc</size>
         <input_file_ref idref="fl-15"/>
      </object_component>
      <object_component id="oc-3d6">
         <name>.debug_info</name>
         <load_address>0x106c1</load_address>
         <run_address>0x106c1</run_address>
         <size>0x496</size>
         <input_file_ref idref="fl-16"/>
      </object_component>
      <object_component id="oc-297">
         <name>.debug_info</name>
         <load_address>0x10b57</load_address>
         <run_address>0x10b57</run_address>
         <size>0x187</size>
         <input_file_ref idref="fl-16"/>
      </object_component>
      <object_component id="oc-2c4">
         <name>.debug_info</name>
         <load_address>0x10cde</load_address>
         <run_address>0x10cde</run_address>
         <size>0x25f</size>
         <input_file_ref idref="fl-16"/>
      </object_component>
      <object_component id="oc-2bf">
         <name>.debug_info</name>
         <load_address>0x10f3d</load_address>
         <run_address>0x10f3d</run_address>
         <size>0x172</size>
         <input_file_ref idref="fl-16"/>
      </object_component>
      <object_component id="oc-36c">
         <name>.debug_info</name>
         <load_address>0x110af</load_address>
         <run_address>0x110af</run_address>
         <size>0x10c</size>
         <input_file_ref idref="fl-16"/>
      </object_component>
      <object_component id="oc-244">
         <name>.debug_info</name>
         <load_address>0x111bb</load_address>
         <run_address>0x111bb</run_address>
         <size>0x800</size>
         <input_file_ref idref="fl-17"/>
      </object_component>
      <object_component id="oc-23b">
         <name>.debug_info</name>
         <load_address>0x119bb</load_address>
         <run_address>0x119bb</run_address>
         <size>0x117</size>
         <input_file_ref idref="fl-17"/>
      </object_component>
      <object_component id="oc-241">
         <name>.debug_info</name>
         <load_address>0x11ad2</load_address>
         <run_address>0x11ad2</run_address>
         <size>0x154</size>
         <input_file_ref idref="fl-17"/>
      </object_component>
      <object_component id="oc-369">
         <name>.debug_info</name>
         <load_address>0x11c26</load_address>
         <run_address>0x11c26</run_address>
         <size>0x10f</size>
         <input_file_ref idref="fl-17"/>
      </object_component>
      <object_component id="oc-23e">
         <name>.debug_info</name>
         <load_address>0x11d35</load_address>
         <run_address>0x11d35</run_address>
         <size>0x11f</size>
         <input_file_ref idref="fl-17"/>
      </object_component>
      <object_component id="oc-364">
         <name>.debug_info</name>
         <load_address>0x11e54</load_address>
         <run_address>0x11e54</run_address>
         <size>0x16e</size>
         <input_file_ref idref="fl-17"/>
      </object_component>
      <object_component id="oc-4d7">
         <name>.debug_info</name>
         <load_address>0x11fc2</load_address>
         <run_address>0x11fc2</run_address>
         <size>0x23d</size>
         <input_file_ref idref="fl-17"/>
      </object_component>
      <object_component id="oc-470">
         <name>.debug_info</name>
         <load_address>0x121ff</load_address>
         <run_address>0x121ff</run_address>
         <size>0x1f5</size>
         <input_file_ref idref="fl-17"/>
      </object_component>
      <object_component id="oc-35e">
         <name>.debug_info</name>
         <load_address>0x123f4</load_address>
         <run_address>0x123f4</run_address>
         <size>0x365</size>
         <input_file_ref idref="fl-17"/>
      </object_component>
      <object_component id="oc-22a">
         <name>.debug_info</name>
         <load_address>0x12759</load_address>
         <run_address>0x12759</run_address>
         <size>0x23a</size>
         <input_file_ref idref="fl-17"/>
      </object_component>
      <object_component id="oc-236">
         <name>.debug_info</name>
         <load_address>0x12993</load_address>
         <run_address>0x12993</run_address>
         <size>0x1e9</size>
         <input_file_ref idref="fl-17"/>
      </object_component>
      <object_component id="oc-1a2">
         <name>.debug_info</name>
         <load_address>0x12b7c</load_address>
         <run_address>0x12b7c</run_address>
         <size>0x247</size>
         <input_file_ref idref="fl-17"/>
      </object_component>
      <object_component id="oc-476">
         <name>.debug_info</name>
         <load_address>0x12dc3</load_address>
         <run_address>0x12dc3</run_address>
         <size>0x1d2</size>
         <input_file_ref idref="fl-17"/>
      </object_component>
      <object_component id="oc-2e6">
         <name>.debug_info</name>
         <load_address>0x12f95</load_address>
         <run_address>0x12f95</run_address>
         <size>0x2b0</size>
         <input_file_ref idref="fl-17"/>
      </object_component>
      <object_component id="oc-2f2">
         <name>.debug_info</name>
         <load_address>0x13245</load_address>
         <run_address>0x13245</run_address>
         <size>0x195</size>
         <input_file_ref idref="fl-17"/>
      </object_component>
      <object_component id="oc-2f8">
         <name>.debug_info</name>
         <load_address>0x133da</load_address>
         <run_address>0x133da</run_address>
         <size>0x1ce</size>
         <input_file_ref idref="fl-17"/>
      </object_component>
      <object_component id="oc-2e0">
         <name>.debug_info</name>
         <load_address>0x135a8</load_address>
         <run_address>0x135a8</run_address>
         <size>0x202</size>
         <input_file_ref idref="fl-17"/>
      </object_component>
      <object_component id="oc-371">
         <name>.debug_info</name>
         <load_address>0x137aa</load_address>
         <run_address>0x137aa</run_address>
         <size>0x168</size>
         <input_file_ref idref="fl-17"/>
[...]
      <symbol id="sm-b4">
         <name>ledStatus</name>
         <value>0x200082ed</value>
         <object_component_ref idref="oc-1a6"/>
      </symbol>
      <symbol id="sm-bf">
         <name>main</name>
         <value>0x209f</value>
         <object_component_ref idref="oc-f6"/>
      </symbol>
      <symbol id="sm-171">
         <name>GPIO_setConfig</name>
         <value>0x6c5</value>
         <object_component_ref idref="oc-20a"/>
      </symbol>
      <symbol id="sm-172">
         <name>GPIO_init</name>
         <value>0xfd1</value>
         <object_component_ref idref="oc-194"/>
      </symbol>
      <symbol id="sm-173">
         <name>GPIO_toggle</name>
         <value>0x1cb9</value>
         <object_component_ref idref="oc-19a"/>
      </symbol>
      <symbol id="sm-174">
         <name>GPIO_setCallback</name>
         <value>0x18d9</value>
         <object_component_ref idref="oc-210"/>
      </symbol>
      <symbol id="sm-175">
         <name>GPIO_hwiIntFxn</name>
         <value>0x1739</value>
         <object_component_ref idref="oc-30e"/>
      </symbol>
      <symbol id="sm-24c">
         <name>Power_sleep</name>
         <value>0x145</value>
         <object_component_ref idref="oc-432"/>
      </symbol>
      <symbol id="sm-24d">
         <name>Power_idleFunc</name>
         <value>0x2051</value>
         <object_component_ref idref="oc-53b"/>
      </symbol>
      <symbol id="sm-24e">
         <name>Power_getConstraintMask</name>
         <value>0x21ad</value>
         <object_component_ref idref="oc-42c"/>
      </symbol>
      <symbol id="sm-24f">
         <name>Power_disablePolicy</name>
         <value>0x20e1</value>
         <object_component_ref idref="oc-31f"/>
      </symbol>
      <symbol id="sm-250">
         <name>Power_init</name>
         <value>0x111d</value>
         <object_component_ref idref="oc-180"/>
      </symbol>
      <symbol id="sm-251">
         <name>PowerMSP432_module</name>
         <value>0x20008280</value>
         <object_component_ref idref="oc-1dd"/>
      </symbol>
      <symbol id="sm-252">
         <name>Power_enablePolicy</name>
         <value>0x20f1</value>
         <object_component_ref idref="oc-2ea"/>
      </symbol>
      <symbol id="sm-253">
         <name>PowerMSP432_perfLevels</name>
         <value>0x20008140</value>
         <object_component_ref idref="oc-29c"/>
      </symbol>
      <symbol id="sm-2e0">
         <name>SemaphoreP_defaultParams</name>
         <value>0x200082c8</value>
         <object_component_ref idref="oc-450"/>
      </symbol>
      <symbol id="sm-2e1">
         <name>SemaphoreP_construct</name>
         <value>0x1a95</value>
         <object_component_ref idref="oc-37e"/>
      </symbol>
      <symbol id="sm-2e2">
         <name>SemaphoreP_create</name>
         <value>0x2025</value>
         <object_component_ref idref="oc-2d3"/>
      </symbol>
      <symbol id="sm-2e3">
         <name>SemaphoreP_destruct</name>
         <value>0x220b</value>
         <object_component_ref idref="oc-384"/>
      </symbol>
      <symbol id="sm-2e4">
         <name>SemaphoreP_post</name>
         <value>0x1b2d</value>
         <object_component_ref idref="oc-216"/>
      </symbol>
      <symbol id="sm-2e5">
         <name>SemaphoreP_pend</name>
         <value>0x107d</value>
         <object_component_ref idref="oc-204"/>
      </symbol>
      <symbol id="sm-2e6">
         <name>SemaphoreP_delete</name>
         <value>0x21fb</value>
         <object_component_ref idref="oc-1fe"/>
      </symbol>
      <symbol id="sm-2e7">
         <name>SemaphoreP_createBinary</name>
         <value>0x1f93</value>
         <object_component_ref idref="oc-1ec"/>
      </symbol>
      <symbol id="sm-2e8">
         <name>SemaphoreP_Params_init</name>
         <value>0x2101</value>
         <object_component_ref idref="oc-2cd"/>
      </symbol>
      <symbol id="sm-2e9">
         <name>clkFxn</name>
         <value>0x2211</value>
         <object_component_ref idref="oc-2fc"/>
      </symbol>
      <symbol id="sm-312">
         <name>PowerMSP432_initPolicy</name>
         <value>0x1dbb</value>
         <object_component_ref idref="oc-2bd"/>
      </symbol>
      <symbol id="sm-313">
         <name>PowerMSP432_updateFreqs</name>
         <value>0x219f</value>
         <object_component_ref idref="oc-296"/>
      </symbol>
      <symbol id="sm-314">
         <name>PowerMSP432_sleepPolicy</name>
         <value>0x1ae5</value>
         <object_component_ref idref="oc-2c3"/>
      </symbol>
      <symbol id="sm-3d4">
         <name>ClockP_doTick</name>
         <value>0x21a1</value>
         <object_component_ref idref="oc-362"/>
      </symbol>
      <symbol id="sm-3d5">
         <name>ClockP_startup</name>
         <value>0xe71</value>
         <object_component_ref idref="oc-228"/>
      </symbol>
      <symbol id="sm-3d6">
         <name>ClockP_scheduleNextTick</name>
         <value>0x1e59</value>
         <object_component_ref idref="oc-46e"/>
      </symbol>
      <symbol id="sm-3d7">
         <name>ClockP_tickPeriod</name>
         <value>0x200082d4</value>
         <object_component_ref idref="oc-240"/>
      </symbol>
      <symbol id="sm-3d8">
         <name>ClockP_usleep</name>
         <value>0x16d1</value>
         <object_component_ref idref="oc-1a0"/>
      </symbol>
      <symbol id="sm-3d9">
         <name>ClockP_workFuncDynamic</name>
         <value>0xf25</value>
         <object_component_ref idref="oc-35c"/>
      </symbol>
      <symbol id="sm-3da">
         <name>ClockP_walkQueueDynamic</name>
         <value>0x150d</value>
         <object_component_ref idref="oc-4d5"/>
      </symbol>
      <symbol id="sm-3db">
         <name>ClockP_destruct</name>
         <value>0x1fad</value>
         <object_component_ref idref="oc-2f6"/>
      </symbol>
      <symbol id="sm-3dc">
         <name>ClockP_start</name>
         <value>0x140d</value>
         <object_component_ref idref="oc-2e4"/>
      </symbol>
      <symbol id="sm-3dd">
         <name>ClockP_isActive</name>
         <value>0x21e7</value>
         <object_component_ref idref="oc-2f0"/>
      </symbol>
      <symbol id="sm-3de">
         <name>ClockP_getTicks</name>
         <value>0x1e35</value>
         <object_component_ref idref="oc-474"/>
      </symbol>
      <symbol id="sm-3df">
         <name>ClockP_add</name>
         <value>0x1ee5</value>
         <object_component_ref idref="oc-2de"/>
      </symbol>
      <symbol id="sm-47e">
         <name>TimerP_setNextTick</name>
         <value>0x1c3d</value>
         <object_component_ref idref="oc-54a"/>
      </symbol>
      <symbol id="sm-47f">
         <name>TimerP_getCurrentTick</name>
         <value>0x1665</value>
         <object_component_ref idref="oc-468"/>
      </symbol>
      <symbol id="sm-480">
         <name>TimerP_setPeriod</name>
         <value>0x21ff</value>
         <object_component_ref idref="oc-4b7"/>
      </symbol>
      <symbol id="sm-481">
         <name>TimerP_getCount64</name>
         <value>0x1a41</value>
         <object_component_ref idref="oc-22e"/>
      </symbol>
      <symbol id="sm-482">
         <name>TimerP_dynamicStub</name>
         <value>0x1995</value>
         <object_component_ref idref="oc-4c9"/>
      </symbol>
      <symbol id="sm-483">
         <name>TimerP_getMaxTicks</name>
         <value>0x21c5</value>
         <object_component_ref idref="oc-350"/>
      </symbol>
      <symbol id="sm-484">
         <name>TimerP_construct</name>
         <value>0xbdd</value>
         <object_component_ref idref="oc-34a"/>
      </symbol>
      <symbol id="sm-485">
         <name>TimerP_getFreq</name>
         <value>0x21b9</value>
         <object_component_ref idref="oc-356"/>
      </symbol>
      <symbol id="sm-486">
         <name>TimerP_initDevice</name>
         <value>0x1c7d</value>
         <object_component_ref idref="oc-4b1"/>
      </symbol>
      <symbol id="sm-487">
         <name>TimerP_start</name>
         <value>0x1bb5</value>
         <object_component_ref idref="oc-4bd"/>
      </symbol>
      <symbol id="sm-488">
         <name>TimerP_Params_init</name>
         <value>0x2141</value>
         <object_component_ref idref="oc-344"/>
      </symbol>
      <symbol id="sm-4fa">
         <name>HwiP_construct</name>
         <value>0x1585</value>
         <object_component_ref idref="oc-2ae"/>
      </symbol>
      <symbol id="sm-4fb">
         <name>HwiP_inISR</name>
         <value>0x1fc5</value>
         <object_component_ref idref="oc-319"/>
      </symbol>
      <symbol id="sm-4fc">
         <name>HwiP_dispatch</name>
         <value>0x1e7d</value>
         <object_component_ref idref="oc-40b"/>
      </symbol>
      <symbol id="sm-4fd">
         <name>HwiP_swiPIntNum</name>
         <value>0x200082dc</value>
         <object_component_ref idref="oc-411"/>
      </symbol>
      <symbol id="sm-4fe">
         <name>HwiP_Params_init</name>
         <value>0x208d</value>
         <object_component_ref idref="oc-1d1"/>
      </symbol>
      <symbol id="sm-4ff">
         <name>HwiP_disable</name>
         <value>0x20b1</value>
         <object_component_ref idref="oc-1f2"/>
      </symbol>
      <symbol id="sm-500">
         <name>HwiP_key</name>
         <value>0x200082d8</value>
         <object_component_ref idref="oc-411"/>
      </symbol>
      <symbol id="sm-501">
         <name>HwiP_create</name>
         <value>0x1d91</value>
         <object_component_ref idref="oc-1d7"/>
      </symbol>
      <symbol id="sm-502">
         <name>HwiP_post</name>
         <value>0x21ef</value>
         <object_component_ref idref="oc-52f"/>
      </symbol>
      <symbol id="sm-503">
         <name>HwiP_enable</name>
         <value>0x21eb</value>
         <object_component_ref idref="oc-115"/>
      </symbol>
      <symbol id="sm-504">
         <name>HwiP_restore</name>
         <value>0x21d1</value>
         <object_component_ref idref="oc-1f8"/>
      </symbol>
      <symbol id="sm-541">
         <name>resetISR</name>
         <value>0x200d</value>
         <object_component_ref idref="oc-1f"/>
      </symbol>
      <symbol id="sm-542">
         <name>interruptVectors</name>
         <value>0x0</value>
         <object_component_ref idref="oc-26"/>
      </symbol>
      <symbol id="sm-57f">
         <name>QueueP_next</name>
         <value>0x21f7</value>
         <object_component_ref idref="oc-581"/>
      </symbol>
      <symbol id="sm-580">
         <name>QueueP_put</name>
         <value>0x1f05</value>
         <object_component_ref idref="oc-461"/>
      </symbol>
      <symbol id="sm-581">
         <name>QueueP_remove</name>
         <value>0x215f</value>
         <object_component_ref idref="oc-47d"/>
      </symbol>
      <symbol id="sm-582">
         <name>QueueP_head</name>
         <value>0x21f3</value>
         <object_component_ref idref="oc-57b"/>
      </symbol>
      <symbol id="sm-583">
         <name>QueueP_init</name>
         <value>0x21e1</value>
         <object_component_ref idref="oc-332"/>
      </symbol>
      <symbol id="sm-584">
         <name>QueueP_empty</name>
         <value>0x2151</value>
         <object_component_ref idref="oc-5bd"/>
      </symbol>
      <symbol id="sm-585">
         <name>QueueP_get</name>
         <value>0x1f79</value>
         <object_component_ref idref="oc-5b7"/>
      </symbol>
      <symbol id="sm-624">
         <name>SwiP_disable</name>
         <value>0x1f25</value>
         <object_component_ref idref="oc-426"/>
      </symbol>
      <symbol id="sm-625">
         <name>SwiP_restore</name>
         <value>0x1b71</value>
         <object_component_ref idref="oc-438"/>
      </symbol>
      <symbol id="sm-626">
         <name>SwiP_construct</name>
         <value>0xd99</value>
         <object_component_ref idref="oc-33e"/>
      </symbol>
      <symbol id="sm-627">
         <name>SwiP_Params_init</name>
         <value>0x2111</value>
         <object_component_ref idref="oc-338"/>
      </symbol>
      <symbol id="sm-628">
         <name>SwiP_post</name>
         <value>0x1809</value>
         <object_component_ref idref="oc-4dc"/>
      </symbol>
      <symbol id="sm-629">
         <name>SwiP_dispatch</name>
         <value>0x11b9</value>
         <object_component_ref idref="oc-568"/>
      </symbol>
      <symbol id="sm-6a2">
         <name>CS_setExternalClockSourceFrequency</name>
         <value>0x1ec5</value>
         <object_component_ref idref="oc-27e"/>
      </symbol>
      <symbol id="sm-6a3">
         <name>CS_startHFXTWithTimeout</name>
         <value>0x935</value>
         <object_component_ref idref="oc-28a"/>
      </symbol>
      <symbol id="sm-6a4">
         <name>CS_startLFXTWithTimeout</name>
         <value>0xafd</value>
         <object_component_ref idref="oc-290"/>
      </symbol>
      <symbol id="sm-70d">
         <name>Interrupt_disableMaster</name>
         <value>0x20c1</value>
         <object_component_ref idref="oc-52"/>
      </symbol>
      <symbol id="sm-70e">
         <name>Interrupt_setPriority</name>
         <value>0x19ed</value>
         <object_component_ref idref="oc-3ff"/>
      </symbol>
      <symbol id="sm-70f">
         <name>Interrupt_enableMaster</name>
         <value>0x20d1</value>
         <object_component_ref idref="oc-18d"/>
      </symbol>
      <symbol id="sm-710">
         <name>Interrupt_enableInterrupt</name>
         <value>0x148d</value>
         <object_component_ref idref="oc-405"/>
      </symbol>
      <symbol id="sm-711">
         <name>Interrupt_registerInterrupt</name>
         <value>0x1939</value>
         <object_component_ref idref="oc-3f9"/>
      </symbol>
      <symbol id="sm-712">
         <name>g_pfnRAMVectors</name>
         <value>0x20008800</value>
         <object_component_ref idref="oc-501"/>
      </symbol>
      <symbol id="sm-713">
         <name>Interrupt_pendInterrupt</name>
         <value>0x17a1</value>
         <object_component_ref idref="oc-5a2"/>
      </symbol>
      <symbol id="sm-71f">
         <name>SysCtl_getNMISourceStatus</name>
         <value>0x2131</value>
         <object_component_ref idref="oc-59b"/>
      </symbol>
      <symbol id="sm-73f">
         <name>SysCtl_A_enableNMISource</name>
         <value>0x1ff5</value>
         <object_component_ref idref="oc-3cd"/>
      </symbol>
      <symbol id="sm-740">
         <name>SysCtl_A_getNMISourceStatus</name>
         <value>0x2121</value>
         <object_component_ref idref="oc-3bb"/>
      </symbol>
      <symbol id="sm-741">
         <name>SysCtl_A_disableNMISource</name>
         <value>0x1fdd</value>
         <object_component_ref idref="oc-3c1"/>
      </symbol>
      <symbol id="sm-753">
         <name>CPU_cpsie</name>
         <value>0x2193</value>
         <object_component_ref idref="oc-1e5"/>
      </symbol>
      <symbol id="sm-754">
         <name>CPU_cpsid</name>
         <value>0x2187</value>
         <object_component_ref idref="oc-96"/>
      </symbol>
      <symbol id="sm-76f">
         <name>memcpy</name>
         <value>0x1255</value>
         <object_component_ref idref="oc-3a"/>
      </symbol>
      <symbol id="sm-770">
         <name>__aeabi_memcpy</name>
         <value>0x1255</value>
         <object_component_ref idref="oc-3a"/>
      </symbol>
      <symbol id="sm-771">
         <name>__aeabi_memcpy8</name>
         <value>0x1255</value>
         <object_component_ref idref="oc-3a"/>
      </symbol>
      <symbol id="sm-772">
         <name>__aeabi_memcpy4</name>
         <value>0x1255</value>
         <object_component_ref idref="oc-3a"/>
      </symbol>
      <symbol id="sm-77f">
         <name>__aeabi_uldivmod</name>
         <value>0x12f1</value>
         <object_component_ref idref="oc-544"/>
      </symbol>
      <symbol id="sm-798">
         <name>__TI_zero_init_nomemset</name>
         <value>0x1f41</value>
         <object_component_ref idref="oc-46"/>
      </symbol>
      <symbol id="sm-7af">
         <name>__TI_decompress_none</name>
         <value>0x216d</value>
         <object_component_ref idref="oc-18"/>
      </symbol>
      <symbol id="sm-7d2">
         <name>__TI_decompress_lzss</name>
         <value>0x1871</value>
         <object_component_ref idref="oc-12"/>
      </symbol>
      <symbol id="sm-85b">
         <name>_sys_memory</name>
         <value>0x20000000</value>
         <object_component_ref idref="oc-29"/>
      </symbol>
      <symbol id="sm-85c">
         <name>free</name>
         <value>0xa19</value>
         <object_component_ref idref="oc-2b4"/>
      </symbol>
      <symbol id="sm-85d">
         <name>memalign</name>
         <value>0x835</value>
         <object_component_ref idref="oc-3f2"/>
      </symbol>
      <symbol id="sm-85e">
         <name>malloc</name>
         <value>0x21d9</value>
         <object_component_ref idref="oc-2a8"/>
      </symbol>
      <symbol id="sm-85f">
         <name>aligned_alloc</name>
         <value>0x835</value>
         <object_component_ref idref="oc-3f2"/>
      </symbol>
      <symbol id="sm-872">
         <name>__stack</name>
         <value>0x2000f000</value>
         <object_component_ref idref="oc-2c"/>
      </symbol>
      <symbol id="sm-873">
         <name>_c_int00_noargs</name>
         <value>0x1d29</value>
         <object_component_ref idref="oc-a8"/>
      </symbol>
      <symbol id="sm-87d">
         <name>__aeabi_idiv0</name>
         <value>0x2219</value>
         <object_component_ref idref="oc-5aa"/>
      </symbol>
      <symbol id="sm-87e">
         <name>__aeabi_ldiv0</name>
         <value>0x2219</value>
         <object_component_ref idref="oc-5aa"/>
      </symbol>
      <symbol id="sm-8a7">
         <name>__TI_auto_init_nobinit_nopinit</name>
         <value>0x1bf9</value>
         <object_component_ref idref="oc-12e"/>
      </symbol>
      <symbol id="sm-8b1">
         <name>_system_pre_init</name>
         <value>0x2203</value>
         <object_component_ref idref="oc-f0"/>
      </symbol>
      <symbol id="sm-8bd">
         <name>C$$EXIT</name>
         <value>0x2207</value>
         <object_component_ref idref="oc-122"/>
      </symbol>
      <symbol id="sm-8be">
         <name>abort</name>
         <value>0x2207</value>
         <object_component_ref idref="oc-122"/>
      </symbol>
      <symbol id="sm-8d3">
         <name>_nop</name>
         <value>0x220d</value>
         <object_component_ref idref="oc-25f"/>
      </symbol>
      <symbol id="sm-8d4">
         <name>_lock</name>
         <value>0x200082b8</value>
         <object_component_ref idref="oc-1af"/>
      </symbol>
      <symbol id="sm-8d5">
         <name>_unlock</name>
         <value>0x200082bc</value>
         <object_component_ref idref="oc-1af"/>
      </symbol>
      <symbol id="sm-8d7">
         <name>__TI_static_base__</name>
         <value>0x22e8</value>
      </symbol>
      <symbol id="sm-8da">
         <name>__mpu_init</name>
         <value>0x0</value>
      </symbol>
      <symbol id="sm-8db">
         <name>_system_post_cinit</name>
         <value>0x0</value>
      </symbol>
      <symbol id="sm-8dc">
         <name>usleep</name>
         <value>0x16d1</value>
      </symbol>
      <symbol id="sm-8dd">
         <name>NoRTOS_start</name>
         <value>0x21eb</value>
      </symbol>
   </symbol_table>
   <title>Link successful</title>
</link_info>
