<?xml version="1.0" encoding="ISO-8859-1" ?>
<link_info>
   <banner>TI ARM Linker PC v20.2.5.LTS</banner>
   <copyright>Copyright (c) 1996-2018 Texas Instruments Incorporated</copyright>
   <link_time>0x60f2cc8a</link_time>
   <link_errors>0x0</link_errors>
   <output_file>Button_ExternalInterrupts.out</output_file>
   <entry_point>
      <name>resetISR</name>
      <address>0x20f5</address>
   </entry_point>
   <input_file_list>
      <input_file id="fl-2">
         <path>.\</path>
         <kind>object</kind>
         <file>Button_ExternalInterrupts.obj</file>
         <name>Button_ExternalInterrupts.obj</name>
      </input_file>
      <input_file id="fl-3">
         <path>.\syscfg\</path>
         <kind>object</kind>
         <file>ti_drivers_config.obj</file>
         <name>ti_drivers_config.obj</name>
      </input_file>
      <input_file id="fl-4">
         <path>.\</path>
         <kind>object</kind>
         <file>main_nortos.obj</file>
         <name>main_nortos.obj</name>
      </input_file>
      <input_file id="fl-f">
         <kind>object</kind>
         <file>&lt;internal&gt;</file>
         <name>&lt;internal&gt;</name>
      </input_file>
      <input_file id="fl-10">
         <path>C:\ti\simplelink_msp432p4_sdk_3_40_01_02\source\ti\drivers\lib\</path>
         <kind>archive</kind>
         <file>drivers_msp432p401x.aem4f</file>
         <name>GPIOMSP432.oem4f</name>
      </input_file>
      <input_file id="fl-11">
         <path>C:\ti\simplelink_msp432p4_sdk_3_40_01_02\source\ti\drivers\lib\</path>
         <kind>archive</kind>
         <file>drivers_msp432p401x.aem4f</file>
         <name>PowerMSP432.oem4f</name>
      </input_file>
      <input_file id="fl-12">
         <path>C:\ti\simplelink_msp432p4_sdk_3_40_01_02\source\ti\drivers\lib\</path>
         <kind>archive</kind>
         <file>drivers_msp432p401x.aem4f</file>
         <name>List.oem4f</name>
      </input_file>
      <input_file id="fl-13">
         <path>C:\ti\simplelink_msp432p4_sdk_3_40_01_02\kernel\nortos\lib\</path>
         <kind>archive</kind>
         <file>nortos_msp432p401x.aem4f</file>
         <name>posix_sleep.oem4f</name>
      </input_file>
      <input_file id="fl-14">
         <path>C:\ti\simplelink_msp432p4_sdk_3_40_01_02\kernel\nortos\lib\</path>
         <kind>archive</kind>
         <file>nortos_msp432p401x.aem4f</file>
         <name>NoRTOS.oem4f</name>
      </input_file>
      <input_file id="fl-15">
         <path>C:\ti\simplelink_msp432p4_sdk_3_40_01_02\kernel\nortos\lib\</path>
         <kind>archive</kind>
         <file>nortos_msp432p401x.aem4f</file>
         <name>SemaphoreP_nortos.oem4f</name>
      </input_file>
      <input_file id="fl-16">
         <path>C:\ti\simplelink_msp432p4_sdk_3_40_01_02\kernel\nortos\lib\</path>
         <kind>archive</kind>
         <file>nortos_msp432p401x.aem4f</file>
         <name>PowerMSP432_nortos.oem4f</name>
      </input_file>
      <input_file id="fl-17">
         <path>C:\ti\simplelink_msp432p4_sdk_3_40_01_02\kernel\nortos\lib\</path>
         <kind>archive</kind>
         <file>nortos_msp432p401x.aem4f</file>
         <name>ClockPTimer_nortos.oem4f</name>
      </input_file>
      <input_file id="fl-18">
         <path>C:\ti\simplelink_msp432p4_sdk_3_40_01_02\kernel\nortos\lib\</path>
         <kind>archive</kind>
         <file>nortos_msp432p401x.aem4f</file>
         <name>TimerPMSP432_nortos.oem4f</name>
      </input_file>
      <input_file id="fl-19">
         <path>C:\ti\simplelink_msp432p4_sdk_3_40_01_02\kernel\nortos\lib\</path>
         <kind>archive</kind>
         <file>nortos_msp432p401x.aem4f</file>
         <name>HwiPMSP432_nortos.oem4f</name>
      </input_file>
      <input_file id="fl-1a">
         <path>C:\ti\simplelink_msp432p4_sdk_3_40_01_02\kernel\nortos\lib\</path>
         <kind>archive</kind>
         <file>nortos_msp432p401x.aem4f</file>
         <name>startup_msp432_ccs.oem4f</name>
      </input_file>
      <input_file id="fl-1b">
         <path>C:\ti\simplelink_msp432p4_sdk_3_40_01_02\kernel\nortos\lib\</path>
         <kind>archive</kind>
         <file>nortos_msp432p401x.aem4f</file>
         <name>QueueP_nortos.oem4f</name>
      </input_file>
      <input_file id="fl-1c">
         <path>C:\ti\simplelink_msp432p4_sdk_3_40_01_02\kernel\nortos\lib\</path>
         <kind>archive</kind>
         <file>nortos_msp432p401x.aem4f</file>
         <name>SwiP_nortos.oem4f</name>
      </input_file>
      <input_file id="fl-1d">
         <path>C:\ti\simplelink_msp432p4_sdk_3_40_01_02\source\ti\devices\msp432p4xx\driverlib\ccs\</path>
         <kind>archive</kind>
         <file>msp432p4xx_driverlib.lib</file>
         <name>cs.o</name>
      </input_file>
      <input_file id="fl-1e">
         <path>C:\ti\simplelink_msp432p4_sdk_3_40_01_02\source\ti\devices\msp432p4xx\driverlib\ccs\</path>
         <kind>archive</kind>
         <file>msp432p4xx_driverlib.lib</file>
         <name>interrupt.o</name>
      </input_file>
      <input_file id="fl-1f">
         <path>C:\ti\simplelink_msp432p4_sdk_3_40_01_02\source\ti\devices\msp432p4xx\driverlib\ccs\</path>
         <kind>archive</kind>
         <file>msp432p4xx_driverlib.lib</file>
         <name>sysctl.o</name>
      </input_file>
      <input_file id="fl-20">
         <path>C:\ti\simplelink_msp432p4_sdk_3_40_01_02\source\ti\devices\msp432p4xx\driverlib\ccs\</path>
         <kind>archive</kind>
         <file>msp432p4xx_driverlib.lib</file>
         <name>sysctl_a.o</name>
      </input_file>
      <input_file id="fl-21">
         <path>C:\ti\simplelink_msp432p4_sdk_3_40_01_02\source\ti\devices\msp432p4xx\driverlib\ccs\</path>
         <kind>archive</kind>
         <file>msp432p4xx_driverlib.lib</file>
         <name>cpu.o</name>
      </input_file>
      <input_file id="fl-d7">
         <path>C:\ti\ccs1031\ccs\tools\compiler\ti-cgt-arm_20.2.5.LTS\lib\</path>
         <kind>archive</kind>
         <file>rtsv7M4_T_le_v4SPD16_eabi.lib</file>
         <name>memcpy_t2.asm.obj</name>
      </input_file>
      <input_file id="fl-d8">
         <path>C:\ti\ccs1031\ccs\tools\compiler\ti-cgt-arm_20.2.5.LTS\lib\</path>
         <kind>archive</kind>
         <file>rtsv7M4_T_le_v4SPD16_eabi.lib</file>
         <name>ull_div_t2.asm.obj</name>
      </input_file>
      <input_file id="fl-d9">
         <path>C:\ti\ccs1031\ccs\tools\compiler\ti-cgt-arm_20.2.5.LTS\lib\</path>
         <kind>archive</kind>
         <file>rtsv7M4_T_le_v4SPD16_eabi.lib</file>
         <name>copy_zero_init.c.obj</name>
      </input_file>
      <input_file id="fl-da">
         <path>C:\ti\ccs1031\ccs\tools\compiler\ti-cgt-arm_20.2.5.LTS\lib\</path>
         <kind>archive</kind>
         <file>rtsv7M4_T_le_v4SPD16_eabi.lib</file>
         <name>copy_decompress_none.c.obj</name>
      </input_file>
      <input_file id="fl-db">
         <path>C:\ti\ccs1031\ccs\tools\compiler\ti-cgt-arm_20.2.5.LTS\lib\</path>
         <kind>archive</kind>
         <file>rtsv7M4_T_le_v4SPD16_eabi.lib</file>
         <name>copy_decompress_lzss.c.obj</name>
      </input_file>
      <input_file id="fl-dc">
         <path>C:\ti\ccs1031\ccs\tools\compiler\ti-cgt-arm_20.2.5.LTS\lib\</path>
         <kind>archive</kind>
         <file>rtsv7M4_T_le_v4SPD16_eabi.lib</file>
         <name>memory.c.obj</name>
      </input_file>
      <input_file id="fl-dd">
         <path>C:\ti\ccs1031\ccs\tools\compiler\ti-cgt-arm_20.2.5.LTS\lib\</path>
         <kind>archive</kind>
         <file>rtsv7M4_T_le_v4SPD16_eabi.lib</file>
         <name>boot_cortex_m.c.obj</name>
      </input_file>
      <input_file id="fl-de">
         <path>C:\ti\ccs1031\ccs\tools\compiler\ti-cgt-arm_20.2.5.LTS\lib\</path>
         <kind>archive</kind>
         <file>rtsv7M4_T_le_v4SPD16_eabi.lib</file>
         <name>div0.asm.obj</name>
      </input_file>
      <input_file id="fl-df">
         <path>C:\ti\ccs1031\ccs\tools\compiler\ti-cgt-arm_20.2.5.LTS\lib\</path>
         <kind>archive</kind>
         <file>rtsv7M4_T_le_v4SPD16_eabi.lib</file>
         <name>memset_t2.asm.obj</name>
      </input_file>
      <input_file id="fl-e0">
         <path>C:\ti\ccs1031\ccs\tools\compiler\ti-cgt-arm_20.2.5.LTS\lib\</path>
         <kind>archive</kind>
         <file>rtsv7M4_T_le_v4SPD16_eabi.lib</file>
         <name>autoinit.c.obj</name>
      </input_file>
      <input_file id="fl-e1">
         <path>C:\ti\ccs1031\ccs\tools\compiler\ti-cgt-arm_20.2.5.LTS\lib\</path>
         <kind>archive</kind>
         <file>rtsv7M4_T_le_v4SPD16_eabi.lib</file>
         <name>pre_init.c.obj</name>
      </input_file>
      <input_file id="fl-e2">
         <path>C:\ti\ccs1031\ccs\tools\compiler\ti-cgt-arm_20.2.5.LTS\lib\</path>
         <kind>archive</kind>
         <file>rtsv7M4_T_le_v4SPD16_eabi.lib</file>
         <name>cpy_tbl.c.obj</name>
      </input_file>
      <input_file id="fl-e3">
         <path>C:\ti\ccs1031\ccs\tools\compiler\ti-cgt-arm_20.2.5.LTS\lib\</path>
         <kind>archive</kind>
         <file>rtsv7M4_T_le_v4SPD16_eabi.lib</file>
         <name>exit.c.obj</name>
      </input_file>
      <input_file id="fl-e4">
         <path>C:\ti\ccs1031\ccs\tools\compiler\ti-cgt-arm_20.2.5.LTS\lib\</path>
         <kind>archive</kind>
         <file>rtsv7M4_T_le_v4SPD16_eabi.lib</file>
         <name>_lock.c.obj</name>
      </input_file>
      <input_file id="fl-e5">
         <path>C:\ti\ccs1031\ccs\tools\compiler\ti-cgt-arm_20.2.5.LTS\lib\</path>
         <kind>archive</kind>
         <file>rtsv7M4_T_le_v4SPD16_eabi.lib</file>
         <name>args_main.c.obj</name>
      </input_file>
   </input_file_list>
   <object_component_list>
      <object_component id="oc-44c">
         <name>.text:Power_sleep</name>
         <load_address>0x144</load_address>
         <run_address>0x144</run_address>
         <size>0x2f8</size>
         <input_file_ref idref="fl-11"/>
      </object_component>
      <object_component id="oc-1e3">
         <name>.text:initPerfControl</name>
         <load_address>0x43c</load_address>
         <run_address>0x43c</run_address>
         <size>0x288</size>
         <input_file_ref idref="fl-11"/>
      </object_component>
      <object_component id="oc-222">
         <name>.text:GPIO_setConfig</name>
         <load_address>0x6c4</load_address>
         <run_address>0x6c4</run_address>
         <size>0x170</size>
         <input_file_ref idref="fl-10"/>
      </object_component>
      <object_component id="oc-40c">
         <name>.text:aligned_alloc</name>
         <load_address>0x834</load_address>
         <run_address>0x834</run_address>
         <size>0x100</size>
         <input_file_ref idref="fl-dc"/>
      </object_component>
      <object_component id="oc-2a5">
         <name>.text:CS_startHFXTWithTimeout</name>
         <load_address>0x934</load_address>
         <run_address>0x934</run_address>
         <size>0xe4</size>
         <input_file_ref idref="fl-1d"/>
      </object_component>
      <object_component id="oc-2cf">
         <name>.text:free</name>
         <load_address>0xa18</load_address>
         <run_address>0xa18</run_address>
         <size>0xe4</size>
         <input_file_ref idref="fl-dc"/>
      </object_component>
      <object_component id="oc-2ab">
         <name>.text:CS_startLFXTWithTimeout</name>
         <load_address>0xafc</load_address>
         <run_address>0xafc</run_address>
         <size>0xe0</size>
         <input_file_ref idref="fl-1d"/>
      </object_component>
      <object_component id="oc-364">
         <name>.text:TimerP_construct</name>
         <load_address>0xbdc</load_address>
         <run_address>0xbdc</run_address>
         <size>0xe0</size>
         <input_file_ref idref="fl-18"/>
      </object_component>
      <object_component id="oc-3e1">
         <name>.text:_CSGetHFXTFrequency</name>
         <load_address>0xcbc</load_address>
         <run_address>0xcbc</run_address>
         <size>0xdc</size>
         <input_file_ref idref="fl-1d"/>
      </object_component>
      <object_component id="oc-358">
         <name>.text:SwiP_construct</name>
         <load_address>0xd98</load_address>
         <run_address>0xd98</run_address>
         <size>0xd8</size>
         <input_file_ref idref="fl-1c"/>
      </object_component>
      <object_component id="oc-23c">
         <name>.text:ClockP_startup</name>
         <load_address>0xe70</load_address>
         <run_address>0xe70</run_address>
         <size>0xb4</size>
         <input_file_ref idref="fl-17"/>
      </object_component>
      <object_component id="oc-376">
         <name>.text:ClockP_workFuncDynamic</name>
         <load_address>0xf24</load_address>
         <run_address>0xf24</run_address>
         <size>0xac</size>
         <input_file_ref idref="fl-17"/>
      </object_component>
      <object_component id="oc-194">
         <name>.text:GPIO_init</name>
         <load_address>0xfd0</load_address>
         <run_address>0xfd0</run_address>
         <size>0xac</size>
         <input_file_ref idref="fl-10"/>
      </object_component>
      <object_component id="oc-21c">
         <name>.text:SemaphoreP_pend</name>
         <load_address>0x107c</load_address>
         <run_address>0x107c</run_address>
         <size>0xa0</size>
         <input_file_ref idref="fl-15"/>
      </object_component>
      <object_component id="oc-180">
         <name>.text:Power_init</name>
         <load_address>0x111c</load_address>
         <run_address>0x111c</run_address>
         <size>0x9c</size>
         <input_file_ref idref="fl-11"/>
      </object_component>
      <object_component id="oc-57d">
         <name>.text:SwiP_dispatch</name>
         <load_address>0x11b8</load_address>
         <run_address>0x11b8</run_address>
         <size>0x9c</size>
         <input_file_ref idref="fl-1c"/>
      </object_component>
      <object_component id="oc-3a">
         <name>.text</name>
         <load_address>0x1254</load_address>
         <run_address>0x1254</run_address>
         <size>0x9c</size>
         <input_file_ref idref="fl-d7"/>
      </object_component>
      <object_component id="oc-559">
         <name>.text</name>
         <load_address>0x12f0</load_address>
         <run_address>0x12f0</run_address>
         <size>0x96</size>
         <input_file_ref idref="fl-d8"/>
      </object_component>
      <object_component id="oc-186">
         <name>.text:Board_initHook</name>
         <load_address>0x1386</load_address>
         <run_address>0x1386</run_address>
         <size>0x2</size>
         <input_file_ref idref="fl-3"/>
      </object_component>
      <object_component id="oc-53d">
         <name>.text:restartHFXT</name>
         <load_address>0x1388</load_address>
         <run_address>0x1388</run_address>
         <size>0x84</size>
         <input_file_ref idref="fl-11"/>
      </object_component>
      <object_component id="oc-2ff">
         <name>.text:ClockP_start</name>
         <load_address>0x140c</load_address>
         <run_address>0x140c</run_address>
         <size>0x80</size>
         <input_file_ref idref="fl-17"/>
      </object_component>
      <object_component id="oc-41f">
         <name>.text:Interrupt_enableInterrupt</name>
         <load_address>0x148c</load_address>
         <run_address>0x148c</run_address>
         <size>0x80</size>
         <input_file_ref idref="fl-1e"/>
      </object_component>
      <object_component id="oc-4ea">
         <name>.text:ClockP_walkQueueDynamic</name>
         <load_address>0x150c</load_address>
         <run_address>0x150c</run_address>
         <size>0x78</size>
         <input_file_ref idref="fl-17"/>
      </object_component>
      <object_component id="oc-2c9">
         <name>.text:HwiP_construct</name>
         <load_address>0x1584</load_address>
         <run_address>0x1584</run_address>
         <size>0x70</size>
         <input_file_ref idref="fl-19"/>
      </object_component>
      <object_component id="oc-50c">
         <name>.text:split</name>
         <load_address>0x15f4</load_address>
         <run_address>0x15f4</run_address>
         <size>0x70</size>
         <input_file_ref idref="fl-dc"/>
      </object_component>
      <object_component id="oc-47d">
         <name>.text:TimerP_getCurrentTick</name>
         <load_address>0x1664</load_address>
         <run_address>0x1664</run_address>
         <size>0x6c</size>
         <input_file_ref idref="fl-18"/>
      </object_component>
      <object_component id="oc-1ac">
         <name>.text:ClockP_usleep</name>
         <load_address>0x16d0</load_address>
         <run_address>0x16d0</run_address>
         <size>0x68</size>
         <input_file_ref idref="fl-17"/>
      </object_component>
      <object_component id="oc-329">
         <name>.text:GPIO_hwiIntFxn</name>
         <load_address>0x1738</load_address>
         <run_address>0x1738</run_address>
         <size>0x68</size>
         <input_file_ref idref="fl-10"/>
      </object_component>
      <object_component id="oc-5b7">
         <name>.text:Interrupt_pendInterrupt</name>
         <load_address>0x17a0</load_address>
         <run_address>0x17a0</run_address>
         <size>0x68</size>
         <input_file_ref idref="fl-1e"/>
      </object_component>
      <object_component id="oc-4f1">
         <name>.text:SwiP_post</name>
         <load_address>0x1808</load_address>
         <run_address>0x1808</run_address>
         <size>0x68</size>
         <input_file_ref idref="fl-1c"/>
      </object_component>
      <object_component id="oc-12">
         <name>.text:decompress:lzss:__TI_decompress_lzss</name>
         <load_address>0x1870</load_address>
         <run_address>0x1870</run_address>
         <size>0x68</size>
         <input_file_ref idref="fl-db"/>
      </object_component>
      <object_component id="oc-11b">
         <name>.text:mainThread</name>
         <load_address>0x18d8</load_address>
         <run_address>0x18d8</run_address>
         <size>0x68</size>
         <input_file_ref idref="fl-2"/>
      </object_component>
      <object_component id="oc-19a">
         <name>.text:GPIO_setCallback</name>
         <load_address>0x1940</load_address>
         <run_address>0x1940</run_address>
         <size>0x60</size>
         <input_file_ref idref="fl-10"/>
      </object_component>
      <object_component id="oc-413">
         <name>.text:Interrupt_registerInterrupt</name>
         <load_address>0x19a0</load_address>
         <run_address>0x19a0</run_address>
         <size>0x5c</size>
         <input_file_ref idref="fl-1e"/>
      </object_component>
      <object_component id="oc-1b2">
         <name>.text:GPIO_write</name>
         <load_address>0x19fc</load_address>
         <run_address>0x19fc</run_address>
         <size>0x58</size>
         <input_file_ref idref="fl-10"/>
      </object_component>
      <object_component id="oc-4de">
         <name>.text:TimerP_dynamicStub</name>
         <load_address>0x1a54</load_address>
         <run_address>0x1a54</run_address>
         <size>0x58</size>
         <input_file_ref idref="fl-18"/>
      </object_component>
      <object_component id="oc-419">
         <name>.text:Interrupt_setPriority</name>
         <load_address>0x1aac</load_address>
         <run_address>0x1aac</run_address>
         <size>0x54</size>
         <input_file_ref idref="fl-1e"/>
      </object_component>
      <object_component id="oc-242">
         <name>.text:TimerP_getCount64</name>
         <load_address>0x1b00</load_address>
         <run_address>0x1b00</run_address>
         <size>0x54</size>
         <input_file_ref idref="fl-18"/>
      </object_component>
      <object_component id="oc-398">
         <name>.text:SemaphoreP_construct</name>
         <load_address>0x1b54</load_address>
         <run_address>0x1b54</run_address>
         <size>0x50</size>
         <input_file_ref idref="fl-15"/>
      </object_component>
      <object_component id="oc-2de">
         <name>.text:PowerMSP432_sleepPolicy</name>
         <load_address>0x1ba4</load_address>
         <run_address>0x1ba4</run_address>
         <size>0x48</size>
         <input_file_ref idref="fl-16"/>
      </object_component>
      <object_component id="oc-228">
         <name>.text:SemaphoreP_post</name>
         <load_address>0x1bec</load_address>
         <run_address>0x1bec</run_address>
         <size>0x44</size>
         <input_file_ref idref="fl-15"/>
      </object_component>
      <object_component id="oc-452">
         <name>.text:SwiP_restore</name>
         <load_address>0x1c30</load_address>
         <run_address>0x1c30</run_address>
         <size>0x44</size>
         <input_file_ref idref="fl-1c"/>
      </object_component>
      <object_component id="oc-4d2">
         <name>.text:TimerP_start</name>
         <load_address>0x1c74</load_address>
         <run_address>0x1c74</run_address>
         <size>0x44</size>
         <input_file_ref idref="fl-18"/>
      </object_component>
      <object_component id="oc-12e">
         <name>.text:__TI_auto_init_nobinit_nopinit:__TI_auto_init_nobinit_nopinit</name>
         <load_address>0x1cb8</load_address>
         <run_address>0x1cb8</run_address>
         <size>0x44</size>
         <input_file_ref idref="fl-e0"/>
      </object_component>
      <object_component id="oc-55f">
         <name>.text:TimerP_setNextTick</name>
         <load_address>0x1cfc</load_address>
         <run_address>0x1cfc</run_address>
         <size>0x40</size>
         <input_file_ref idref="fl-18"/>
      </object_component>
      <object_component id="oc-4c6">
         <name>.text:TimerP_initDevice</name>
         <load_address>0x1d3c</load_address>
         <run_address>0x1d3c</run_address>
         <size>0x3c</size>
         <input_file_ref idref="fl-18"/>
      </object_component>
      <object_component id="oc-1a6">
         <name>.text:GPIO_toggle</name>
         <load_address>0x1d78</load_address>
         <run_address>0x1d78</run_address>
         <size>0x38</size>
         <input_file_ref idref="fl-10"/>
      </object_component>
      <object_component id="oc-531">
         <name>.text:notify</name>
         <load_address>0x1db0</load_address>
         <run_address>0x1db0</run_address>
         <size>0x38</size>
         <input_file_ref idref="fl-11"/>
      </object_component>
      <object_component id="oc-1a0">
         <name>.text:GPIO_enableInt</name>
         <load_address>0x1de8</load_address>
         <run_address>0x1de8</run_address>
         <size>0x34</size>
         <input_file_ref idref="fl-10"/>
      </object_component>
      <object_component id="oc-a8">
         <name>.text:_c_int00_noargs:_c_int00_noargs</name>
         <load_address>0x1e1c</load_address>
         <run_address>0x1e1c</run_address>
         <size>0x34</size>
         <input_file_ref idref="fl-dd"/>
      </object_component>
      <object_component id="oc-1ef">
         <name>.text:HwiP_create</name>
         <load_address>0x1e50</load_address>
         <run_address>0x1e50</run_address>
         <size>0x2a</size>
         <input_file_ref idref="fl-19"/>
      </object_component>
      <object_component id="oc-2d8">
         <name>.text:PowerMSP432_initPolicy</name>
         <load_address>0x1e7a</load_address>
         <run_address>0x1e7a</run_address>
         <size>0x2</size>
         <input_file_ref idref="fl-16"/>
      </object_component>
      <object_component id="oc-1b8">
         <name>.text:GPIO_Callback_Button_S1</name>
         <load_address>0x1e7c</load_address>
         <run_address>0x1e7c</run_address>
         <size>0x28</size>
         <input_file_ref idref="fl-2"/>
      </object_component>
      <object_component id="oc-29f">
         <name>.text:disableFaultCounter</name>
         <load_address>0x1ea4</load_address>
         <run_address>0x1ea4</run_address>
         <size>0x28</size>
         <input_file_ref idref="fl-11"/>
      </object_component>
      <object_component id="oc-537">
         <name>.text:disableHFXT</name>
         <load_address>0x1ecc</load_address>
         <run_address>0x1ecc</run_address>
         <size>0x28</size>
         <input_file_ref idref="fl-11"/>
      </object_component>
      <object_component id="oc-438">
         <name>.text:free_list_insert</name>
         <load_address>0x1ef4</load_address>
         <run_address>0x1ef4</run_address>
         <size>0x28</size>
         <input_file_ref idref="fl-dc"/>
      </object_component>
      <object_component id="oc-489">
         <name>.text:ClockP_getTicks</name>
         <load_address>0x1f1c</load_address>
         <run_address>0x1f1c</run_address>
         <size>0x24</size>
         <input_file_ref idref="fl-17"/>
      </object_component>
      <object_component id="oc-483">
         <name>.text:ClockP_scheduleNextTick</name>
         <load_address>0x1f40</load_address>
         <run_address>0x1f40</run_address>
         <size>0x24</size>
         <input_file_ref idref="fl-17"/>
      </object_component>
      <object_component id="oc-425">
         <name>.text:HwiP_dispatch</name>
         <load_address>0x1f64</load_address>
         <run_address>0x1f64</run_address>
         <size>0x24</size>
         <input_file_ref idref="fl-19"/>
      </object_component>
      <object_component id="oc-248">
         <name>.text:sleepTicks</name>
         <load_address>0x1f88</load_address>
         <run_address>0x1f88</run_address>
         <size>0x24</size>
         <input_file_ref idref="fl-17"/>
      </object_component>
      <object_component id="oc-299">
         <name>.text:CS_setExternalClockSourceFrequency</name>
         <load_address>0x1fac</load_address>
         <run_address>0x1fac</run_address>
         <size>0x20</size>
         <input_file_ref idref="fl-1d"/>
      </object_component>
      <object_component id="oc-2f9">
         <name>.text:ClockP_add</name>
         <load_address>0x1fcc</load_address>
         <run_address>0x1fcc</run_address>
         <size>0x20</size>
         <input_file_ref idref="fl-17"/>
      </object_component>
      <object_component id="oc-476">
         <name>.text:QueueP_put</name>
         <load_address>0x1fec</load_address>
         <run_address>0x1fec</run_address>
         <size>0x20</size>
         <input_file_ref idref="fl-1b"/>
      </object_component>
      <object_component id="oc-440">
         <name>.text:SwiP_disable</name>
         <load_address>0x200c</load_address>
         <run_address>0x200c</run_address>
         <size>0x1c</size>
         <input_file_ref idref="fl-1c"/>
      </object_component>
      <object_component id="oc-46">
         <name>.text:decompress:ZI:__TI_zero_init_nomemset:__TI_zero_init_nomemset</name>
         <load_address>0x2028</load_address>
         <run_address>0x2028</run_address>
         <size>0x1c</size>
         <input_file_ref idref="fl-d9"/>
      </object_component>
      <object_component id="oc-432">
         <name>.text:free_list_remove</name>
         <load_address>0x2044</load_address>
         <run_address>0x2044</run_address>
         <size>0x1c</size>
         <input_file_ref idref="fl-dc"/>
      </object_component>
      <object_component id="oc-5cc">
         <name>.text:QueueP_get</name>
         <load_address>0x2060</load_address>
         <run_address>0x2060</run_address>
         <size>0x1a</size>
         <input_file_ref idref="fl-1b"/>
      </object_component>
      <object_component id="oc-204">
         <name>.text:SemaphoreP_createBinary</name>
         <load_address>0x207a</load_address>
         <run_address>0x207a</run_address>
         <size>0x1a</size>
         <input_file_ref idref="fl-15"/>
      </object_component>
      <object_component id="oc-311">
         <name>.text:ClockP_destruct</name>
         <load_address>0x2094</load_address>
         <run_address>0x2094</run_address>
         <size>0x18</size>
         <input_file_ref idref="fl-17"/>
      </object_component>
      <object_component id="oc-333">
         <name>.text:HwiP_inISR</name>
         <load_address>0x20ac</load_address>
         <run_address>0x20ac</run_address>
         <size>0x18</size>
         <input_file_ref idref="fl-19"/>
      </object_component>
      <object_component id="oc-3db">
         <name>.text:SysCtl_A_disableNMISource</name>
         <load_address>0x20c4</load_address>
         <run_address>0x20c4</run_address>
         <size>0x18</size>
         <input_file_ref idref="fl-20"/>
      </object_component>
      <object_component id="oc-3e7">
         <name>.text:SysCtl_A_enableNMISource</name>
         <load_address>0x20dc</load_address>
         <run_address>0x20dc</run_address>
         <size>0x18</size>
         <input_file_ref idref="fl-20"/>
      </object_component>
      <object_component id="oc-1f">
         <name>.text:resetISR</name>
         <load_address>0x20f4</load_address>
         <run_address>0x20f4</run_address>
         <size>0x18</size>
         <input_file_ref idref="fl-1a"/>
      </object_component>
      <object_component id="oc-2ee">
         <name>.text:SemaphoreP_create</name>
         <load_address>0x210c</load_address>
         <run_address>0x210c</run_address>
         <size>0x16</size>
         <input_file_ref idref="fl-15"/>
      </object_component>
      <object_component id="oc-5c6">
         <name>.text:maxbit</name>
         <load_address>0x2122</load_address>
         <run_address>0x2122</run_address>
         <size>0x16</size>
         <input_file_ref idref="fl-1c"/>
      </object_component>
      <object_component id="oc-550">
         <name>.text:Power_idleFunc</name>
         <load_address>0x2138</load_address>
         <run_address>0x2138</run_address>
         <size>0x14</size>
         <input_file_ref idref="fl-11"/>
      </object_component>
      <object_component id="oc-4bb">
         <name>.text:SwiP_handleHwi</name>
         <load_address>0x214c</load_address>
         <run_address>0x214c</run_address>
         <size>0x14</size>
         <input_file_ref idref="fl-1c"/>
      </object_component>
      <object_component id="oc-390">
         <name>.text:TimerP_getCount</name>
         <load_address>0x2160</load_address>
         <run_address>0x2160</run_address>
         <size>0x14</size>
         <input_file_ref idref="fl-18"/>
      </object_component>
      <object_component id="oc-1e9">
         <name>.text:HwiP_Params_init</name>
         <load_address>0x2174</load_address>
         <run_address>0x2174</run_address>
         <size>0x12</size>
         <input_file_ref idref="fl-19"/>
      </object_component>
      <object_component id="oc-f6">
         <name>.text:main</name>
         <load_address>0x2186</load_address>
         <run_address>0x2186</run_address>
         <size>0x12</size>
         <input_file_ref idref="fl-4"/>
      </object_component>
      <object_component id="oc-20a">
         <name>.text:HwiP_disable</name>
         <load_address>0x2198</load_address>
         <run_address>0x2198</run_address>
         <size>0x10</size>
         <input_file_ref idref="fl-19"/>
      </object_component>
      <object_component id="oc-52">
         <name>.text:Interrupt_disableMaster</name>
         <load_address>0x21a8</load_address>
         <run_address>0x21a8</run_address>
         <size>0x10</size>
         <input_file_ref idref="fl-1e"/>
      </object_component>
      <object_component id="oc-18d">
         <name>.text:Interrupt_enableMaster</name>
         <load_address>0x21b8</load_address>
         <run_address>0x21b8</run_address>
         <size>0x10</size>
         <input_file_ref idref="fl-1e"/>
      </object_component>
      <object_component id="oc-339">
         <name>.text:Power_disablePolicy</name>
         <load_address>0x21c8</load_address>
         <run_address>0x21c8</run_address>
         <size>0x10</size>
         <input_file_ref idref="fl-11"/>
      </object_component>
      <object_component id="oc-305">
         <name>.text:Power_enablePolicy</name>
         <load_address>0x21d8</load_address>
         <run_address>0x21d8</run_address>
         <size>0x10</size>
         <input_file_ref idref="fl-11"/>
      </object_component>
      <object_component id="oc-2e8">
         <name>.text:SemaphoreP_Params_init</name>
         <load_address>0x21e8</load_address>
         <run_address>0x21e8</run_address>
         <size>0x10</size>
         <input_file_ref idref="fl-15"/>
      </object_component>
      <object_component id="oc-352">
         <name>.text:SwiP_Params_init</name>
         <load_address>0x21f8</load_address>
         <run_address>0x21f8</run_address>
         <size>0x10</size>
         <input_file_ref idref="fl-1c"/>
      </object_component>
      <object_component id="oc-3d5">
         <name>.text:SysCtl_A_getNMISourceStatus</name>
         <load_address>0x2208</load_address>
         <run_address>0x2208</run_address>
         <size>0x10</size>
         <input_file_ref idref="fl-20"/>
      </object_component>
      <object_component id="oc-5b0">
         <name>.text:SysCtl_getNMISourceStatus</name>
         <load_address>0x2218</load_address>
         <run_address>0x2218</run_address>
         <size>0x10</size>
         <input_file_ref idref="fl-1f"/>
      </object_component>
      <object_component id="oc-35e">
         <name>.text:TimerP_Params_init</name>
         <load_address>0x2228</load_address>
         <run_address>0x2228</run_address>
         <size>0x10</size>
         <input_file_ref idref="fl-18"/>
      </object_component>
      <object_component id="oc-5d2">
         <name>.text:QueueP_empty</name>
         <load_address>0x2238</load_address>
         <run_address>0x2238</run_address>
         <size>0xe</size>
         <input_file_ref idref="fl-1b"/>
      </object_component>
      <object_component id="oc-492">
         <name>.text:QueueP_remove</name>
         <load_address>0x2246</load_address>
         <run_address>0x2246</run_address>
         <size>0xe</size>
         <input_file_ref idref="fl-1b"/>
      </object_component>
      <object_component id="oc-18">
         <name>.text:decompress:none:__TI_decompress_none</name>
         <load_address>0x2254</load_address>
         <run_address>0x2254</run_address>
         <size>0xe</size>
         <input_file_ref idref="fl-da"/>
      </object_component>
      <object_component id="oc-10f">
         <name>.text:Board_init</name>
         <load_address>0x2262</load_address>
         <run_address>0x2262</run_address>
         <size>0xc</size>
         <input_file_ref idref="fl-3"/>
      </object_component>
      <object_component id="oc-96">
         <name>.text:CPU_cpsid</name>
         <load_address>0x226e</load_address>
         <run_address>0x226e</run_address>
         <size>0xc</size>
         <input_file_ref idref="fl-21"/>
      </object_component>
      <object_component id="oc-1fd">
         <name>.text:CPU_cpsie</name>
         <load_address>0x227a</load_address>
         <run_address>0x227a</run_address>
         <size>0xc</size>
         <input_file_ref idref="fl-21"/>
      </object_component>
      <object_component id="oc-2b1">
         <name>.text:PowerMSP432_updateFreqs</name>
         <load_address>0x2286</load_address>
         <run_address>0x2286</run_address>
         <size>0x2</size>
         <input_file_ref idref="fl-16"/>
      </object_component>
      <object_component id="oc-37c">
         <name>.text:ClockP_doTick</name>
         <load_address>0x2288</load_address>
         <run_address>0x2288</run_address>
         <size>0xc</size>
         <input_file_ref idref="fl-17"/>
      </object_component>
      <object_component id="oc-446">
         <name>.text:Power_getConstraintMask</name>
         <load_address>0x2294</load_address>
         <run_address>0x2294</run_address>
         <size>0xc</size>
         <input_file_ref idref="fl-11"/>
      </object_component>
      <object_component id="oc-370">
         <name>.text:TimerP_getFreq</name>
         <load_address>0x22a0</load_address>
         <run_address>0x22a0</run_address>
         <size>0xc</size>
         <input_file_ref idref="fl-18"/>
      </object_component>
      <object_component id="oc-36a">
         <name>.text:TimerP_getMaxTicks</name>
         <load_address>0x22ac</load_address>
         <run_address>0x22ac</run_address>
         <size>0xc</size>
         <input_file_ref idref="fl-18"/>
      </object_component>
      <object_component id="oc-210">
         <name>.text:HwiP_restore</name>
         <load_address>0x22b8</load_address>
         <run_address>0x22b8</run_address>
         <size>0x8</size>
         <input_file_ref idref="fl-19"/>
      </object_component>
      <object_component id="oc-2c3">
         <name>.text:malloc</name>
         <load_address>0x22c0</load_address>
         <run_address>0x22c0</run_address>
         <size>0x8</size>
         <input_file_ref idref="fl-dc"/>
      </object_component>
      <object_component id="oc-34c">
         <name>.text:QueueP_init</name>
         <load_address>0x22c8</load_address>
         <run_address>0x22c8</run_address>
         <size>0x6</size>
         <input_file_ref idref="fl-1b"/>
      </object_component>
      <object_component id="oc-30b">
         <name>.text:ClockP_isActive</name>
         <load_address>0x22ce</load_address>
         <run_address>0x22ce</run_address>
         <size>0x4</size>
         <input_file_ref idref="fl-17"/>
      </object_component>
      <object_component id="oc-115">
         <name>.text:HwiP_enable</name>
         <load_address>0x22d2</load_address>
         <run_address>0x22d2</run_address>
         <size>0x4</size>
         <input_file_ref idref="fl-19"/>
      </object_component>
      <object_component id="oc-544">
         <name>.text:HwiP_post</name>
         <load_address>0x22d6</load_address>
         <run_address>0x22d6</run_address>
         <size>0x4</size>
         <input_file_ref idref="fl-19"/>
      </object_component>
      <object_component id="oc-590">
         <name>.text:QueueP_head</name>
         <load_address>0x22da</load_address>
         <run_address>0x22da</run_address>
         <size>0x4</size>
         <input_file_ref idref="fl-1b"/>
      </object_component>
      <object_component id="oc-596">
         <name>.text:QueueP_next</name>
         <load_address>0x22de</load_address>
         <run_address>0x22de</run_address>
         <size>0x4</size>
         <input_file_ref idref="fl-1b"/>
      </object_component>
      <object_component id="oc-216">
         <name>.text:SemaphoreP_delete</name>
         <load_address>0x22e2</load_address>
         <run_address>0x22e2</run_address>
         <size>0x4</size>
         <input_file_ref idref="fl-15"/>
      </object_component>
      <object_component id="oc-4cc">
         <name>.text:TimerP_setPeriod</name>
         <load_address>0x22e6</load_address>
         <run_address>0x22e6</run_address>
         <size>0x4</size>
         <input_file_ref idref="fl-18"/>
      </object_component>
      <object_component id="oc-f0">
         <name>.text:_system_pre_init</name>
         <load_address>0x22ea</load_address>
         <run_address>0x22ea</run_address>
         <size>0x4</size>
         <input_file_ref idref="fl-e1"/>
      </object_component>
      <object_component id="oc-122">
         <name>.text:abort:abort</name>
         <load_address>0x22ee</load_address>
         <run_address>0x22ee</run_address>
         <size>0x4</size>
         <input_file_ref idref="fl-e3"/>
      </object_component>
      <object_component id="oc-39e">
         <name>.text:SemaphoreP_destruct</name>
         <load_address>0x22f2</load_address>
         <run_address>0x22f2</run_address>
         <size>0x2</size>
         <input_file_ref idref="fl-15"/>
      </object_component>
      <object_component id="oc-27a">
         <name>.text:_nop</name>
         <load_address>0x22f4</load_address>
         <run_address>0x22f4</run_address>
         <size>0x2</size>
         <input_file_ref idref="fl-e4"/>
      </object_component>
      <object_component id="oc-6c">
         <name>.text:busFaultISR</name>
         <load_address>0x22f6</load_address>
         <run_address>0x22f6</run_address>
         <size>0x2</size>
         <input_file_ref idref="fl-1a"/>
      </object_component>
      <object_component id="oc-317">
         <name>.text:clkFxn</name>
         <load_address>0x22f8</load_address>
         <run_address>0x22f8</run_address>
         <size>0x2</size>
         <input_file_ref idref="fl-15"/>
      </object_component>
      <object_component id="oc-66">
         <name>.text:defaultISR</name>
         <load_address>0x22fa</load_address>
         <run_address>0x22fa</run_address>
         <size>0x2</size>
         <input_file_ref idref="fl-1a"/>
      </object_component>
      <object_component id="oc-60">
         <name>.text:faultISR</name>
         <load_address>0x22fc</load_address>
         <run_address>0x22fc</run_address>
         <size>0x2</size>
         <input_file_ref idref="fl-1a"/>
      </object_component>
      <object_component id="oc-5a">
         <name>.text:nmiISR</name>
         <load_address>0x22fe</load_address>
         <run_address>0x22fe</run_address>
         <size>0x2</size>
         <input_file_ref idref="fl-1a"/>
      </object_component>
      <object_component id="oc-5bf">
         <name>.text</name>
         <load_address>0x2300</load_address>
         <run_address>0x2300</run_address>
         <size>0x2</size>
         <input_file_ref idref="fl-de"/>
      </object_component>
      <object_component id="oc-51b">
         <name>.const:g_pulRegs</name>
         <load_address>0x2304</load_address>
         <run_address>0x2304</run_address>
         <size>0x50</size>
         <input_file_ref idref="fl-1e"/>
      </object_component>
      <object_component id="oc-1f8">
         <name>.const:PowerMSP432_config</name>
         <load_address>0x2354</load_address>
         <run_address>0x2354</run_address>
         <size>0x38</size>
         <input_file_ref idref="fl-3"/>
      </object_component>
      <object_component id="oc-232">
         <name>.const:GPIOMSP432_config</name>
         <load_address>0x238c</load_address>
         <run_address>0x238c</run_address>
         <size>0x14</size>
         <input_file_ref idref="fl-3"/>
      </object_component>
      <object_component id="oc-4aa">
         <name>.const:SwiP_defaultParams</name>
         <load_address>0x23a0</load_address>
         <run_address>0x23a0</run_address>
         <size>0x10</size>
         <input_file_ref idref="fl-1c"/>
      </object_component>
      <object_component id="oc-51f">
         <name>.const:g_pulEnRegs</name>
         <load_address>0x23b0</load_address>
         <run_address>0x23b0</run_address>
         <size>0x8</size>
         <input_file_ref idref="fl-1e"/>
      </object_component>
      <object_component id="oc-5dd">
         <name>.const:g_pulPendRegs</name>
         <load_address>0x23b8</load_address>
         <run_address>0x23b8</run_address>
         <size>0x8</size>
         <input_file_ref idref="fl-1e"/>
      </object_component>
      <object_component id="oc-32f">
         <name>.const:.string:interruptType</name>
         <load_address>0x23c0</load_address>
         <run_address>0x23c0</run_address>
         <size>0x6</size>
         <input_file_ref idref="fl-10"/>
      </object_component>
      <object_component id="oc-326">
         <name>.const:.string:portInterruptIds</name>
         <load_address>0x23c6</load_address>
         <run_address>0x23c6</run_address>
         <size>0x6</size>
         <input_file_ref idref="fl-10"/>
      </object_component>
      <object_component id="oc-61d">
         <name>.cinit..data.load</name>
         <load_address>0x23d0</load_address>
         <run_address>0x23d0</run_address>
         <size>0x91</size>
      </object_component>
      <object_component id="oc-61b">
         <name>__TI_handler_table</name>
         <load_address>0x2464</load_address>
         <run_address>0x2464</run_address>
         <size>0xc</size>
      </object_component>
      <object_component id="oc-61e">
         <name>.cinit..bss.load</name>
         <load_address>0x2470</load_address>
         <run_address>0x2470</run_address>
         <size>0x8</size>
      </object_component>
      <object_component id="oc-61f">
         <name>.cinit..vtable.load</name>
         <load_address>0x2478</load_address>
         <run_address>0x2478</run_address>
         <size>0x8</size>
      </object_component>
      <object_component id="oc-61c">
         <name>__TI_cinit_table</name>
         <load_address>0x2480</load_address>
         <run_address>0x2480</run_address>
         <size>0x18</size>
      </object_component>
      <object_component id="oc-1be">
         <name>.data</name>
         <load_address>0x200082f5</load_address>
         <run_address>0x200082f5</run_address>
         <size>0x1</size>
         <input_file_ref idref="fl-2"/>
      </object_component>
      <object_component id="oc-342">
         <name>.data:gpioPinConfigs</name>
         <load_address>0x200082d8</load_address>
         <run_address>0x200082d8</run_address>
         <size>0x8</size>
         <input_file_ref idref="fl-3"/>
      </object_component>
      <object_component id="oc-345">
         <name>.data:gpioCallbackFunctions</name>
         <load_address>0x200082d0</load_address>
         <run_address>0x200082d0</run_address>
         <size>0x8</size>
         <input_file_ref idref="fl-3"/>
      </object_component>
      <object_component id="oc-22f">
         <name>.data</name>
         <load_address>0x200082f3</load_address>
         <run_address>0x200082f3</run_address>
         <size>0x2</size>
         <input_file_ref idref="fl-10"/>
      </object_component>
      <object_component id="oc-1f5">
         <name>.data:PowerMSP432_module</name>
         <load_address>0x20008280</load_address>
         <run_address>0x20008280</run_address>
         <size>0x2c</size>
         <input_file_ref idref="fl-11"/>
      </object_component>
      <object_component id="oc-2b7">
         <name>.data:PowerMSP432_perfLevels</name>
         <load_address>0x20008140</load_address>
         <run_address>0x20008140</run_address>
         <size>0x140</size>
         <input_file_ref idref="fl-11"/>
      </object_component>
      <object_component id="oc-31d">
         <name>.data</name>
         <load_address>0x200082f0</load_address>
         <run_address>0x200082f0</run_address>
         <size>0x3</size>
         <input_file_ref idref="fl-15"/>
      </object_component>
      <object_component id="oc-465">
         <name>.data:SemaphoreP_defaultParams</name>
         <load_address>0x200082c8</load_address>
         <run_address>0x200082c8</run_address>
         <size>0x8</size>
         <input_file_ref idref="fl-15"/>
      </object_component>
      <object_component id="oc-254">
         <name>.data</name>
         <load_address>0x200082e0</load_address>
         <run_address>0x200082e0</run_address>
         <size>0x8</size>
         <input_file_ref idref="fl-17"/>
      </object_component>
      <object_component id="oc-4d8">
         <name>.data</name>
         <load_address>0x200082f7</load_address>
         <run_address>0x200082f7</run_address>
         <size>0x1</size>
         <input_file_ref idref="fl-18"/>
      </object_component>
      <object_component id="oc-4c2">
         <name>.data:TimerP_defaultParams</name>
         <load_address>0x200082ac</load_address>
         <run_address>0x200082ac</run_address>
         <size>0xc</size>
         <input_file_ref idref="fl-18"/>
      </object_component>
      <object_component id="oc-42e">
         <name>.data:HwiP_dispatchTable</name>
         <load_address>0x20008000</load_address>
         <run_address>0x20008000</run_address>
         <size>0x140</size>
         <input_file_ref idref="fl-19"/>
      </object_component>
      <object_component id="oc-42b">
         <name>.data</name>
         <load_address>0x200082e8</load_address>
         <run_address>0x200082e8</run_address>
         <size>0x8</size>
         <input_file_ref idref="fl-19"/>
      </object_component>
      <object_component id="oc-4af">
         <name>.data</name>
         <load_address>0x200082f6</load_address>
         <run_address>0x200082f6</run_address>
         <size>0x1</size>
         <input_file_ref idref="fl-1c"/>
      </object_component>
      <object_component id="oc-512">
         <name>.data:$O1$$</name>
         <load_address>0x200082c0</load_address>
         <run_address>0x200082c0</run_address>
         <size>0x8</size>
         <input_file_ref idref="fl-dc"/>
      </object_component>
      <object_component id="oc-1c7">
         <name>.data:$O1$$</name>
         <load_address>0x200082b8</load_address>
         <run_address>0x200082b8</run_address>
         <size>0x8</size>
         <input_file_ref idref="fl-e4"/>
      </object_component>
      <object_component id="oc-235">
         <name>.bss:gpioCallbackInfo</name>
         <uninitialized>true</uninitialized>
         <run_address>0x20008398</run_address>
         <size>0x30</size>
         <input_file_ref idref="fl-10"/>
      </object_component>
      <object_component id="oc-22e">
         <name>.bss</name>
         <uninitialized>true</uninitialized>
         <run_address>0x20008440</run_address>
         <size>0x4</size>
         <input_file_ref idref="fl-10"/>
      </object_component>
      <object_component id="oc-24e">
         <name>.bss:ClockP_module</name>
         <uninitialized>true</uninitialized>
         <run_address>0x200082f8</run_address>
         <size>0xa0</size>
         <input_file_ref idref="fl-17"/>
      </object_component>
      <object_component id="oc-382">
         <name>.bss:timerFreq</name>
         <uninitialized>true</uninitialized>
         <run_address>0x20008438</run_address>
         <size>0x8</size>
         <input_file_ref idref="fl-17"/>
      </object_component>
      <object_component id="oc-251">
         <name>.bss</name>
         <uninitialized>true</uninitialized>
         <run_address>0x20008444</run_address>
         <size>0x4</size>
         <input_file_ref idref="fl-17"/>
      </object_component>
      <object_component id="oc-4e4">
         <name>.bss</name>
         <uninitialized>true</uninitialized>
         <run_address>0x20008448</run_address>
         <size>0x4</size>
         <input_file_ref idref="fl-18"/>
      </object_component>
      <object_component id="oc-4db">
         <name>.bss:TimerP_hwiStruct</name>
         <uninitialized>true</uninitialized>
         <run_address>0x20008404</run_address>
         <size>0x1c</size>
         <input_file_ref idref="fl-18"/>
      </object_component>
      <object_component id="oc-4b5">
         <name>.bss</name>
         <uninitialized>true</uninitialized>
         <run_address>0x20008420</run_address>
         <size>0xd</size>
         <input_file_ref idref="fl-1c"/>
      </object_component>
      <object_component id="oc-4b8">
         <name>.bss:SwiP_hwiStruct</name>
         <uninitialized>true</uninitialized>
         <run_address>0x200083e8</run_address>
         <size>0x1c</size>
         <input_file_ref idref="fl-1c"/>
      </object_component>
      <object_component id="oc-4b2">
         <name>.bss:SwiP_readyList</name>
         <uninitialized>true</uninitialized>
         <run_address>0x200083c8</run_address>
         <size>0x20</size>
         <input_file_ref idref="fl-1c"/>
      </object_component>
      <object_component id="oc-3d0">
         <name>.bss</name>
         <uninitialized>true</uninitialized>
         <run_address>0x20008430</run_address>
         <size>0x8</size>
         <input_file_ref idref="fl-1d"/>
      </object_component>
      <object_component id="oc-29">
         <name>.sysmem</name>
         <uninitialized>true</uninitialized>
         <run_address>0x20000000</run_address>
         <size>0x10</size>
         <input_file_ref idref="fl-dc"/>
      </object_component>
      <object_component id="oc-622">
         <name>.sysmem</name>
         <uninitialized>true</uninitialized>
         <run_address>0x20000000</run_address>
         <size>0x0</size>
      </object_component>
      <object_component id="oc-2c">
         <name>.stack</name>
         <uninitialized>true</uninitialized>
         <run_address>0x2000f000</run_address>
         <size>0x4</size>
         <input_file_ref idref="fl-dd"/>
      </object_component>
      <object_component id="oc-621">
         <name>.stack</name>
         <uninitialized>true</uninitialized>
         <run_address>0x2000f000</run_address>
         <size>0x0</size>
      </object_component>
      <object_component id="oc-26">
         <name>.intvecs:retain</name>
         <load_address>0x0</load_address>
         <run_address>0x0</run_address>
         <size>0x144</size>
         <input_file_ref idref="fl-1a"/>
      </object_component>
      <object_component id="oc-516">
         <name>.vtable</name>
         <uninitialized>true</uninitialized>
         <run_address>0x20008800</run_address>
         <size>0xe8</size>
         <input_file_ref idref="fl-1e"/>
      </object_component>
      <object_component id="oc-1c2">
         <name>.debug_info</name>
         <load_address>0x0</load_address>
         <run_address>0x0</run_address>
         <size>0x38c</size>
         <input_file_ref idref="fl-2"/>
      </object_component>
      <object_component id="oc-1bf">
         <name>.debug_info</name>
         <load_address>0x38c</load_address>
         <run_address>0x38c</run_address>
         <size>0x100</size>
         <input_file_ref idref="fl-2"/>
      </object_component>
      <object_component id="oc-1bc">
         <name>.debug_info</name>
         <load_address>0x48c</load_address>
         <run_address>0x48c</run_address>
         <size>0x18f</size>
         <input_file_ref idref="fl-2"/>
      </object_component>
      <object_component id="oc-11c">
         <name>.debug_info</name>
         <load_address>0x61b</load_address>
         <run_address>0x61b</run_address>
         <size>0x206</size>
         <input_file_ref idref="fl-2"/>
      </object_component>
      <object_component id="oc-269">
         <name>.debug_info</name>
         <load_address>0x821</load_address>
         <run_address>0x821</run_address>
         <size>0x26b</size>
         <input_file_ref idref="fl-2"/>
      </object_component>
      <object_component id="oc-35">
         <name>.debug_info</name>
         <load_address>0xa8c</load_address>
         <run_address>0xa8c</run_address>
         <size>0x84</size>
         <input_file_ref idref="fl-2"/>
      </object_component>
      <object_component id="oc-273">
         <name>.debug_info</name>
         <load_address>0xb10</load_address>
         <run_address>0xb10</run_address>
         <size>0x3b</size>
         <input_file_ref idref="fl-2"/>
      </object_component>
      <object_component id="oc-3bc">
         <name>.debug_info</name>
         <load_address>0xb4b</load_address>
         <run_address>0xb4b</run_address>
         <size>0x2a4</size>
         <input_file_ref idref="fl-2"/>
      </object_component>
      <object_component id="oc-25b">
         <name>.debug_info</name>
         <load_address>0xdef</load_address>
         <run_address>0xdef</run_address>
         <size>0xef</size>
         <input_file_ref idref="fl-2"/>
      </object_component>
      <object_component id="oc-262">
         <name>.debug_info</name>
         <load_address>0xede</load_address>
         <run_address>0xede</run_address>
         <size>0xbb</size>
         <input_file_ref idref="fl-2"/>
      </object_component>
      <object_component id="oc-570">
         <name>.debug_info</name>
         <load_address>0xf99</load_address>
         <run_address>0xf99</run_address>
         <size>0x53</size>
         <input_file_ref idref="fl-2"/>
      </object_component>
      <object_component id="oc-26e">
         <name>.debug_info</name>
         <load_address>0xfec</load_address>
         <run_address>0xfec</run_address>
         <size>0x53</size>
         <input_file_ref idref="fl-2"/>
      </object_component>
      <object_component id="oc-2e6">
         <name>.debug_info</name>
         <load_address>0x103f</load_address>
         <run_address>0x103f</run_address>
         <size>0x3d6</size>
         <input_file_ref idref="fl-3"/>
      </object_component>
      <object_component id="oc-343">
         <name>.debug_info</name>
         <load_address>0x1415</load_address>
         <run_address>0x1415</run_address>
         <size>0xfe</size>
         <input_file_ref idref="fl-3"/>
      </object_component>
      <object_component id="oc-346">
         <name>.debug_info</name>
         <load_address>0x1513</load_address>
         <run_address>0x1513</run_address>
         <size>0x10c</size>
         <input_file_ref idref="fl-3"/>
      </object_component>
      <object_component id="oc-233">
         <name>.debug_info</name>
         <load_address>0x161f</load_address>
         <run_address>0x161f</run_address>
         <size>0x104</size>
         <input_file_ref idref="fl-3"/>
      </object_component>
      <object_component id="oc-1f9">
         <name>.debug_info</name>
         <load_address>0x1723</load_address>
         <run_address>0x1723</run_address>
         <size>0x106</size>
         <input_file_ref idref="fl-3"/>
      </object_component>
      <object_component id="oc-188">
         <name>.debug_info</name>
         <load_address>0x1829</load_address>
         <run_address>0x1829</run_address>
         <size>0x14a</size>
         <input_file_ref idref="fl-3"/>
      </object_component>
      <object_component id="oc-112">
         <name>.debug_info</name>
         <load_address>0x1973</load_address>
         <run_address>0x1973</run_address>
         <size>0x168</size>
         <input_file_ref idref="fl-3"/>
      </object_component>
      <object_component id="oc-45b">
         <name>.debug_info</name>
         <load_address>0x1adb</load_address>
         <run_address>0x1adb</run_address>
         <size>0x9a</size>
         <input_file_ref idref="fl-3"/>
      </object_component>
      <object_component id="oc-460">
         <name>.debug_info</name>
         <load_address>0x1b75</load_address>
         <run_address>0x1b75</run_address>
         <size>0x4dc</size>
         <input_file_ref idref="fl-3"/>
      </object_component>
      <object_component id="oc-3f9">
         <name>.debug_info</name>
         <load_address>0x2051</load_address>
         <run_address>0x2051</run_address>
         <size>0xa1</size>
         <input_file_ref idref="fl-3"/>
      </object_component>
      <object_component id="oc-54b">
         <name>.debug_info</name>
         <load_address>0x20f2</load_address>
         <run_address>0x20f2</run_address>
         <size>0xb6</size>
         <input_file_ref idref="fl-3"/>
      </object_component>
      <object_component id="oc-9d">
         <name>.debug_info</name>
         <load_address>0x21a8</load_address>
         <run_address>0x21a8</run_address>
         <size>0x8b</size>
         <input_file_ref idref="fl-3"/>
      </object_component>
      <object_component id="oc-f9">
         <name>.debug_info</name>
         <load_address>0x2233</load_address>
         <run_address>0x2233</run_address>
         <size>0x14b</size>
         <input_file_ref idref="fl-4"/>
      </object_component>
      <object_component id="oc-108">
         <name>.debug_info</name>
         <load_address>0x237e</load_address>
         <run_address>0x237e</run_address>
         <size>0x7d2</size>
         <input_file_ref idref="fl-10"/>
      </object_component>
      <object_component id="oc-330">
         <name>.debug_info</name>
         <load_address>0x2b50</load_address>
         <run_address>0x2b50</run_address>
         <size>0x114</size>
         <input_file_ref idref="fl-10"/>
      </object_component>
      <object_component id="oc-327">
         <name>.debug_info</name>
         <load_address>0x2c64</load_address>
         <run_address>0x2c64</run_address>
         <size>0x11a</size>
         <input_file_ref idref="fl-10"/>
      </object_component>
      <object_component id="oc-236">
         <name>.debug_info</name>
         <load_address>0x2d7e</load_address>
         <run_address>0x2d7e</run_address>
         <size>0x11a</size>
         <input_file_ref idref="fl-10"/>
      </object_component>
      <object_component id="oc-230">
         <name>.debug_info</name>
         <load_address>0x2e98</load_address>
         <run_address>0x2e98</run_address>
         <size>0x148</size>
         <input_file_ref idref="fl-10"/>
      </object_component>
      <object_component id="oc-32c">
         <name>.debug_info</name>
         <load_address>0x2fe0</load_address>
         <run_address>0x2fe0</run_address>
         <size>0x1ee</size>
         <input_file_ref idref="fl-10"/>
      </object_component>
      <object_component id="oc-1b5">
         <name>.debug_info</name>
         <load_address>0x31ce</load_address>
         <run_address>0x31ce</run_address>
         <size>0x1f0</size>
         <input_file_ref idref="fl-10"/>
      </object_component>
      <object_component id="oc-1a9">
         <name>.debug_info</name>
         <load_address>0x33be</load_address>
         <run_address>0x33be</run_address>
         <size>0x1c5</size>
         <input_file_ref idref="fl-10"/>
      </object_component>
      <object_component id="oc-225">
         <name>.debug_info</name>
         <load_address>0x3583</load_address>
         <run_address>0x3583</run_address>
         <size>0x32f</size>
         <input_file_ref idref="fl-10"/>
      </object_component>
      <object_component id="oc-19d">
         <name>.debug_info</name>
         <load_address>0x38b2</load_address>
         <run_address>0x38b2</run_address>
         <size>0x206</size>
         <input_file_ref idref="fl-10"/>
      </object_component>
      <object_component id="oc-197">
         <name>.debug_info</name>
         <load_address>0x3ab8</load_address>
         <run_address>0x3ab8</run_address>
         <size>0x253</size>
         <input_file_ref idref="fl-10"/>
      </object_component>
      <object_component id="oc-1a3">
         <name>.debug_info</name>
         <load_address>0x3d0b</load_address>
         <run_address>0x3d0b</run_address>
         <size>0x1c9</size>
         <input_file_ref idref="fl-10"/>
      </object_component>
      <object_component id="oc-167">
         <name>.debug_info</name>
         <load_address>0x3ed4</load_address>
         <run_address>0x3ed4</run_address>
         <size>0x100</size>
         <input_file_ref idref="fl-10"/>
      </object_component>
      <object_component id="oc-162">
         <name>.debug_info</name>
         <load_address>0x3fd4</load_address>
         <run_address>0x3fd4</run_address>
         <size>0xf8</size>
         <input_file_ref idref="fl-10"/>
      </object_component>
      <object_component id="oc-16c">
         <name>.debug_info</name>
         <load_address>0x40cc</load_address>
         <run_address>0x40cc</run_address>
         <size>0x9d</size>
         <input_file_ref idref="fl-10"/>
      </object_component>
      <object_component id="oc-171">
         <name>.debug_info</name>
         <load_address>0x4169</load_address>
         <run_address>0x4169</run_address>
         <size>0x9a</size>
         <input_file_ref idref="fl-10"/>
      </object_component>
      <object_component id="oc-cf">
         <name>.debug_info</name>
         <load_address>0x4203</load_address>
         <run_address>0x4203</run_address>
         <size>0x26b</size>
         <input_file_ref idref="fl-10"/>
      </object_component>
      <object_component id="oc-c5">
         <name>.debug_info</name>
         <load_address>0x446e</load_address>
         <run_address>0x446e</run_address>
         <size>0x1028</size>
         <input_file_ref idref="fl-10"/>
      </object_component>
      <object_component id="oc-c0">
         <name>.debug_info</name>
         <load_address>0x5496</load_address>
         <run_address>0x5496</run_address>
         <size>0x37e2</size>
         <input_file_ref idref="fl-10"/>
      </object_component>
      <object_component id="oc-17b">
         <name>.debug_info</name>
         <load_address>0x8c78</load_address>
         <run_address>0x8c78</run_address>
         <size>0x3b</size>
         <input_file_ref idref="fl-10"/>
      </object_component>
      <object_component id="oc-109">
         <name>.debug_info</name>
         <load_address>0x8cb3</load_address>
         <run_address>0x8cb3</run_address>
         <size>0x297</size>
         <input_file_ref idref="fl-10"/>
      </object_component>
      <object_component id="oc-176">
         <name>.debug_info</name>
         <load_address>0x8f4a</load_address>
         <run_address>0x8f4a</run_address>
         <size>0xef</size>
         <input_file_ref idref="fl-10"/>
      </object_component>
      <object_component id="oc-ca">
         <name>.debug_info</name>
         <load_address>0x9039</load_address>
         <run_address>0x9039</run_address>
         <size>0xbb</size>
         <input_file_ref idref="fl-10"/>
      </object_component>
      <object_component id="oc-2c0">
         <name>.debug_info</name>
         <load_address>0x90f4</load_address>
         <run_address>0x90f4</run_address>
         <size>0x947</size>
         <input_file_ref idref="fl-11"/>
      </object_component>
      <object_component id="oc-1f6">
         <name>.debug_info</name>
         <load_address>0x9a3b</load_address>
         <run_address>0x9a3b</run_address>
         <size>0x121</size>
         <input_file_ref idref="fl-11"/>
      </object_component>
      <object_component id="oc-2b8">
         <name>.debug_info</name>
         <load_address>0x9b5c</load_address>
         <run_address>0x9b5c</run_address>
         <size>0x129</size>
         <input_file_ref idref="fl-11"/>
      </object_component>
      <object_component id="oc-532">
         <name>.debug_info</name>
         <load_address>0x9c85</load_address>
         <run_address>0x9c85</run_address>
         <size>0x1cd</size>
         <input_file_ref idref="fl-11"/>
      </object_component>
      <object_component id="oc-538">
         <name>.debug_info</name>
         <load_address>0x9e52</load_address>
         <run_address>0x9e52</run_address>
         <size>0x170</size>
         <input_file_ref idref="fl-11"/>
      </object_component>
      <object_component id="oc-53e">
         <name>.debug_info</name>
         <load_address>0x9fc2</load_address>
         <run_address>0x9fc2</run_address>
         <size>0x1aa</size>
         <input_file_ref idref="fl-11"/>
      </object_component>
      <object_component id="oc-44e">
         <name>.debug_info</name>
         <load_address>0xa16c</load_address>
         <run_address>0xa16c</run_address>
         <size>0x515</size>
         <input_file_ref idref="fl-11"/>
      </object_component>
      <object_component id="oc-448">
         <name>.debug_info</name>
         <load_address>0xa681</load_address>
         <run_address>0xa681</run_address>
         <size>0x170</size>
         <input_file_ref idref="fl-11"/>
      </object_component>
      <object_component id="oc-2a1">
         <name>.debug_info</name>
         <load_address>0xa7f1</load_address>
         <run_address>0xa7f1</run_address>
         <size>0x185</size>
         <input_file_ref idref="fl-11"/>
      </object_component>
      <object_component id="oc-1e5">
         <name>.debug_info</name>
         <load_address>0xa976</load_address>
         <run_address>0xa976</run_address>
         <size>0x353</size>
         <input_file_ref idref="fl-11"/>
      </object_component>
      <object_component id="oc-182">
         <name>.debug_info</name>
         <load_address>0xacc9</load_address>
         <run_address>0xacc9</run_address>
         <size>0x1c6</size>
         <input_file_ref idref="fl-11"/>
      </object_component>
      <object_component id="oc-551">
         <name>.debug_info</name>
         <load_address>0xae8f</load_address>
         <run_address>0xae8f</run_address>
         <size>0x161</size>
         <input_file_ref idref="fl-11"/>
      </object_component>
      <object_component id="oc-307">
         <name>.debug_info</name>
         <load_address>0xaff0</load_address>
         <run_address>0xaff0</run_address>
         <size>0x162</size>
         <input_file_ref idref="fl-11"/>
      </object_component>
      <object_component id="oc-33b">
         <name>.debug_info</name>
         <load_address>0xb152</load_address>
         <run_address>0xb152</run_address>
         <size>0x189</size>
         <input_file_ref idref="fl-11"/>
      </object_component>
      <object_component id="oc-2bb">
         <name>.debug_info</name>
         <load_address>0xb2db</load_address>
         <run_address>0xb2db</run_address>
         <size>0x4dc</size>
         <input_file_ref idref="fl-11"/>
      </object_component>
      <object_component id="oc-3f4">
         <name>.debug_info</name>
         <load_address>0xb7b7</load_address>
         <run_address>0xb7b7</run_address>
         <size>0xb6</size>
         <input_file_ref idref="fl-11"/>
      </object_component>
      <object_component id="oc-400">
         <name>.debug_info</name>
         <load_address>0xb86d</load_address>
         <run_address>0xb86d</run_address>
         <size>0x37e2</size>
         <input_file_ref idref="fl-11"/>
      </object_component>
      <object_component id="oc-49c">
         <name>.debug_info</name>
         <load_address>0xf04f</load_address>
         <run_address>0xf04f</run_address>
         <size>0x30a</size>
         <input_file_ref idref="fl-13"/>
      </object_component>
      <object_component id="oc-321">
         <name>.debug_info</name>
         <load_address>0xf359</load_address>
         <run_address>0xf359</run_address>
         <size>0x137</size>
         <input_file_ref idref="fl-13"/>
      </object_component>
      <object_component id="oc-2f5">
         <name>.debug_info</name>
         <load_address>0xf490</load_address>
         <run_address>0xf490</run_address>
         <size>0x57a</size>
         <input_file_ref idref="fl-15"/>
      </object_component>
      <object_component id="oc-31e">
         <name>.debug_info</name>
         <load_address>0xfa0a</load_address>
         <run_address>0xfa0a</run_address>
         <size>0x180</size>
         <input_file_ref idref="fl-15"/>
      </object_component>
      <object_component id="oc-466">
         <name>.debug_info</name>
         <load_address>0xfb8a</load_address>
         <run_address>0xfb8a</run_address>
         <size>0x12d</size>
         <input_file_ref idref="fl-15"/>
      </object_component>
      <object_component id="oc-319">
         <name>.debug_info</name>
         <load_address>0xfcb7</load_address>
         <run_address>0xfcb7</run_address>
         <size>0x15e</size>
         <input_file_ref idref="fl-15"/>
      </object_component>
      <object_component id="oc-229">
         <name>.debug_info</name>
         <load_address>0xfe15</load_address>
         <run_address>0xfe15</run_address>
         <size>0x1ee</size>
         <input_file_ref idref="fl-15"/>
      </object_component>
      <object_component id="oc-21d">
         <name>.debug_info</name>
         <load_address>0x10003</load_address>
         <run_address>0x10003</run_address>
         <size>0x2c6</size>
         <input_file_ref idref="fl-15"/>
      </object_component>
      <object_component id="oc-39f">
         <name>.debug_info</name>
         <load_address>0x102c9</load_address>
         <run_address>0x102c9</run_address>
         <size>0x17e</size>
         <input_file_ref idref="fl-15"/>
      </object_component>
      <object_component id="oc-217">
         <name>.debug_info</name>
         <load_address>0x10447</load_address>
         <run_address>0x10447</run_address>
         <size>0x180</size>
         <input_file_ref idref="fl-15"/>
      </object_component>
      <object_component id="oc-2e9">
         <name>.debug_info</name>
         <load_address>0x105c7</load_address>
         <run_address>0x105c7</run_address>
         <size>0x184</size>
         <input_file_ref idref="fl-15"/>
      </object_component>
      <object_component id="oc-399">
         <name>.debug_info</name>
         <load_address>0x1074b</load_address>
         <run_address>0x1074b</run_address>
         <size>0x238</size>
         <input_file_ref idref="fl-15"/>
      </object_component>
      <object_component id="oc-2ef">
         <name>.debug_info</name>
         <load_address>0x10983</load_address>
         <run_address>0x10983</run_address>
         <size>0x1e1</size>
         <input_file_ref idref="fl-15"/>
      </object_component>
      <object_component id="oc-205">
         <name>.debug_info</name>
         <load_address>0x10b64</load_address>
         <run_address>0x10b64</run_address>
         <size>0x1e6</size>
         <input_file_ref idref="fl-15"/>
      </object_component>
      <object_component id="oc-471">
         <name>.debug_info</name>
         <load_address>0x10d4a</load_address>
         <run_address>0x10d4a</run_address>
         <size>0x76</size>
         <input_file_ref idref="fl-15"/>
      </object_component>
      <object_component id="oc-46c">
         <name>.debug_info</name>
         <load_address>0x10dc0</load_address>
         <run_address>0x10dc0</run_address>
         <size>0xcc</size>
         <input_file_ref idref="fl-15"/>
      </object_component>
      <object_component id="oc-3f0">
         <name>.debug_info</name>
         <load_address>0x10e8c</load_address>
         <run_address>0x10e8c</run_address>
         <size>0x496</size>
         <input_file_ref idref="fl-16"/>
      </object_component>
      <object_component id="oc-2b3">
         <name>.debug_info</name>
         <load_address>0x11322</load_address>
         <run_address>0x11322</run_address>
         <size>0x187</size>
         <input_file_ref idref="fl-16"/>
      </object_component>
      <object_component id="oc-2e0">
         <name>.debug_info</name>
         <load_address>0x114a9</load_address>
         <run_address>0x114a9</run_address>
         <size>0x25f</size>
         <input_file_ref idref="fl-16"/>
      </object_component>
      <object_component id="oc-2d9">
         <name>.debug_info</name>
         <load_address>0x11708</load_address>
         <run_address>0x11708</run_address>
         <size>0x172</size>
         <input_file_ref idref="fl-16"/>
      </object_component>
      <object_component id="oc-386">
         <name>.debug_info</name>
         <load_address>0x1187a</load_address>
         <run_address>0x1187a</run_address>
         <size>0x10c</size>
         <input_file_ref idref="fl-16"/>
      </object_component>
      <object_component id="oc-258">
         <name>.debug_info</name>
         <load_address>0x11986</load_address>
         <run_address>0x11986</run_address>
         <size>0x800</size>
         <input_file_ref idref="fl-17"/>
      </object_component>
      <object_component id="oc-24f">
         <name>.debug_info</name>
         <load_address>0x12186</load_address>
         <run_address>0x12186</run_address>
         <size>0x117</size>
         <input_file_ref idref="fl-17"/>
      </object_component>
      <object_component id="oc-255">
         <name>.debug_info</name>
         <load_address>0x1229d</load_address>
         <run_address>0x1229d</run_address>
         <size>0x154</size>
         <input_file_ref idref="fl-17"/>
      </object_component>
      <object_component id="oc-383">
         <name>.debug_info</name>
         <load_address>0x123f1</load_address>
         <run_address>0x123f1</run_address>
         <size>0x10f</size>
         <input_file_ref idref="fl-17"/>
      </object_component>
      <object_component id="oc-252">
         <name>.debug_info</name>
         <load_address>0x12500</load_address>
         <run_address>0x12500</run_address>
         <size>0x11f</size>
         <input_file_ref idref="fl-17"/>
      </object_component>
      <object_component id="oc-37f">
         <name>.debug_info</name>
         <load_address>0x1261f</load_address>
         <run_address>0x1261f</run_address>
         <size>0x16e</size>
         <input_file_ref idref="fl-17"/>
      </object_component>
      <object_component id="oc-4ed">
         <name>.debug_info</name>
         <load_address>0x1278d</load_address>
         <run_address>0x1278d</run_address>
         <size>0x23d</size>
         <input_file_ref idref="fl-17"/>
      </object_component>
      <object_component id="oc-486">
         <name>.debug_info</name>
         <load_address>0x129ca</load_address>
         <run_address>0x129ca</run_address>
         <size>0x1f5</size>
         <input_file_ref idref="fl-17"/>
      </object_component>
      <object_component id="oc-379">
         <name>.debug_info</name>
         <load_address>0x12bbf</load_address>
         <run_address>0x12bbf</run_address>
         <size>0x365</size>
         <input_file_ref idref="fl-17"/>
      </object_component>
      <object_component id="oc-23f">
         <name>.debug_info</name>
         <load_address>0x12f24</load_address>
         <run_address>0x12f24</run_address>
         <size>0x23a</size>
         <input_file_ref idref="fl-17"/>
      </object_component>
      <object_component id="oc-24b">
         <name>.debug_info</name>
         <load_address>0x1315e</load_address>
         <run_address>0x1315e</run_address>
         <size>0x1e9</size>
         <input_file_ref idref="fl-17"/>
      </object_component>
      <object_component id="oc-1ae">
         <name>.debug_info</name>
         <load_address>0x13347</load_address>
[...]
      <symbol id="sm-199">
         <name>GPIO_setConfig</name>
         <value>0x6c5</value>
         <object_component_ref idref="oc-222"/>
      </symbol>
      <symbol id="sm-19a">
         <name>GPIO_init</name>
         <value>0xfd1</value>
         <object_component_ref idref="oc-194"/>
      </symbol>
      <symbol id="sm-19b">
         <name>GPIO_toggle</name>
         <value>0x1d79</value>
         <object_component_ref idref="oc-1a6"/>
      </symbol>
      <symbol id="sm-19c">
         <name>GPIO_enableInt</name>
         <value>0x1de9</value>
         <object_component_ref idref="oc-1a0"/>
      </symbol>
      <symbol id="sm-19d">
         <name>GPIO_write</name>
         <value>0x19fd</value>
         <object_component_ref idref="oc-1b2"/>
      </symbol>
      <symbol id="sm-19e">
         <name>GPIO_setCallback</name>
         <value>0x1941</value>
         <object_component_ref idref="oc-19a"/>
      </symbol>
      <symbol id="sm-19f">
         <name>GPIO_hwiIntFxn</name>
         <value>0x1739</value>
         <object_component_ref idref="oc-329"/>
      </symbol>
      <symbol id="sm-276">
         <name>Power_sleep</name>
         <value>0x145</value>
         <object_component_ref idref="oc-44c"/>
      </symbol>
      <symbol id="sm-277">
         <name>Power_idleFunc</name>
         <value>0x2139</value>
         <object_component_ref idref="oc-550"/>
      </symbol>
      <symbol id="sm-278">
         <name>Power_getConstraintMask</name>
         <value>0x2295</value>
         <object_component_ref idref="oc-446"/>
      </symbol>
      <symbol id="sm-279">
         <name>Power_disablePolicy</name>
         <value>0x21c9</value>
         <object_component_ref idref="oc-339"/>
      </symbol>
      <symbol id="sm-27a">
         <name>Power_init</name>
         <value>0x111d</value>
         <object_component_ref idref="oc-180"/>
      </symbol>
      <symbol id="sm-27b">
         <name>PowerMSP432_module</name>
         <value>0x20008280</value>
         <object_component_ref idref="oc-1f5"/>
      </symbol>
      <symbol id="sm-27c">
         <name>Power_enablePolicy</name>
         <value>0x21d9</value>
         <object_component_ref idref="oc-305"/>
      </symbol>
      <symbol id="sm-27d">
         <name>PowerMSP432_perfLevels</name>
         <value>0x20008140</value>
         <object_component_ref idref="oc-2b7"/>
      </symbol>
      <symbol id="sm-30a">
         <name>SemaphoreP_defaultParams</name>
         <value>0x200082c8</value>
         <object_component_ref idref="oc-465"/>
      </symbol>
      <symbol id="sm-30b">
         <name>SemaphoreP_construct</name>
         <value>0x1b55</value>
         <object_component_ref idref="oc-398"/>
      </symbol>
      <symbol id="sm-30c">
         <name>SemaphoreP_create</name>
         <value>0x210d</value>
         <object_component_ref idref="oc-2ee"/>
      </symbol>
      <symbol id="sm-30d">
         <name>SemaphoreP_destruct</name>
         <value>0x22f3</value>
         <object_component_ref idref="oc-39e"/>
      </symbol>
      <symbol id="sm-30e">
         <name>SemaphoreP_post</name>
         <value>0x1bed</value>
         <object_component_ref idref="oc-228"/>
      </symbol>
      <symbol id="sm-30f">
         <name>SemaphoreP_pend</name>
         <value>0x107d</value>
         <object_component_ref idref="oc-21c"/>
      </symbol>
      <symbol id="sm-310">
         <name>SemaphoreP_delete</name>
         <value>0x22e3</value>
         <object_component_ref idref="oc-216"/>
      </symbol>
      <symbol id="sm-311">
         <name>SemaphoreP_createBinary</name>
         <value>0x207b</value>
         <object_component_ref idref="oc-204"/>
      </symbol>
      <symbol id="sm-312">
         <name>SemaphoreP_Params_init</name>
         <value>0x21e9</value>
         <object_component_ref idref="oc-2e8"/>
      </symbol>
      <symbol id="sm-313">
         <name>clkFxn</name>
         <value>0x22f9</value>
         <object_component_ref idref="oc-317"/>
      </symbol>
      <symbol id="sm-33c">
         <name>PowerMSP432_initPolicy</name>
         <value>0x1e7b</value>
         <object_component_ref idref="oc-2d8"/>
      </symbol>
      <symbol id="sm-33d">
         <name>PowerMSP432_updateFreqs</name>
         <value>0x2287</value>
         <object_component_ref idref="oc-2b1"/>
      </symbol>
      <symbol id="sm-33e">
         <name>PowerMSP432_sleepPolicy</name>
         <value>0x1ba5</value>
         <object_component_ref idref="oc-2de"/>
      </symbol>
      <symbol id="sm-3fe">
         <name>ClockP_doTick</name>
         <value>0x2289</value>
         <object_component_ref idref="oc-37c"/>
      </symbol>
      <symbol id="sm-3ff">
         <name>ClockP_startup</name>
         <value>0xe71</value>
         <object_component_ref idref="oc-23c"/>
      </symbol>
      <symbol id="sm-400">
         <name>ClockP_scheduleNextTick</name>
         <value>0x1f41</value>
         <object_component_ref idref="oc-483"/>
      </symbol>
      <symbol id="sm-401">
         <name>ClockP_tickPeriod</name>
         <value>0x200082e4</value>
         <object_component_ref idref="oc-254"/>
      </symbol>
      <symbol id="sm-402">
         <name>ClockP_usleep</name>
         <value>0x16d1</value>
         <object_component_ref idref="oc-1ac"/>
      </symbol>
      <symbol id="sm-403">
         <name>ClockP_workFuncDynamic</name>
         <value>0xf25</value>
         <object_component_ref idref="oc-376"/>
      </symbol>
      <symbol id="sm-404">
         <name>ClockP_walkQueueDynamic</name>
         <value>0x150d</value>
         <object_component_ref idref="oc-4ea"/>
      </symbol>
      <symbol id="sm-405">
         <name>ClockP_destruct</name>
         <value>0x2095</value>
         <object_component_ref idref="oc-311"/>
      </symbol>
      <symbol id="sm-406">
         <name>ClockP_start</name>
         <value>0x140d</value>
         <object_component_ref idref="oc-2ff"/>
      </symbol>
      <symbol id="sm-407">
         <name>ClockP_isActive</name>
         <value>0x22cf</value>
         <object_component_ref idref="oc-30b"/>
      </symbol>
      <symbol id="sm-408">
         <name>ClockP_getTicks</name>
         <value>0x1f1d</value>
         <object_component_ref idref="oc-489"/>
      </symbol>
      <symbol id="sm-409">
         <name>ClockP_add</name>
         <value>0x1fcd</value>
         <object_component_ref idref="oc-2f9"/>
      </symbol>
      <symbol id="sm-4a8">
         <name>TimerP_setNextTick</name>
         <value>0x1cfd</value>
         <object_component_ref idref="oc-55f"/>
      </symbol>
      <symbol id="sm-4a9">
         <name>TimerP_getCurrentTick</name>
         <value>0x1665</value>
         <object_component_ref idref="oc-47d"/>
      </symbol>
      <symbol id="sm-4aa">
         <name>TimerP_setPeriod</name>
         <value>0x22e7</value>
         <object_component_ref idref="oc-4cc"/>
      </symbol>
      <symbol id="sm-4ab">
         <name>TimerP_getCount64</name>
         <value>0x1b01</value>
         <object_component_ref idref="oc-242"/>
      </symbol>
      <symbol id="sm-4ac">
         <name>TimerP_dynamicStub</name>
         <value>0x1a55</value>
         <object_component_ref idref="oc-4de"/>
      </symbol>
      <symbol id="sm-4ad">
         <name>TimerP_getMaxTicks</name>
         <value>0x22ad</value>
         <object_component_ref idref="oc-36a"/>
      </symbol>
      <symbol id="sm-4ae">
         <name>TimerP_construct</name>
         <value>0xbdd</value>
         <object_component_ref idref="oc-364"/>
      </symbol>
      <symbol id="sm-4af">
         <name>TimerP_getFreq</name>
         <value>0x22a1</value>
         <object_component_ref idref="oc-370"/>
      </symbol>
      <symbol id="sm-4b0">
         <name>TimerP_initDevice</name>
         <value>0x1d3d</value>
         <object_component_ref idref="oc-4c6"/>
      </symbol>
      <symbol id="sm-4b1">
         <name>TimerP_start</name>
         <value>0x1c75</value>
         <object_component_ref idref="oc-4d2"/>
      </symbol>
      <symbol id="sm-4b2">
         <name>TimerP_Params_init</name>
         <value>0x2229</value>
         <object_component_ref idref="oc-35e"/>
      </symbol>
      <symbol id="sm-524">
         <name>HwiP_construct</name>
         <value>0x1585</value>
         <object_component_ref idref="oc-2c9"/>
      </symbol>
      <symbol id="sm-525">
         <name>HwiP_inISR</name>
         <value>0x20ad</value>
         <object_component_ref idref="oc-333"/>
      </symbol>
      <symbol id="sm-526">
         <name>HwiP_dispatch</name>
         <value>0x1f65</value>
         <object_component_ref idref="oc-425"/>
      </symbol>
      <symbol id="sm-527">
         <name>HwiP_swiPIntNum</name>
         <value>0x200082ec</value>
         <object_component_ref idref="oc-42b"/>
      </symbol>
      <symbol id="sm-528">
         <name>HwiP_Params_init</name>
         <value>0x2175</value>
         <object_component_ref idref="oc-1e9"/>
      </symbol>
      <symbol id="sm-529">
         <name>HwiP_disable</name>
         <value>0x2199</value>
         <object_component_ref idref="oc-20a"/>
      </symbol>
      <symbol id="sm-52a">
         <name>HwiP_key</name>
         <value>0x200082e8</value>
         <object_component_ref idref="oc-42b"/>
      </symbol>
      <symbol id="sm-52b">
         <name>HwiP_create</name>
         <value>0x1e51</value>
         <object_component_ref idref="oc-1ef"/>
      </symbol>
      <symbol id="sm-52c">
         <name>HwiP_post</name>
         <value>0x22d7</value>
         <object_component_ref idref="oc-544"/>
      </symbol>
      <symbol id="sm-52d">
         <name>HwiP_enable</name>
         <value>0x22d3</value>
         <object_component_ref idref="oc-115"/>
      </symbol>
      <symbol id="sm-52e">
         <name>HwiP_restore</name>
         <value>0x22b9</value>
         <object_component_ref idref="oc-210"/>
      </symbol>
      <symbol id="sm-56b">
         <name>resetISR</name>
         <value>0x20f5</value>
         <object_component_ref idref="oc-1f"/>
      </symbol>
      <symbol id="sm-56c">
         <name>interruptVectors</name>
         <value>0x0</value>
         <object_component_ref idref="oc-26"/>
      </symbol>
      <symbol id="sm-5a9">
         <name>QueueP_next</name>
         <value>0x22df</value>
         <object_component_ref idref="oc-596"/>
      </symbol>
      <symbol id="sm-5aa">
         <name>QueueP_put</name>
         <value>0x1fed</value>
         <object_component_ref idref="oc-476"/>
      </symbol>
      <symbol id="sm-5ab">
         <name>QueueP_remove</name>
         <value>0x2247</value>
         <object_component_ref idref="oc-492"/>
      </symbol>
      <symbol id="sm-5ac">
         <name>QueueP_head</name>
         <value>0x22db</value>
         <object_component_ref idref="oc-590"/>
      </symbol>
      <symbol id="sm-5ad">
         <name>QueueP_init</name>
         <value>0x22c9</value>
         <object_component_ref idref="oc-34c"/>
      </symbol>
      <symbol id="sm-5ae">
         <name>QueueP_empty</name>
         <value>0x2239</value>
         <object_component_ref idref="oc-5d2"/>
      </symbol>
      <symbol id="sm-5af">
         <name>QueueP_get</name>
         <value>0x2061</value>
         <object_component_ref idref="oc-5cc"/>
      </symbol>
      <symbol id="sm-64e">
         <name>SwiP_disable</name>
         <value>0x200d</value>
         <object_component_ref idref="oc-440"/>
      </symbol>
      <symbol id="sm-64f">
         <name>SwiP_restore</name>
         <value>0x1c31</value>
         <object_component_ref idref="oc-452"/>
      </symbol>
      <symbol id="sm-650">
         <name>SwiP_construct</name>
         <value>0xd99</value>
         <object_component_ref idref="oc-358"/>
      </symbol>
      <symbol id="sm-651">
         <name>SwiP_Params_init</name>
         <value>0x21f9</value>
         <object_component_ref idref="oc-352"/>
      </symbol>
      <symbol id="sm-652">
         <name>SwiP_post</name>
         <value>0x1809</value>
         <object_component_ref idref="oc-4f1"/>
      </symbol>
      <symbol id="sm-653">
         <name>SwiP_dispatch</name>
         <value>0x11b9</value>
         <object_component_ref idref="oc-57d"/>
      </symbol>
      <symbol id="sm-6cc">
         <name>CS_setExternalClockSourceFrequency</name>
         <value>0x1fad</value>
         <object_component_ref idref="oc-299"/>
      </symbol>
      <symbol id="sm-6cd">
         <name>CS_startHFXTWithTimeout</name>
         <value>0x935</value>
         <object_component_ref idref="oc-2a5"/>
      </symbol>
      <symbol id="sm-6ce">
         <name>CS_startLFXTWithTimeout</name>
         <value>0xafd</value>
         <object_component_ref idref="oc-2ab"/>
      </symbol>
      <symbol id="sm-737">
         <name>Interrupt_disableMaster</name>
         <value>0x21a9</value>
         <object_component_ref idref="oc-52"/>
      </symbol>
      <symbol id="sm-738">
         <name>Interrupt_setPriority</name>
         <value>0x1aad</value>
         <object_component_ref idref="oc-419"/>
      </symbol>
      <symbol id="sm-739">
         <name>Interrupt_enableMaster</name>
         <value>0x21b9</value>
         <object_component_ref idref="oc-18d"/>
      </symbol>
      <symbol id="sm-73a">
         <name>Interrupt_enableInterrupt</name>
         <value>0x148d</value>
         <object_component_ref idref="oc-41f"/>
      </symbol>
      <symbol id="sm-73b">
         <name>Interrupt_registerInterrupt</name>
         <value>0x19a1</value>
         <object_component_ref idref="oc-413"/>
      </symbol>
      <symbol id="sm-73c">
         <name>g_pfnRAMVectors</name>
         <value>0x20008800</value>
         <object_component_ref idref="oc-516"/>
      </symbol>
      <symbol id="sm-73d">
         <name>Interrupt_pendInterrupt</name>
         <value>0x17a1</value>
         <object_component_ref idref="oc-5b7"/>
      </symbol>
      <symbol id="sm-749">
         <name>SysCtl_getNMISourceStatus</name>
         <value>0x2219</value>
         <object_component_ref idref="oc-5b0"/>
      </symbol>
      <symbol id="sm-769">
         <name>SysCtl_A_enableNMISource</name>
         <value>0x20dd</value>
         <object_component_ref idref="oc-3e7"/>
      </symbol>
      <symbol id="sm-76a">
         <name>SysCtl_A_getNMISourceStatus</name>
         <value>0x2209</value>
         <object_component_ref idref="oc-3d5"/>
      </symbol>
      <symbol id="sm-76b">
         <name>SysCtl_A_disableNMISource</name>
         <value>0x20c5</value>
         <object_component_ref idref="oc-3db"/>
      </symbol>
      <symbol id="sm-77d">
         <name>CPU_cpsie</name>
         <value>0x227b</value>
         <object_component_ref idref="oc-1fd"/>
      </symbol>
      <symbol id="sm-77e">
         <name>CPU_cpsid</name>
         <value>0x226f</value>
         <object_component_ref idref="oc-96"/>
      </symbol>
      <symbol id="sm-799">
         <name>memcpy</name>
         <value>0x1255</value>
         <object_component_ref idref="oc-3a"/>
      </symbol>
      <symbol id="sm-79a">
         <name>__aeabi_memcpy</name>
         <value>0x1255</value>
         <object_component_ref idref="oc-3a"/>
      </symbol>
      <symbol id="sm-79b">
         <name>__aeabi_memcpy8</name>
         <value>0x1255</value>
         <object_component_ref idref="oc-3a"/>
      </symbol>
      <symbol id="sm-79c">
         <name>__aeabi_memcpy4</name>
         <value>0x1255</value>
         <object_component_ref idref="oc-3a"/>
      </symbol>
      <symbol id="sm-7a9">
         <name>__aeabi_uldivmod</name>
         <value>0x12f1</value>
         <object_component_ref idref="oc-559"/>
      </symbol>
      <symbol id="sm-7c2">
         <name>__TI_zero_init_nomemset</name>
         <value>0x2029</value>
         <object_component_ref idref="oc-46"/>
      </symbol>
      <symbol id="sm-7d9">
         <name>__TI_decompress_none</name>
         <value>0x2255</value>
         <object_component_ref idref="oc-18"/>
      </symbol>
      <symbol id="sm-7fc">
         <name>__TI_decompress_lzss</name>
         <value>0x1871</value>
         <object_component_ref idref="oc-12"/>
      </symbol>
      <symbol id="sm-885">
         <name>_sys_memory</name>
         <value>0x20000000</value>
         <object_component_ref idref="oc-29"/>
      </symbol>
      <symbol id="sm-886">
         <name>free</name>
         <value>0xa19</value>
         <object_component_ref idref="oc-2cf"/>
      </symbol>
      <symbol id="sm-887">
         <name>memalign</name>
         <value>0x835</value>
         <object_component_ref idref="oc-40c"/>
      </symbol>
      <symbol id="sm-888">
         <name>malloc</name>
         <value>0x22c1</value>
         <object_component_ref idref="oc-2c3"/>
      </symbol>
      <symbol id="sm-889">
         <name>aligned_alloc</name>
         <value>0x835</value>
         <object_component_ref idref="oc-40c"/>
      </symbol>
      <symbol id="sm-89c">
         <name>__stack</name>
         <value>0x2000f000</value>
         <object_component_ref idref="oc-2c"/>
      </symbol>
      <symbol id="sm-89d">
         <name>_c_int00_noargs</name>
         <value>0x1e1d</value>
         <object_component_ref idref="oc-a8"/>
      </symbol>
      <symbol id="sm-8a7">
         <name>__aeabi_idiv0</name>
         <value>0x2301</value>
         <object_component_ref idref="oc-5bf"/>
      </symbol>
      <symbol id="sm-8a8">
         <name>__aeabi_ldiv0</name>
         <value>0x2301</value>
         <object_component_ref idref="oc-5bf"/>
      </symbol>
      <symbol id="sm-8d1">
         <name>__TI_auto_init_nobinit_nopinit</name>
         <value>0x1cb9</value>
         <object_component_ref idref="oc-12e"/>
      </symbol>
      <symbol id="sm-8db">
         <name>_system_pre_init</name>
         <value>0x22eb</value>
         <object_component_ref idref="oc-f0"/>
      </symbol>
      <symbol id="sm-8e7">
         <name>C$$EXIT</name>
         <value>0x22ef</value>
         <object_component_ref idref="oc-122"/>
      </symbol>
      <symbol id="sm-8e8">
         <name>abort</name>
         <value>0x22ef</value>
         <object_component_ref idref="oc-122"/>
      </symbol>
      <symbol id="sm-8fd">
         <name>_nop</name>
         <value>0x22f5</value>
         <object_component_ref idref="oc-27a"/>
      </symbol>
      <symbol id="sm-8fe">
         <name>_lock</name>
         <value>0x200082b8</value>
         <object_component_ref idref="oc-1c7"/>
      </symbol>
      <symbol id="sm-8ff">
         <name>_unlock</name>
         <value>0x200082bc</value>
         <object_component_ref idref="oc-1c7"/>
      </symbol>
      <symbol id="sm-901">
         <name>__TI_static_base__</name>
         <value>0x23d0</value>
      </symbol>
      <symbol id="sm-904">
         <name>__mpu_init</name>
         <value>0x0</value>
      </symbol>
      <symbol id="sm-905">
         <name>_system_post_cinit</name>
         <value>0x0</value>
      </symbol>
      <symbol id="sm-906">
         <name>usleep</name>
         <value>0x16d1</value>
      </symbol>
      <symbol id="sm-907">
         <name>NoRTOS_start</name>
         <value>0x22d3</value>
      </symbol>
   </symbol_table>
   <title>Link successful</title>
</link_info>
