******************************************************************************
                  TI ARM Linker PC v20.2.5                     
******************************************************************************
>> Linked Sun Jul 11 08:01:32 2021

OUTPUT FILE NAME:   <Blink.out>
ENTRY POINT SYMBOL: "resetISR"  address: 00001ff5


MEMORY CONFIGURATION

         name            origin    length      used     unused   attr    fill
----------------------  --------  ---------  --------  --------  ----  --------
  MAIN                  00000000   00040000  0000238a  0003dc76  R  X
  INFO                  00200000   00004000  00000000  00004000  R  X
  SRAM_CODE             01000000   00010000  0000952b  00006ad5  RW X
  SRAM_DATA             20000000   00010000  0000952b  00006ad5  RW  


SEGMENT ALLOCATION MAP

run origin  load origin   length   init length attrs members
----------  ----------- ---------- ----------- ----- -------
00000000    00000000    00002390   00002390    r-x
  00000000    00000000    00000144   00000144    r-- .intvecs
  00000144    00000144    000020be   000020be    r-x .text
  00002204    00002204    000000c8   000000c8    r-- .const
  000022d0    000022d0    000000c0   000000c0    r-- .cinit
20000000    20000000    00008444   00000000    rw-
  20000000    20000000    00008000   00000000    rw- .sysmem
  20008000    20008000    000002ef   00000000    rw- .data
  200082f0    200082f0    00000154   00000000    rw- .bss
20008800    20008800    000000e8   00000000    rw-
  20008800    20008800    000000e8   00000000    rw- .vtable
2000f000    2000f000    00001000   00000000    rw-
  2000f000    2000f000    00001000   00000000    rw- .stack


SECTION ALLOCATION MAP

 output                                  attributes/
section   page    origin      length       input sections
--------  ----  ----------  ----------   ----------------
.text      0    00000144    000020be     
                  00000144    000002f8     drivers_msp432p401x.aem4f : PowerMSP432.oem4f (.text:Power_sleep)
                  0000043c    00000288                               : PowerMSP432.oem4f (.text:initPerfControl)
                  000006c4    00000170                               : GPIOMSP432.oem4f (.text:GPIO_setConfig)
                  00000834    00000100     rtsv7M4_T_le_v4SPD16_eabi.lib : memory.c.obj (.text:aligned_alloc)
                  00000934    000000e4     msp432p4xx_driverlib.lib : cs.o (.text:CS_startHFXTWithTimeout)
                  00000a18    000000e4     rtsv7M4_T_le_v4SPD16_eabi.lib : memory.c.obj (.text:free)
                  00000afc    000000e0     msp432p4xx_driverlib.lib : cs.o (.text:CS_startLFXTWithTimeout)
                  00000bdc    000000e0     nortos_msp432p401x.aem4f : TimerPMSP432_nortos.oem4f (.text:TimerP_construct)
                  00000cbc    000000dc     msp432p4xx_driverlib.lib : cs.o (.text:_CSGetHFXTFrequency)
                  00000d98    000000d8     nortos_msp432p401x.aem4f : SwiP_nortos.oem4f (.text:SwiP_construct)
                  00000e70    000000b4                              : ClockPTimer_nortos.oem4f (.text:ClockP_startup)
                  00000f24    000000ac                              : ClockPTimer_nortos.oem4f (.text:ClockP_workFuncDynamic)
                  00000fd0    000000ac     drivers_msp432p401x.aem4f : GPIOMSP432.oem4f (.text:GPIO_init)
                  0000107c    000000a0     nortos_msp432p401x.aem4f : SemaphoreP_nortos.oem4f (.text:SemaphoreP_pend)
                  0000111c    0000009c     drivers_msp432p401x.aem4f : PowerMSP432.oem4f (.text:Power_init)
                  000011b8    0000009c     nortos_msp432p401x.aem4f : SwiP_nortos.oem4f (.text:SwiP_dispatch)
                  00001254    0000009c     rtsv7M4_T_le_v4SPD16_eabi.lib : memcpy_t2.asm.obj (.text)
                  000012f0    00000096                                   : ull_div_t2.asm.obj (.text)
                  00001386    00000002     ti_drivers_config.obj (.text:Board_initHook)
                  00001388    00000084     drivers_msp432p401x.aem4f : PowerMSP432.oem4f (.text:restartHFXT)
                  0000140c    00000080     nortos_msp432p401x.aem4f : ClockPTimer_nortos.oem4f (.text:ClockP_start)
                  0000148c    00000080     msp432p4xx_driverlib.lib : interrupt.o (.text:Interrupt_enableInterrupt)
                  0000150c    00000078     nortos_msp432p401x.aem4f : ClockPTimer_nortos.oem4f (.text:ClockP_walkQueueDynamic)
                  00001584    00000070                              : HwiPMSP432_nortos.oem4f (.text:HwiP_construct)
                  000015f4    00000070     rtsv7M4_T_le_v4SPD16_eabi.lib : memory.c.obj (.text:split)
                  00001664    0000006c     nortos_msp432p401x.aem4f : TimerPMSP432_nortos.oem4f (.text:TimerP_getCurrentTick)
                  000016d0    00000068                              : ClockPTimer_nortos.oem4f (.text:ClockP_usleep)
                  00001738    00000068     drivers_msp432p401x.aem4f : GPIOMSP432.oem4f (.text:GPIO_hwiIntFxn)
                  000017a0    00000068     msp432p4xx_driverlib.lib : interrupt.o (.text:Interrupt_pendInterrupt)
                  00001808    00000068     nortos_msp432p401x.aem4f : SwiP_nortos.oem4f (.text:SwiP_post)
                  00001870    00000068     rtsv7M4_T_le_v4SPD16_eabi.lib : copy_decompress_lzss.c.obj (.text:decompress:lzss:__TI_decompress_lzss)
                  000018d8    00000060     drivers_msp432p401x.aem4f : GPIOMSP432.oem4f (.text:GPIO_setCallback)
                  00001938    0000005c     msp432p4xx_driverlib.lib : interrupt.o (.text:Interrupt_registerInterrupt)
                  00001994    00000058     nortos_msp432p401x.aem4f : TimerPMSP432_nortos.oem4f (.text:TimerP_dynamicStub)
                  000019ec    00000054     msp432p4xx_driverlib.lib : interrupt.o (.text:Interrupt_setPriority)
                  00001a40    00000054     nortos_msp432p401x.aem4f : TimerPMSP432_nortos.oem4f (.text:TimerP_getCount64)
                  00001a94    00000050                              : SemaphoreP_nortos.oem4f (.text:SemaphoreP_construct)
                  00001ae4    00000048                              : PowerMSP432_nortos.oem4f (.text:PowerMSP432_sleepPolicy)
                  00001b2c    00000044                              : SemaphoreP_nortos.oem4f (.text:SemaphoreP_post)
                  00001b70    00000044                              : SwiP_nortos.oem4f (.text:SwiP_restore)
                  00001bb4    00000044                              : TimerPMSP432_nortos.oem4f (.text:TimerP_start)
                  00001bf8    00000044     rtsv7M4_T_le_v4SPD16_eabi.lib : autoinit.c.obj (.text:__TI_auto_init_nobinit_nopinit:__TI_auto_init_nobinit_nopinit)
                  00001c3c    00000040     nortos_msp432p401x.aem4f : TimerPMSP432_nortos.oem4f (.text:TimerP_setNextTick)
                  00001c7c    0000003c                              : TimerPMSP432_nortos.oem4f (.text:TimerP_initDevice)
                  00001cb8    00000038     drivers_msp432p401x.aem4f : GPIOMSP432.oem4f (.text:GPIO_toggle)
                  00001cf0    00000038                               : PowerMSP432.oem4f (.text:notify)
                  00001d28    00000034     rtsv7M4_T_le_v4SPD16_eabi.lib : boot_cortex_m.c.obj (.text:_c_int00_noargs:_c_int00_noargs)
                  00001d5c    0000002a     nortos_msp432p401x.aem4f : HwiPMSP432_nortos.oem4f (.text:HwiP_create)
                  00001d86    00000002                              : PowerMSP432_nortos.oem4f (.text:PowerMSP432_initPolicy)
                  00001d88    00000028     drivers_msp432p401x.aem4f : PowerMSP432.oem4f (.text:disableFaultCounter)
                  00001db0    00000028                               : PowerMSP432.oem4f (.text:disableHFXT)
                  00001dd8    00000028     rtsv7M4_T_le_v4SPD16_eabi.lib : memory.c.obj (.text:free_list_insert)
                  00001e00    00000024     nortos_msp432p401x.aem4f : ClockPTimer_nortos.oem4f (.text:ClockP_getTicks)
                  00001e24    00000024                              : ClockPTimer_nortos.oem4f (.text:ClockP_scheduleNextTick)
                  00001e48    00000024                              : HwiPMSP432_nortos.oem4f (.text:HwiP_dispatch)
                  00001e6c    00000024                              : ClockPTimer_nortos.oem4f (.text:sleepTicks)
                  00001e90    00000020     msp432p4xx_driverlib.lib : cs.o (.text:CS_setExternalClockSourceFrequency)
                  00001eb0    00000020     nortos_msp432p401x.aem4f : ClockPTimer_nortos.oem4f (.text:ClockP_add)
                  00001ed0    00000020                              : QueueP_nortos.oem4f (.text:QueueP_put)
                  00001ef0    0000001c                              : SwiP_nortos.oem4f (.text:SwiP_disable)
                  00001f0c    0000001c     rtsv7M4_T_le_v4SPD16_eabi.lib : copy_zero_init.c.obj (.text:decompress:ZI:__TI_zero_init_nomemset:__TI_zero_init_nomemset)
                  00001f28    0000001c                                   : memory.c.obj (.text:free_list_remove)
                  00001f44    0000001c     blink.obj (.text:mainThread)
                  00001f60    0000001a     nortos_msp432p401x.aem4f : QueueP_nortos.oem4f (.text:QueueP_get)
                  00001f7a    0000001a                              : SemaphoreP_nortos.oem4f (.text:SemaphoreP_createBinary)
                  00001f94    00000018                              : ClockPTimer_nortos.oem4f (.text:ClockP_destruct)
                  00001fac    00000018                              : HwiPMSP432_nortos.oem4f (.text:HwiP_inISR)
                  00001fc4    00000018     msp432p4xx_driverlib.lib : sysctl_a.o (.text:SysCtl_A_disableNMISource)
                  00001fdc    00000018                              : sysctl_a.o (.text:SysCtl_A_enableNMISource)
                  00001ff4    00000018     nortos_msp432p401x.aem4f : startup_msp432_ccs.oem4f (.text:resetISR)
                  0000200c    00000016                              : SemaphoreP_nortos.oem4f (.text:SemaphoreP_create)
                  00002022    00000016                              : SwiP_nortos.oem4f (.text:maxbit)
                  00002038    00000014     drivers_msp432p401x.aem4f : PowerMSP432.oem4f (.text:Power_idleFunc)
                  0000204c    00000014     nortos_msp432p401x.aem4f : SwiP_nortos.oem4f (.text:SwiP_handleHwi)
                  00002060    00000014                              : TimerPMSP432_nortos.oem4f (.text:TimerP_getCount)
                  00002074    00000012                              : HwiPMSP432_nortos.oem4f (.text:HwiP_Params_init)
                  00002086    00000012     main_nortos.obj (.text:main)
                  00002098    00000010     nortos_msp432p401x.aem4f : HwiPMSP432_nortos.oem4f (.text:HwiP_disable)
                  000020a8    00000010     msp432p4xx_driverlib.lib : interrupt.o (.text:Interrupt_disableMaster)
                  000020b8    00000010                              : interrupt.o (.text:Interrupt_enableMaster)
                  000020c8    00000010     drivers_msp432p401x.aem4f : PowerMSP432.oem4f (.text:Power_disablePolicy)
                  000020d8    00000010                               : PowerMSP432.oem4f (.text:Power_enablePolicy)
                  000020e8    00000010     nortos_msp432p401x.aem4f : SemaphoreP_nortos.oem4f (.text:SemaphoreP_Params_init)
                  000020f8    00000010                              : SwiP_nortos.oem4f (.text:SwiP_Params_init)
                  00002108    00000010     msp432p4xx_driverlib.lib : sysctl_a.o (.text:SysCtl_A_getNMISourceStatus)
                  00002118    00000010                              : sysctl.o (.text:SysCtl_getNMISourceStatus)
                  00002128    00000010     nortos_msp432p401x.aem4f : TimerPMSP432_nortos.oem4f (.text:TimerP_Params_init)
                  00002138    0000000e                              : QueueP_nortos.oem4f (.text:QueueP_empty)
                  00002146    0000000e                              : QueueP_nortos.oem4f (.text:QueueP_remove)
                  00002154    0000000e     rtsv7M4_T_le_v4SPD16_eabi.lib : copy_decompress_none.c.obj (.text:decompress:none:__TI_decompress_none)
                  00002162    0000000c     ti_drivers_config.obj (.text:Board_init)
                  0000216e    0000000c     msp432p4xx_driverlib.lib : cpu.o (.text:CPU_cpsid)
                  0000217a    0000000c                              : cpu.o (.text:CPU_cpsie)
                  00002186    00000002     nortos_msp432p401x.aem4f : PowerMSP432_nortos.oem4f (.text:PowerMSP432_updateFreqs)
                  00002188    0000000c                              : ClockPTimer_nortos.oem4f (.text:ClockP_doTick)
                  00002194    0000000c     drivers_msp432p401x.aem4f : PowerMSP432.oem4f (.text:Power_getConstraintMask)
                  000021a0    0000000c     nortos_msp432p401x.aem4f : TimerPMSP432_nortos.oem4f (.text:TimerP_getFreq)
                  000021ac    0000000c                              : TimerPMSP432_nortos.oem4f (.text:TimerP_getMaxTicks)
                  000021b8    00000008                              : HwiPMSP432_nortos.oem4f (.text:HwiP_restore)
                  000021c0    00000008     rtsv7M4_T_le_v4SPD16_eabi.lib : memory.c.obj (.text:malloc)
                  000021c8    00000006     nortos_msp432p401x.aem4f : QueueP_nortos.oem4f (.text:QueueP_init)
                  000021ce    00000004                              : ClockPTimer_nortos.oem4f (.text:ClockP_isActive)
                  000021d2    00000004                              : HwiPMSP432_nortos.oem4f (.text:HwiP_enable)
                  000021d6    00000004                              : HwiPMSP432_nortos.oem4f (.text:HwiP_post)
                  000021da    00000004                              : QueueP_nortos.oem4f (.text:QueueP_head)
                  000021de    00000004                              : QueueP_nortos.oem4f (.text:QueueP_next)
                  000021e2    00000004                              : SemaphoreP_nortos.oem4f (.text:SemaphoreP_delete)
                  000021e6    00000004                              : TimerPMSP432_nortos.oem4f (.text:TimerP_setPeriod)
                  000021ea    00000004     rtsv7M4_T_le_v4SPD16_eabi.lib : pre_init.c.obj (.text:_system_pre_init)
                  000021ee    00000004                                   : exit.c.obj (.text:abort:abort)
                  000021f2    00000002     nortos_msp432p401x.aem4f : SemaphoreP_nortos.oem4f (.text:SemaphoreP_destruct)
                  000021f4    00000002     rtsv7M4_T_le_v4SPD16_eabi.lib : _lock.c.obj (.text:_nop)
                  000021f6    00000002     nortos_msp432p401x.aem4f : startup_msp432_ccs.oem4f (.text:busFaultISR)
                  000021f8    00000002                              : SemaphoreP_nortos.oem4f (.text:clkFxn)
                  000021fa    00000002                              : startup_msp432_ccs.oem4f (.text:defaultISR)
                  000021fc    00000002                              : startup_msp432_ccs.oem4f (.text:faultISR)
                  000021fe    00000002                              : startup_msp432_ccs.oem4f (.text:nmiISR)
                  00002200    00000002     rtsv7M4_T_le_v4SPD16_eabi.lib : div0.asm.obj (.text)

.const     0    00002204    000000c8     
                  00002204    00000050     msp432p4xx_driverlib.lib : interrupt.o (.const:g_pulRegs)
                  00002254    00000038     ti_drivers_config.obj (.const:PowerMSP432_config)
                  0000228c    00000014     ti_drivers_config.obj (.const:GPIOMSP432_config)
                  000022a0    00000010     nortos_msp432p401x.aem4f : SwiP_nortos.oem4f (.const:SwiP_defaultParams)
                  000022b0    00000008     msp432p4xx_driverlib.lib : interrupt.o (.const:g_pulEnRegs)
                  000022b8    00000008                              : interrupt.o (.const:g_pulPendRegs)
                  000022c0    00000006     drivers_msp432p401x.aem4f : GPIOMSP432.oem4f (.const:.string:interruptType)
                  000022c6    00000006                               : GPIOMSP432.oem4f (.const:.string:portInterruptIds)

.cinit     0    000022d0    000000c0     
                  000022d0    00000088     (.cinit..data.load) [load image, compression = lzss]
                  00002358    0000000c     (__TI_handler_table)
                  00002364    00000004     --HOLE-- [fill = 0]
                  00002368    00000008     (.cinit..bss.load) [load image, compression = zero_init]
                  00002370    00000008     (.cinit..vtable.load) [load image, compression = zero_init]
                  00002378    00000018     (__TI_cinit_table)

.init_array 
*          0    00000000    00000000     UNINITIALIZED

.intvecs   0    00000000    00000144     
                  00000000    00000144     nortos_msp432p401x.aem4f : startup_msp432_ccs.oem4f (.intvecs:retain)

.sysmem    0    20000000    00008000     UNINITIALIZED
                  20000000    00000010     rtsv7M4_T_le_v4SPD16_eabi.lib : memory.c.obj (.sysmem)
                  20000010    00007ff0     --HOLE--

.data      0    20008000    000002ef     UNINITIALIZED
                  20008000    00000140     nortos_msp432p401x.aem4f : HwiPMSP432_nortos.oem4f (.data:HwiP_dispatchTable)
                  20008140    00000140     drivers_msp432p401x.aem4f : PowerMSP432.oem4f (.data:PowerMSP432_perfLevels)
                  20008280    0000002c                               : PowerMSP432.oem4f (.data:PowerMSP432_module)
                  200082ac    0000000c     nortos_msp432p401x.aem4f : TimerPMSP432_nortos.oem4f (.data:TimerP_defaultParams)
                  200082b8    00000008     rtsv7M4_T_le_v4SPD16_eabi.lib : _lock.c.obj (.data:$O1$$)
                  200082c0    00000008                                   : memory.c.obj (.data:$O1$$)
                  200082c8    00000008     nortos_msp432p401x.aem4f : SemaphoreP_nortos.oem4f (.data:SemaphoreP_defaultParams)
                  200082d0    00000008                              : ClockPTimer_nortos.oem4f (.data)
                  200082d8    00000008                              : HwiPMSP432_nortos.oem4f (.data)
                  200082e0    00000004     ti_drivers_config.obj (.data:gpioCallbackFunctions)
                  200082e4    00000004     ti_drivers_config.obj (.data:gpioPinConfigs)
                  200082e8    00000003     nortos_msp432p401x.aem4f : SemaphoreP_nortos.oem4f (.data)
                  200082eb    00000002     drivers_msp432p401x.aem4f : GPIOMSP432.oem4f (.data)
                  200082ed    00000001     nortos_msp432p401x.aem4f : SwiP_nortos.oem4f (.data)
                  200082ee    00000001                              : TimerPMSP432_nortos.oem4f (.data)

.bss       0    200082f0    00000154     UNINITIALIZED
                  200082f0    000000a0     nortos_msp432p401x.aem4f : ClockPTimer_nortos.oem4f (.bss:ClockP_module)
                  20008390    00000030     drivers_msp432p401x.aem4f : GPIOMSP432.oem4f (.bss:gpioCallbackInfo)
                  200083c0    00000020     nortos_msp432p401x.aem4f : SwiP_nortos.oem4f (.bss:SwiP_readyList)
                  200083e0    0000001c                              : SwiP_nortos.oem4f (.bss:SwiP_hwiStruct)
                  200083fc    0000001c                              : TimerPMSP432_nortos.oem4f (.bss:TimerP_hwiStruct)
                  20008418    0000000d                              : SwiP_nortos.oem4f (.bss)
                  20008425    00000003     --HOLE--
                  20008428    00000008     msp432p4xx_driverlib.lib : cs.o (.bss)
                  20008430    00000008     nortos_msp432p401x.aem4f : ClockPTimer_nortos.oem4f (.bss:timerFreq)
                  20008438    00000004     drivers_msp432p401x.aem4f : GPIOMSP432.oem4f (.bss)
                  2000843c    00000004     nortos_msp432p401x.aem4f : ClockPTimer_nortos.oem4f (.bss)
                  20008440    00000004                              : TimerPMSP432_nortos.oem4f (.bss)

.vtable    0    20008800    000000e8     UNINITIALIZED
                  20008800    000000e8     msp432p4xx_driverlib.lib : interrupt.o (.vtable)

.stack     0    2000f000    00001000     UNINITIALIZED
                  2000f000    00000004     rtsv7M4_T_le_v4SPD16_eabi.lib : boot_cortex_m.c.obj (.stack)
                  2000f004    00000ffc     --HOLE--

__llvm_prf_cnts 
*          0    20000000    00000000     UNINITIALIZED

.binit     0    00000000    00000000     

MODULE SUMMARY

       Module                       code   ro data   rw data
       ------                       ----   -------   -------
    .\
       blink.obj                    28     0         0      
       main_nortos.obj              18     0         0      
    +--+----------------------------+------+---------+---------+
       Total:                       46     0         0      
                                                            
    .\syscfg\
       ti_drivers_config.obj        14     76        16     
    +--+----------------------------+------+---------+---------+
       Total:                       14     76        16     
                                                            
    C:/ti/simplelink_msp432p4_sdk_3_40_01_02/kernel/nortos/lib/nortos_msp432p401x.aem4f
       ClockPTimer_nortos.oem4f     884    0         360    
       HwiPMSP432_nortos.oem4f      264    0         656    
       TimerPMSP432_nortos.oem4f    760    0         90     
       SwiP_nortos.oem4f            630    16        148    
       SemaphoreP_nortos.oem4f      380    0         22     
       startup_msp432_ccs.oem4f     32     324       0      
       QueueP_nortos.oem4f          100    0         0      
       PowerMSP432_nortos.oem4f     76     0         0      
    +--+----------------------------+------+---------+---------+
       Total:                       3126   340       1276   
                                                            
    C:/ti/simplelink_msp432p4_sdk_3_40_01_02/source/ti/devices/msp432p4xx/driverlib/ccs/msp432p4xx_driverlib.lib
       interrupt.o                  440    96        464    
       cs.o                         704    0         16     
       sysctl_a.o                   64     0         0      
       cpu.o                        24     0         0      
       sysctl.o                     16     0         0      
    +--+----------------------------+------+---------+---------+
       Total:                       1248   96        480    
                                                            
    C:/ti/simplelink_msp432p4_sdk_3_40_01_02/source/ti/drivers/lib/drivers_msp432p401x.aem4f
       PowerMSP432.oem4f            1896   0         728    
       GPIOMSP432.oem4f             796    12        108    
    +--+----------------------------+------+---------+---------+
       Total:                       2692   12        836    
                                                            
    C:\ti\ccs1031\ccs\tools\compiler\ti-cgt-arm_20.2.5.LTS\lib\rtsv7M4_T_le_v4SPD16_eabi.lib
       memory.c.obj                 672    0         16     
       memcpy_t2.asm.obj            156    0         0      
       ull_div_t2.asm.obj           150    0         0      
       copy_decompress_lzss.c.obj   104    0         0      
       autoinit.c.obj               68     0         0      
       boot_cortex_m.c.obj          52     0         0      
       copy_zero_init.c.obj         28     0         0      
       _lock.c.obj                  2      0         16     
       copy_decompress_none.c.obj   14     0         0      
       exit.c.obj                   4      0         0      
       pre_init.c.obj               4      0         0      
       div0.asm.obj                 2      0         0      
    +--+----------------------------+------+---------+---------+
       Total:                       1256   0         32     
                                                            
       Heap:                        0      0         65536  
       Stack:                       0      0         8192   
       Linker Generated:            0      188       0      
    +--+----------------------------+------+---------+---------+
       Grand Total:                 8382   712       76368  


LINKER GENERATED COPY TABLES

__TI_cinit_table @ 00002378 records: 3, size/record: 8, table size: 24
	.data: load addr=000022d0, load size=00000088 bytes, run addr=20008000, run size=000002ef bytes, compression=lzss
	.bss: load addr=00002368, load size=00000008 bytes, run addr=200082f0, run size=00000154 bytes, compression=zero_init
	.vtable: load addr=00002370, load size=00000008 bytes, run addr=20008800, run size=000000e8 bytes, compression=zero_init


LINKER GENERATED HANDLER TABLE

__TI_handler_table @ 00002358 records: 3, size/record: 4, table size: 12
	index: 0, handler: __TI_decompress_lzss
	index: 1, handler: __TI_decompress_none
	index: 2, handler: __TI_zero_init


GLOBAL SYMBOLS: SORTED ALPHABETICALLY BY Name 

address   name                              
-------   ----                              
00002163  Board_init                        
00001387  Board_initHook                    
000021ef  C$$EXIT                           
0000216f  CPU_cpsid                         
0000217b  CPU_cpsie                         
00001e91  CS_setExternalClockSourceFrequency
00000935  CS_startHFXTWithTimeout           
00000afd  CS_startLFXTWithTimeout           
00001eb1  ClockP_add                        
00001f95  ClockP_destruct                   
00002189  ClockP_doTick                     
00001e01  ClockP_getTicks                   
000021cf  ClockP_isActive                   
00001e25  ClockP_scheduleNextTick           
0000140d  ClockP_start                      
00000e71  ClockP_startup                    
200082d4  ClockP_tickPeriod                 
000016d1  ClockP_usleep                     
0000150d  ClockP_walkQueueDynamic           
00000f25  ClockP_workFuncDynamic            
0000228c  GPIOMSP432_config                 
00001739  GPIO_hwiIntFxn                    
00000fd1  GPIO_init                         
000018d9  GPIO_setCallback                  
000006c5  GPIO_setConfig                    
00001cb9  GPIO_toggle                       
00002075  HwiP_Params_init                  
00001585  HwiP_construct                    
00001d5d  HwiP_create                       
00002099  HwiP_disable                      
00001e49  HwiP_dispatch                     
000021d3  HwiP_enable                       
00001fad  HwiP_inISR                        
200082d8  HwiP_key                          
000021d7  HwiP_post                         
000021b9  HwiP_restore                      
200082dc  HwiP_swiPIntNum                   
000020a9  Interrupt_disableMaster           
0000148d  Interrupt_enableInterrupt         
000020b9  Interrupt_enableMaster            
000017a1  Interrupt_pendInterrupt           
00001939  Interrupt_registerInterrupt       
000019ed  Interrupt_setPriority             
000021d3  NoRTOS_start                      
00002254  PowerMSP432_config                
00001d87  PowerMSP432_initPolicy            
20008280  PowerMSP432_module                
20008140  PowerMSP432_perfLevels            
00001ae5  PowerMSP432_sleepPolicy           
00002187  PowerMSP432_updateFreqs           
000020c9  Power_disablePolicy               
000020d9  Power_enablePolicy                
00002195  Power_getConstraintMask           
00002039  Power_idleFunc                    
0000111d  Power_init                        
00000145  Power_sleep                       
00002139  QueueP_empty                      
00001f61  QueueP_get                        
000021db  QueueP_head                       
000021c9  QueueP_init                       
000021df  QueueP_next                       
00001ed1  QueueP_put                        
00002147  QueueP_remove                     
000020e9  SemaphoreP_Params_init            
00001a95  SemaphoreP_construct              
0000200d  SemaphoreP_create                 
00001f7b  SemaphoreP_createBinary           
200082c8  SemaphoreP_defaultParams          
000021e3  SemaphoreP_delete                 
000021f3  SemaphoreP_destruct               
0000107d  SemaphoreP_pend                   
00001b2d  SemaphoreP_post                   
000020f9  SwiP_Params_init                  
00000d99  SwiP_construct                    
00001ef1  SwiP_disable                      
000011b9  SwiP_dispatch                     
00001809  SwiP_post                         
00001b71  SwiP_restore                      
00001fc5  SysCtl_A_disableNMISource         
00001fdd  SysCtl_A_enableNMISource          
00002109  SysCtl_A_getNMISourceStatus       
00002119  SysCtl_getNMISourceStatus         
00002129  TimerP_Params_init                
00000bdd  TimerP_construct                  
00001995  TimerP_dynamicStub                
00001a41  TimerP_getCount64                 
00001665  TimerP_getCurrentTick             
000021a1  TimerP_getFreq                    
000021ad  TimerP_getMaxTicks                
00001c7d  TimerP_initDevice                 
00001c3d  TimerP_setNextTick                
000021e7  TimerP_setPeriod                  
00001bb5  TimerP_start                      
4000480c  WDTCTL_SYM                        
20010000  __STACK_END                       
00001000  __STACK_SIZE                      
00008000  __SYSMEM_SIZE                     
00002378  __TI_CINIT_Base                   
00002390  __TI_CINIT_Limit                  
00002358  __TI_Handler_Table_Base           
00002364  __TI_Handler_Table_Limit          
00001bf9  __TI_auto_init_nobinit_nopinit    
00001871  __TI_decompress_lzss              
00002155  __TI_decompress_none              
ffffffff  __TI_pprof_out_hndl               
ffffffff  __TI_prof_data_size               
ffffffff  __TI_prof_data_start              
000022d0  __TI_static_base__                
00001f0d  __TI_zero_init_nomemset           
00002201  __aeabi_idiv0                     
00002201  __aeabi_ldiv0                     
00001255  __aeabi_memcpy                    
00001255  __aeabi_memcpy4                   
00001255  __aeabi_memcpy8                   
000012f1  __aeabi_uldivmod                  
ffffffff  __binit__                         
ffffffff  __c_args__                        
UNDEFED   __mpu_init                        
2000f000  __stack                           
20000000  __start___llvm_prf_cnts           
20000000  __stop___llvm_prf_cnts            
00001d29  _c_int00_noargs                   
200082b8  _lock                             
000021f5  _nop                              
20000000  _sys_memory                       
UNDEFED   _system_post_cinit                
000021eb  _system_pre_init                  
200082bc  _unlock                           
000021ef  abort                             
00000835  aligned_alloc                     
ffffffff  binit                             
000021f9  clkFxn                            
00000a19  free                              
20008800  g_pfnRAMVectors                   
200082e0  gpioCallbackFunctions             
200082e4  gpioPinConfigs                    
00000000  interruptVectors                  
00002087  main                              
00001f45  mainThread                        
000021c1  malloc                            
00000835  memalign                          
00001255  memcpy                            
00001ff5  resetISR                          
000016d1  usleep                            


GLOBAL SYMBOLS: SORTED BY Symbol Address 

address   name                              
-------   ----                              
00000000  interruptVectors                  
00000145  Power_sleep                       
000006c5  GPIO_setConfig                    
00000835  aligned_alloc                     
00000835  memalign                          
00000935  CS_startHFXTWithTimeout           
00000a19  free                              
00000afd  CS_startLFXTWithTimeout           
00000bdd  TimerP_construct                  
00000d99  SwiP_construct                    
00000e71  ClockP_startup                    
00000f25  ClockP_workFuncDynamic            
00000fd1  GPIO_init                         
00001000  __STACK_SIZE                      
0000107d  SemaphoreP_pend                   
0000111d  Power_init                        
000011b9  SwiP_dispatch                     
00001255  __aeabi_memcpy                    
00001255  __aeabi_memcpy4                   
00001255  __aeabi_memcpy8                   
00001255  memcpy                            
000012f1  __aeabi_uldivmod                  
00001387  Board_initHook                    
0000140d  ClockP_start                      
0000148d  Interrupt_enableInterrupt         
0000150d  ClockP_walkQueueDynamic           
00001585  HwiP_construct                    
00001665  TimerP_getCurrentTick             
000016d1  ClockP_usleep                     
000016d1  usleep                            
00001739  GPIO_hwiIntFxn                    
000017a1  Interrupt_pendInterrupt           
00001809  SwiP_post                         
00001871  __TI_decompress_lzss              
000018d9  GPIO_setCallback                  
00001939  Interrupt_registerInterrupt       
00001995  TimerP_dynamicStub                
000019ed  Interrupt_setPriority             
00001a41  TimerP_getCount64                 
00001a95  SemaphoreP_construct              
00001ae5  PowerMSP432_sleepPolicy           
00001b2d  SemaphoreP_post                   
00001b71  SwiP_restore                      
00001bb5  TimerP_start                      
00001bf9  __TI_auto_init_nobinit_nopinit    
00001c3d  TimerP_setNextTick                
00001c7d  TimerP_initDevice                 
00001cb9  GPIO_toggle                       
00001d29  _c_int00_noargs                   
00001d5d  HwiP_create                       
00001d87  PowerMSP432_initPolicy            
00001e01  ClockP_getTicks                   
00001e25  ClockP_scheduleNextTick           
00001e49  HwiP_dispatch                     
00001e91  CS_setExternalClockSourceFrequency
00001eb1  ClockP_add                        
00001ed1  QueueP_put                        
00001ef1  SwiP_disable                      
00001f0d  __TI_zero_init_nomemset           
00001f45  mainThread                        
00001f61  QueueP_get                        
00001f7b  SemaphoreP_createBinary           
00001f95  ClockP_destruct                   
00001fad  HwiP_inISR                        
00001fc5  SysCtl_A_disableNMISource         
00001fdd  SysCtl_A_enableNMISource          
00001ff5  resetISR                          
0000200d  SemaphoreP_create                 
00002039  Power_idleFunc                    
00002075  HwiP_Params_init                  
00002087  main                              
00002099  HwiP_disable                      
000020a9  Interrupt_disableMaster           
000020b9  Interrupt_enableMaster            
000020c9  Power_disablePolicy               
000020d9  Power_enablePolicy                
000020e9  SemaphoreP_Params_init            
000020f9  SwiP_Params_init                  
00002109  SysCtl_A_getNMISourceStatus       
00002119  SysCtl_getNMISourceStatus         
00002129  TimerP_Params_init                
00002139  QueueP_empty                      
00002147  QueueP_remove                     
00002155  __TI_decompress_none              
00002163  Board_init                        
0000216f  CPU_cpsid                         
0000217b  CPU_cpsie                         
00002187  PowerMSP432_updateFreqs           
00002189  ClockP_doTick                     
00002195  Power_getConstraintMask           
000021a1  TimerP_getFreq                    
000021ad  TimerP_getMaxTicks                
000021b9  HwiP_restore                      
000021c1  malloc                            
000021c9  QueueP_init                       
000021cf  ClockP_isActive                   
000021d3  HwiP_enable                       
000021d3  NoRTOS_start                      
000021d7  HwiP_post                         
000021db  QueueP_head                       
000021df  QueueP_next                       
000021e3  SemaphoreP_delete                 
000021e7  TimerP_setPeriod                  
000021eb  _system_pre_init                  
000021ef  C$$EXIT                           
000021ef  abort                             
000021f3  SemaphoreP_destruct               
000021f5  _nop                              
000021f9  clkFxn                            
00002201  __aeabi_idiv0                     
00002201  __aeabi_ldiv0                     
00002254  PowerMSP432_config                
0000228c  GPIOMSP432_config                 
000022d0  __TI_static_base__                
00002358  __TI_Handler_Table_Base           
00002364  __TI_Handler_Table_Limit          
00002378  __TI_CINIT_Base                   
00002390  __TI_CINIT_Limit                  
00008000  __SYSMEM_SIZE                     
20000000  __start___llvm_prf_cnts           
20000000  __stop___llvm_prf_cnts            
20000000  _sys_memory                       
20008140  PowerMSP432_perfLevels            
20008280  PowerMSP432_module                
200082b8  _lock                             
200082bc  _unlock                           
200082c8  SemaphoreP_defaultParams          
200082d4  ClockP_tickPeriod                 
200082d8  HwiP_key                          
200082dc  HwiP_swiPIntNum                   
200082e0  gpioCallbackFunctions             
200082e4  gpioPinConfigs                    
20008800  g_pfnRAMVectors                   
2000f000  __stack                           
20010000  __STACK_END                       
4000480c  WDTCTL_SYM                        
ffffffff  __TI_pprof_out_hndl               
ffffffff  __TI_prof_data_size               
ffffffff  __TI_prof_data_start              
ffffffff  __binit__                         
ffffffff  __c_args__                        
ffffffff  binit                             
UNDEFED   __mpu_init                        
UNDEFED   _system_post_cinit                

[144 symbols]
