******************************************************************************
                  TI ARM Linker PC v20.2.5                     
******************************************************************************
>> Linked Sat Jul 17 17:54:46 2021

OUTPUT FILE NAME:   <Button_Polling.out>
ENTRY POINT SYMBOL: "resetISR"  address: 00002051


MEMORY CONFIGURATION

         name            origin    length      used     unused   attr    fill
----------------------  --------  ---------  --------  --------  ----  --------
  MAIN                  00000000   00040000  000023ec  0003dc14  R  X
  INFO                  00200000   00004000  00000000  00004000  R  X
  SRAM_CODE             01000000   00010000  00009533  00006acd  RW X
  SRAM_DATA             20000000   00010000  00009533  00006acd  RW  


SEGMENT ALLOCATION MAP

run origin  load origin   length   init length attrs members
----------  ----------- ---------- ----------- ----- -------
00000000    00000000    000023f0   000023f0    r-x
  00000000    00000000    00000144   00000144    r-- .intvecs
  00000144    00000144    00002118   00002118    r-x .text
  0000225c    0000225c    000000c8   000000c8    r-- .const
  00002328    00002328    000000c8   000000c8    r-- .cinit
20000000    20000000    0000844c   00000000    rw-
  20000000    20000000    00008000   00000000    rw- .sysmem
  20008000    20008000    000002f7   00000000    rw- .data
  200082f8    200082f8    00000154   00000000    rw- .bss
20008800    20008800    000000e8   00000000    rw-
  20008800    20008800    000000e8   00000000    rw- .vtable
2000f000    2000f000    00001000   00000000    rw-
  2000f000    2000f000    00001000   00000000    rw- .stack


SECTION ALLOCATION MAP

 output                                  attributes/
section   page    origin      length       input sections
--------  ----  ----------  ----------   ----------------
.text      0    00000144    00002118     
                  00000144    000002f8     drivers_msp432p401x.aem4f : PowerMSP432.oem4f (.text:Power_sleep)
                  0000043c    00000288                               : PowerMSP432.oem4f (.text:initPerfControl)
                  000006c4    00000170                               : GPIOMSP432.oem4f (.text:GPIO_setConfig)
                  00000834    00000100     rtsv7M4_T_le_v4SPD16_eabi.lib : memory.c.obj (.text:aligned_alloc)
                  00000934    000000e4     msp432p4xx_driverlib.lib : cs.o (.text:CS_startHFXTWithTimeout)
                  00000a18    000000e4     rtsv7M4_T_le_v4SPD16_eabi.lib : memory.c.obj (.text:free)
                  00000afc    000000e0     msp432p4xx_driverlib.lib : cs.o (.text:CS_startLFXTWithTimeout)
                  00000bdc    000000e0     nortos_msp432p401x.aem4f : TimerPMSP432_nortos.oem4f (.text:TimerP_construct)
                  00000cbc    000000dc     msp432p4xx_driverlib.lib : cs.o (.text:_CSGetHFXTFrequency)
                  00000d98    000000d8     nortos_msp432p401x.aem4f : SwiP_nortos.oem4f (.text:SwiP_construct)
                  00000e70    000000b4                              : ClockPTimer_nortos.oem4f (.text:ClockP_startup)
                  00000f24    000000ac                              : ClockPTimer_nortos.oem4f (.text:ClockP_workFuncDynamic)
                  00000fd0    000000ac     drivers_msp432p401x.aem4f : GPIOMSP432.oem4f (.text:GPIO_init)
                  0000107c    000000a0     nortos_msp432p401x.aem4f : SemaphoreP_nortos.oem4f (.text:SemaphoreP_pend)
                  0000111c    0000009c     drivers_msp432p401x.aem4f : PowerMSP432.oem4f (.text:Power_init)
                  000011b8    0000009c     nortos_msp432p401x.aem4f : SwiP_nortos.oem4f (.text:SwiP_dispatch)
                  00001254    0000009c     rtsv7M4_T_le_v4SPD16_eabi.lib : memcpy_t2.asm.obj (.text)
                  000012f0    00000096                                   : ull_div_t2.asm.obj (.text)
                  00001386    00000002     ti_drivers_config.obj (.text:Board_initHook)
                  00001388    00000084     drivers_msp432p401x.aem4f : PowerMSP432.oem4f (.text:restartHFXT)
                  0000140c    00000080     nortos_msp432p401x.aem4f : ClockPTimer_nortos.oem4f (.text:ClockP_start)
                  0000148c    00000080     msp432p4xx_driverlib.lib : interrupt.o (.text:Interrupt_enableInterrupt)
                  0000150c    00000078     nortos_msp432p401x.aem4f : ClockPTimer_nortos.oem4f (.text:ClockP_walkQueueDynamic)
                  00001584    00000070                              : HwiPMSP432_nortos.oem4f (.text:HwiP_construct)
                  000015f4    00000070     rtsv7M4_T_le_v4SPD16_eabi.lib : memory.c.obj (.text:split)
                  00001664    0000006c     nortos_msp432p401x.aem4f : TimerPMSP432_nortos.oem4f (.text:TimerP_getCurrentTick)
                  000016d0    00000068                              : ClockPTimer_nortos.oem4f (.text:ClockP_usleep)
                  00001738    00000068     drivers_msp432p401x.aem4f : GPIOMSP432.oem4f (.text:GPIO_hwiIntFxn)
                  000017a0    00000068     msp432p4xx_driverlib.lib : interrupt.o (.text:Interrupt_pendInterrupt)
                  00001808    00000068     nortos_msp432p401x.aem4f : SwiP_nortos.oem4f (.text:SwiP_post)
                  00001870    00000068     rtsv7M4_T_le_v4SPD16_eabi.lib : copy_decompress_lzss.c.obj (.text:decompress:lzss:__TI_decompress_lzss)
                  000018d8    00000060     drivers_msp432p401x.aem4f : GPIOMSP432.oem4f (.text:GPIO_setCallback)
                  00001938    0000005c     msp432p4xx_driverlib.lib : interrupt.o (.text:Interrupt_registerInterrupt)
                  00001994    00000058     drivers_msp432p401x.aem4f : GPIOMSP432.oem4f (.text:GPIO_write)
                  000019ec    00000058     nortos_msp432p401x.aem4f : TimerPMSP432_nortos.oem4f (.text:TimerP_dynamicStub)
                  00001a44    00000054     msp432p4xx_driverlib.lib : interrupt.o (.text:Interrupt_setPriority)
                  00001a98    00000054     nortos_msp432p401x.aem4f : TimerPMSP432_nortos.oem4f (.text:TimerP_getCount64)
                  00001aec    00000050                              : SemaphoreP_nortos.oem4f (.text:SemaphoreP_construct)
                  00001b3c    00000048                              : PowerMSP432_nortos.oem4f (.text:PowerMSP432_sleepPolicy)
                  00001b84    00000044                              : SemaphoreP_nortos.oem4f (.text:SemaphoreP_post)
                  00001bc8    00000044                              : SwiP_nortos.oem4f (.text:SwiP_restore)
                  00001c0c    00000044                              : TimerPMSP432_nortos.oem4f (.text:TimerP_start)
                  00001c50    00000044     rtsv7M4_T_le_v4SPD16_eabi.lib : autoinit.c.obj (.text:__TI_auto_init_nobinit_nopinit:__TI_auto_init_nobinit_nopinit)
                  00001c94    00000040     nortos_msp432p401x.aem4f : TimerPMSP432_nortos.oem4f (.text:TimerP_setNextTick)
                  00001cd4    0000003c                              : TimerPMSP432_nortos.oem4f (.text:TimerP_initDevice)
                  00001d10    00000038     drivers_msp432p401x.aem4f : PowerMSP432.oem4f (.text:notify)
                  00001d48    00000036     Button_Polling.obj (.text:mainThread)
                  00001d7e    00000002     nortos_msp432p401x.aem4f : PowerMSP432_nortos.oem4f (.text:PowerMSP432_initPolicy)
                  00001d80    00000034     rtsv7M4_T_le_v4SPD16_eabi.lib : boot_cortex_m.c.obj (.text:_c_int00_noargs:_c_int00_noargs)
                  00001db4    0000002a     nortos_msp432p401x.aem4f : HwiPMSP432_nortos.oem4f (.text:HwiP_create)
                  00001dde    00000002                              : PowerMSP432_nortos.oem4f (.text:PowerMSP432_updateFreqs)
                  00001de0    00000028     drivers_msp432p401x.aem4f : PowerMSP432.oem4f (.text:disableFaultCounter)
                  00001e08    00000028                               : PowerMSP432.oem4f (.text:disableHFXT)
                  00001e30    00000028     rtsv7M4_T_le_v4SPD16_eabi.lib : memory.c.obj (.text:free_list_insert)
                  00001e58    00000024     nortos_msp432p401x.aem4f : ClockPTimer_nortos.oem4f (.text:ClockP_getTicks)
                  00001e7c    00000024                              : ClockPTimer_nortos.oem4f (.text:ClockP_scheduleNextTick)
                  00001ea0    00000024                              : HwiPMSP432_nortos.oem4f (.text:HwiP_dispatch)
                  00001ec4    00000024                              : ClockPTimer_nortos.oem4f (.text:sleepTicks)
                  00001ee8    00000020     msp432p4xx_driverlib.lib : cs.o (.text:CS_setExternalClockSourceFrequency)
                  00001f08    00000020     nortos_msp432p401x.aem4f : ClockPTimer_nortos.oem4f (.text:ClockP_add)
                  00001f28    00000020     drivers_msp432p401x.aem4f : GPIOMSP432.oem4f (.text:GPIO_read)
                  00001f48    00000020     nortos_msp432p401x.aem4f : QueueP_nortos.oem4f (.text:QueueP_put)
                  00001f68    0000001c                              : SwiP_nortos.oem4f (.text:SwiP_disable)
                  00001f84    0000001c     rtsv7M4_T_le_v4SPD16_eabi.lib : copy_zero_init.c.obj (.text:decompress:ZI:__TI_zero_init_nomemset:__TI_zero_init_nomemset)
                  00001fa0    0000001c                                   : memory.c.obj (.text:free_list_remove)
                  00001fbc    0000001a     nortos_msp432p401x.aem4f : QueueP_nortos.oem4f (.text:QueueP_get)
                  00001fd6    0000001a                              : SemaphoreP_nortos.oem4f (.text:SemaphoreP_createBinary)
                  00001ff0    00000018                              : ClockPTimer_nortos.oem4f (.text:ClockP_destruct)
                  00002008    00000018                              : HwiPMSP432_nortos.oem4f (.text:HwiP_inISR)
                  00002020    00000018     msp432p4xx_driverlib.lib : sysctl_a.o (.text:SysCtl_A_disableNMISource)
                  00002038    00000018                              : sysctl_a.o (.text:SysCtl_A_enableNMISource)
                  00002050    00000018     nortos_msp432p401x.aem4f : startup_msp432_ccs.oem4f (.text:resetISR)
                  00002068    00000016                              : SemaphoreP_nortos.oem4f (.text:SemaphoreP_create)
                  0000207e    00000016                              : SwiP_nortos.oem4f (.text:maxbit)
                  00002094    00000014     drivers_msp432p401x.aem4f : PowerMSP432.oem4f (.text:Power_idleFunc)
                  000020a8    00000014     nortos_msp432p401x.aem4f : SwiP_nortos.oem4f (.text:SwiP_handleHwi)
                  000020bc    00000014                              : TimerPMSP432_nortos.oem4f (.text:TimerP_getCount)
                  000020d0    00000012                              : HwiPMSP432_nortos.oem4f (.text:HwiP_Params_init)
                  000020e2    00000012     main_nortos.obj (.text:main)
                  000020f4    00000010     nortos_msp432p401x.aem4f : HwiPMSP432_nortos.oem4f (.text:HwiP_disable)
                  00002104    00000010     msp432p4xx_driverlib.lib : interrupt.o (.text:Interrupt_disableMaster)
                  00002114    00000010                              : interrupt.o (.text:Interrupt_enableMaster)
                  00002124    00000010     drivers_msp432p401x.aem4f : PowerMSP432.oem4f (.text:Power_disablePolicy)
                  00002134    00000010                               : PowerMSP432.oem4f (.text:Power_enablePolicy)
                  00002144    00000010     nortos_msp432p401x.aem4f : SemaphoreP_nortos.oem4f (.text:SemaphoreP_Params_init)
                  00002154    00000010                              : SwiP_nortos.oem4f (.text:SwiP_Params_init)
                  00002164    00000010     msp432p4xx_driverlib.lib : sysctl_a.o (.text:SysCtl_A_getNMISourceStatus)
                  00002174    00000010                              : sysctl.o (.text:SysCtl_getNMISourceStatus)
                  00002184    00000010     nortos_msp432p401x.aem4f : TimerPMSP432_nortos.oem4f (.text:TimerP_Params_init)
                  00002194    0000000e                              : QueueP_nortos.oem4f (.text:QueueP_empty)
                  000021a2    0000000e                              : QueueP_nortos.oem4f (.text:QueueP_remove)
                  000021b0    0000000e     rtsv7M4_T_le_v4SPD16_eabi.lib : copy_decompress_none.c.obj (.text:decompress:none:__TI_decompress_none)
                  000021be    0000000c     ti_drivers_config.obj (.text:Board_init)
                  000021ca    0000000c     msp432p4xx_driverlib.lib : cpu.o (.text:CPU_cpsid)
                  000021d6    0000000c                              : cpu.o (.text:CPU_cpsie)
                  000021e2    00000002     nortos_msp432p401x.aem4f : SemaphoreP_nortos.oem4f (.text:SemaphoreP_destruct)
                  000021e4    0000000c                              : ClockPTimer_nortos.oem4f (.text:ClockP_doTick)
                  000021f0    0000000c     drivers_msp432p401x.aem4f : PowerMSP432.oem4f (.text:Power_getConstraintMask)
                  000021fc    0000000c     nortos_msp432p401x.aem4f : TimerPMSP432_nortos.oem4f (.text:TimerP_getFreq)
                  00002208    0000000c                              : TimerPMSP432_nortos.oem4f (.text:TimerP_getMaxTicks)
                  00002214    00000008                              : HwiPMSP432_nortos.oem4f (.text:HwiP_restore)
                  0000221c    00000008     rtsv7M4_T_le_v4SPD16_eabi.lib : memory.c.obj (.text:malloc)
                  00002224    00000006     nortos_msp432p401x.aem4f : QueueP_nortos.oem4f (.text:QueueP_init)
                  0000222a    00000004                              : ClockPTimer_nortos.oem4f (.text:ClockP_isActive)
                  0000222e    00000004                              : HwiPMSP432_nortos.oem4f (.text:HwiP_enable)
                  00002232    00000004                              : HwiPMSP432_nortos.oem4f (.text:HwiP_post)
                  00002236    00000004                              : QueueP_nortos.oem4f (.text:QueueP_head)
                  0000223a    00000004                              : QueueP_nortos.oem4f (.text:QueueP_next)
                  0000223e    00000004                              : SemaphoreP_nortos.oem4f (.text:SemaphoreP_delete)
                  00002242    00000004                              : TimerPMSP432_nortos.oem4f (.text:TimerP_setPeriod)
                  00002246    00000004     rtsv7M4_T_le_v4SPD16_eabi.lib : pre_init.c.obj (.text:_system_pre_init)
                  0000224a    00000004                                   : exit.c.obj (.text:abort:abort)
                  0000224e    00000002                                   : _lock.c.obj (.text:_nop)
                  00002250    00000002     nortos_msp432p401x.aem4f : startup_msp432_ccs.oem4f (.text:busFaultISR)
                  00002252    00000002                              : SemaphoreP_nortos.oem4f (.text:clkFxn)
                  00002254    00000002                              : startup_msp432_ccs.oem4f (.text:defaultISR)
                  00002256    00000002                              : startup_msp432_ccs.oem4f (.text:faultISR)
                  00002258    00000002                              : startup_msp432_ccs.oem4f (.text:nmiISR)
                  0000225a    00000002     rtsv7M4_T_le_v4SPD16_eabi.lib : div0.asm.obj (.text)

.const     0    0000225c    000000c8     
                  0000225c    00000050     msp432p4xx_driverlib.lib : interrupt.o (.const:g_pulRegs)
                  000022ac    00000038     ti_drivers_config.obj (.const:PowerMSP432_config)
                  000022e4    00000014     ti_drivers_config.obj (.const:GPIOMSP432_config)
                  000022f8    00000010     nortos_msp432p401x.aem4f : SwiP_nortos.oem4f (.const:SwiP_defaultParams)
                  00002308    00000008     msp432p4xx_driverlib.lib : interrupt.o (.const:g_pulEnRegs)
                  00002310    00000008                              : interrupt.o (.const:g_pulPendRegs)
                  00002318    00000006     drivers_msp432p401x.aem4f : GPIOMSP432.oem4f (.const:.string:interruptType)
                  0000231e    00000006                               : GPIOMSP432.oem4f (.const:.string:portInterruptIds)

.cinit     0    00002328    000000c8     
                  00002328    0000008d     (.cinit..data.load) [load image, compression = lzss]
                  000023b5    00000003     --HOLE-- [fill = 0]
                  000023b8    0000000c     (__TI_handler_table)
                  000023c4    00000004     --HOLE-- [fill = 0]
                  000023c8    00000008     (.cinit..bss.load) [load image, compression = zero_init]
                  000023d0    00000008     (.cinit..vtable.load) [load image, compression = zero_init]
                  000023d8    00000018     (__TI_cinit_table)

.init_array 
*          0    00000000    00000000     UNINITIALIZED

.intvecs   0    00000000    00000144     
                  00000000    00000144     nortos_msp432p401x.aem4f : startup_msp432_ccs.oem4f (.intvecs:retain)

.sysmem    0    20000000    00008000     UNINITIALIZED
                  20000000    00000010     rtsv7M4_T_le_v4SPD16_eabi.lib : memory.c.obj (.sysmem)
                  20000010    00007ff0     --HOLE--

.data      0    20008000    000002f7     UNINITIALIZED
                  20008000    00000140     nortos_msp432p401x.aem4f : HwiPMSP432_nortos.oem4f (.data:HwiP_dispatchTable)
                  20008140    00000140     drivers_msp432p401x.aem4f : PowerMSP432.oem4f (.data:PowerMSP432_perfLevels)
                  20008280    0000002c                               : PowerMSP432.oem4f (.data:PowerMSP432_module)
                  200082ac    0000000c     nortos_msp432p401x.aem4f : TimerPMSP432_nortos.oem4f (.data:TimerP_defaultParams)
                  200082b8    00000008     rtsv7M4_T_le_v4SPD16_eabi.lib : _lock.c.obj (.data:$O1$$)
                  200082c0    00000008                                   : memory.c.obj (.data:$O1$$)
                  200082c8    00000008     nortos_msp432p401x.aem4f : SemaphoreP_nortos.oem4f (.data:SemaphoreP_defaultParams)
                  200082d0    00000008     ti_drivers_config.obj (.data:gpioCallbackFunctions)
                  200082d8    00000008     ti_drivers_config.obj (.data:gpioPinConfigs)
                  200082e0    00000008     nortos_msp432p401x.aem4f : ClockPTimer_nortos.oem4f (.data)
                  200082e8    00000008                              : HwiPMSP432_nortos.oem4f (.data)
                  200082f0    00000003                              : SemaphoreP_nortos.oem4f (.data)
                  200082f3    00000002     drivers_msp432p401x.aem4f : GPIOMSP432.oem4f (.data)
                  200082f5    00000001     nortos_msp432p401x.aem4f : SwiP_nortos.oem4f (.data)
                  200082f6    00000001                              : TimerPMSP432_nortos.oem4f (.data)

.bss       0    200082f8    00000154     UNINITIALIZED
                  200082f8    000000a0     nortos_msp432p401x.aem4f : ClockPTimer_nortos.oem4f (.bss:ClockP_module)
                  20008398    00000030     drivers_msp432p401x.aem4f : GPIOMSP432.oem4f (.bss:gpioCallbackInfo)
                  200083c8    00000020     nortos_msp432p401x.aem4f : SwiP_nortos.oem4f (.bss:SwiP_readyList)
                  200083e8    0000001c                              : SwiP_nortos.oem4f (.bss:SwiP_hwiStruct)
                  20008404    0000001c                              : TimerPMSP432_nortos.oem4f (.bss:TimerP_hwiStruct)
                  20008420    0000000d                              : SwiP_nortos.oem4f (.bss)
                  2000842d    00000003     --HOLE--
                  20008430    00000008     msp432p4xx_driverlib.lib : cs.o (.bss)
                  20008438    00000008     nortos_msp432p401x.aem4f : ClockPTimer_nortos.oem4f (.bss:timerFreq)
                  20008440    00000004     drivers_msp432p401x.aem4f : GPIOMSP432.oem4f (.bss)
                  20008444    00000004     nortos_msp432p401x.aem4f : ClockPTimer_nortos.oem4f (.bss)
                  20008448    00000004                              : TimerPMSP432_nortos.oem4f (.bss)

.vtable    0    20008800    000000e8     UNINITIALIZED
                  20008800    000000e8     msp432p4xx_driverlib.lib : interrupt.o (.vtable)

.stack     0    2000f000    00001000     UNINITIALIZED
                  2000f000    00000004     rtsv7M4_T_le_v4SPD16_eabi.lib : boot_cortex_m.c.obj (.stack)
                  2000f004    00000ffc     --HOLE--

__llvm_prf_cnts 
*          0    20000000    00000000     UNINITIALIZED

.binit     0    00000000    00000000     

MODULE SUMMARY

       Module                       code   ro data   rw data
       ------                       ----   -------   -------
    .\
       Button_Polling.obj           54     0         0      
       main_nortos.obj              18     0         0      
    +--+----------------------------+------+---------+---------+
       Total:                       72     0         0      
                                                            
    .\syscfg\
       ti_drivers_config.obj        14     76        32     
    +--+----------------------------+------+---------+---------+
       Total:                       14     76        32     
                                                            
    C:/ti/simplelink_msp432p4_sdk_3_40_01_02/kernel/nortos/lib/nortos_msp432p401x.aem4f
       ClockPTimer_nortos.oem4f     884    0         360    
       HwiPMSP432_nortos.oem4f      264    0         656    
       TimerPMSP432_nortos.oem4f    760    0         90     
       SwiP_nortos.oem4f            630    16        148    
       SemaphoreP_nortos.oem4f      380    0         22     
       startup_msp432_ccs.oem4f     32     324       0      
       QueueP_nortos.oem4f          100    0         0      
       PowerMSP432_nortos.oem4f     76     0         0      
    +--+----------------------------+------+---------+---------+
       Total:                       3126   340       1276   
                                                            
    C:/ti/simplelink_msp432p4_sdk_3_40_01_02/source/ti/devices/msp432p4xx/driverlib/ccs/msp432p4xx_driverlib.lib
       interrupt.o                  440    96        464    
       cs.o                         704    0         16     
       sysctl_a.o                   64     0         0      
       cpu.o                        24     0         0      
       sysctl.o                     16     0         0      
    +--+----------------------------+------+---------+---------+
       Total:                       1248   96        480    
                                                            
    C:/ti/simplelink_msp432p4_sdk_3_40_01_02/source/ti/drivers/lib/drivers_msp432p401x.aem4f
       PowerMSP432.oem4f            1896   0         728    
       GPIOMSP432.oem4f             860    12        108    
    +--+----------------------------+------+---------+---------+
       Total:                       2756   12        836    
                                                            
    C:\ti\ccs1031\ccs\tools\compiler\ti-cgt-arm_20.2.5.LTS\lib\rtsv7M4_T_le_v4SPD16_eabi.lib
       memory.c.obj                 672    0         16     
       memcpy_t2.asm.obj            156    0         0      
       ull_div_t2.asm.obj           150    0         0      
       copy_decompress_lzss.c.obj   104    0         0      
       autoinit.c.obj               68     0         0      
       boot_cortex_m.c.obj          52     0         0      
       copy_zero_init.c.obj         28     0         0      
       _lock.c.obj                  2      0         16     
       copy_decompress_none.c.obj   14     0         0      
       exit.c.obj                   4      0         0      
       pre_init.c.obj               4      0         0      
       div0.asm.obj                 2      0         0      
    +--+----------------------------+------+---------+---------+
       Total:                       1256   0         32     
                                                            
       Heap:                        0      0         65536  
       Stack:                       0      0         8192   
       Linker Generated:            0      193       0      
    +--+----------------------------+------+---------+---------+
       Grand Total:                 8472   717       76384  


LINKER GENERATED COPY TABLES

__TI_cinit_table @ 000023d8 records: 3, size/record: 8, table size: 24
	.data: load addr=00002328, load size=0000008d bytes, run addr=20008000, run size=000002f7 bytes, compression=lzss
	.bss: load addr=000023c8, load size=00000008 bytes, run addr=200082f8, run size=00000154 bytes, compression=zero_init
	.vtable: load addr=000023d0, load size=00000008 bytes, run addr=20008800, run size=000000e8 bytes, compression=zero_init


LINKER GENERATED HANDLER TABLE

__TI_handler_table @ 000023b8 records: 3, size/record: 4, table size: 12
	index: 0, handler: __TI_decompress_lzss
	index: 1, handler: __TI_decompress_none
	index: 2, handler: __TI_zero_init


GLOBAL SYMBOLS: SORTED ALPHABETICALLY BY Name 

address   name                              
-------   ----                              
000021bf  Board_init                        
00001387  Board_initHook                    
0000224b  C$$EXIT                           
000021cb  CPU_cpsid                         
000021d7  CPU_cpsie                         
00001ee9  CS_setExternalClockSourceFrequency
00000935  CS_startHFXTWithTimeout           
00000afd  CS_startLFXTWithTimeout           
00001f09  ClockP_add                        
00001ff1  ClockP_destruct                   
000021e5  ClockP_doTick                     
00001e59  ClockP_getTicks                   
0000222b  ClockP_isActive                   
00001e7d  ClockP_scheduleNextTick           
0000140d  ClockP_start                      
00000e71  ClockP_startup                    
200082e4  ClockP_tickPeriod                 
000016d1  ClockP_usleep                     
0000150d  ClockP_walkQueueDynamic           
00000f25  ClockP_workFuncDynamic            
000022e4  GPIOMSP432_config                 
00001739  GPIO_hwiIntFxn                    
00000fd1  GPIO_init                         
00001f29  GPIO_read                         
000018d9  GPIO_setCallback                  
000006c5  GPIO_setConfig                    
00001995  GPIO_write                        
000020d1  HwiP_Params_init                  
00001585  HwiP_construct                    
00001db5  HwiP_create                       
000020f5  HwiP_disable                      
00001ea1  HwiP_dispatch                     
0000222f  HwiP_enable                       
00002009  HwiP_inISR                        
200082e8  HwiP_key                          
00002233  HwiP_post                         
00002215  HwiP_restore                      
200082ec  HwiP_swiPIntNum                   
00002105  Interrupt_disableMaster           
0000148d  Interrupt_enableInterrupt         
00002115  Interrupt_enableMaster            
000017a1  Interrupt_pendInterrupt           
00001939  Interrupt_registerInterrupt       
00001a45  Interrupt_setPriority             
0000222f  NoRTOS_start                      
000022ac  PowerMSP432_config                
00001d7f  PowerMSP432_initPolicy            
20008280  PowerMSP432_module                
20008140  PowerMSP432_perfLevels            
00001b3d  PowerMSP432_sleepPolicy           
00001ddf  PowerMSP432_updateFreqs           
00002125  Power_disablePolicy               
00002135  Power_enablePolicy                
000021f1  Power_getConstraintMask           
00002095  Power_idleFunc                    
0000111d  Power_init                        
00000145  Power_sleep                       
00002195  QueueP_empty                      
00001fbd  QueueP_get                        
00002237  QueueP_head                       
00002225  QueueP_init                       
0000223b  QueueP_next                       
00001f49  QueueP_put                        
000021a3  QueueP_remove                     
00002145  SemaphoreP_Params_init            
00001aed  SemaphoreP_construct              
00002069  SemaphoreP_create                 
00001fd7  SemaphoreP_createBinary           
200082c8  SemaphoreP_defaultParams          
0000223f  SemaphoreP_delete                 
000021e3  SemaphoreP_destruct               
0000107d  SemaphoreP_pend                   
00001b85  SemaphoreP_post                   
00002155  SwiP_Params_init                  
00000d99  SwiP_construct                    
00001f69  SwiP_disable                      
000011b9  SwiP_dispatch                     
00001809  SwiP_post                         
00001bc9  SwiP_restore                      
00002021  SysCtl_A_disableNMISource         
00002039  SysCtl_A_enableNMISource          
00002165  SysCtl_A_getNMISourceStatus       
00002175  SysCtl_getNMISourceStatus         
00002185  TimerP_Params_init                
00000bdd  TimerP_construct                  
000019ed  TimerP_dynamicStub                
00001a99  TimerP_getCount64                 
00001665  TimerP_getCurrentTick             
000021fd  TimerP_getFreq                    
00002209  TimerP_getMaxTicks                
00001cd5  TimerP_initDevice                 
00001c95  TimerP_setNextTick                
00002243  TimerP_setPeriod                  
00001c0d  TimerP_start                      
4000480c  WDTCTL_SYM                        
20010000  __STACK_END                       
00001000  __STACK_SIZE                      
00008000  __SYSMEM_SIZE                     
000023d8  __TI_CINIT_Base                   
000023f0  __TI_CINIT_Limit                  
000023b8  __TI_Handler_Table_Base           
000023c4  __TI_Handler_Table_Limit          
00001c51  __TI_auto_init_nobinit_nopinit    
00001871  __TI_decompress_lzss              
000021b1  __TI_decompress_none              
ffffffff  __TI_pprof_out_hndl               
ffffffff  __TI_prof_data_size               
ffffffff  __TI_prof_data_start              
00002328  __TI_static_base__                
00001f85  __TI_zero_init_nomemset           
0000225b  __aeabi_idiv0                     
0000225b  __aeabi_ldiv0                     
00001255  __aeabi_memcpy                    
00001255  __aeabi_memcpy4                   
00001255  __aeabi_memcpy8                   
000012f1  __aeabi_uldivmod                  
ffffffff  __binit__                         
ffffffff  __c_args__                        
UNDEFED   __mpu_init                        
2000f000  __stack                           
20000000  __start___llvm_prf_cnts           
20000000  __stop___llvm_prf_cnts            
00001d81  _c_int00_noargs                   
200082b8  _lock                             
0000224f  _nop                              
20000000  _sys_memory                       
UNDEFED   _system_post_cinit                
00002247  _system_pre_init                  
200082bc  _unlock                           
0000224b  abort                             
00000835  aligned_alloc                     
ffffffff  binit                             
00002253  clkFxn                            
00000a19  free                              
20008800  g_pfnRAMVectors                   
200082d0  gpioCallbackFunctions             
200082d8  gpioPinConfigs                    
00000000  interruptVectors                  
000020e3  main                              
00001d49  mainThread                        
0000221d  malloc                            
00000835  memalign                          
00001255  memcpy                            
00002051  resetISR                          
000016d1  usleep                            


GLOBAL SYMBOLS: SORTED BY Symbol Address 

address   name                              
-------   ----                              
00000000  interruptVectors                  
00000145  Power_sleep                       
000006c5  GPIO_setConfig                    
00000835  aligned_alloc                     
00000835  memalign                          
00000935  CS_startHFXTWithTimeout           
00000a19  free                              
00000afd  CS_startLFXTWithTimeout           
00000bdd  TimerP_construct                  
00000d99  SwiP_construct                    
00000e71  ClockP_startup                    
00000f25  ClockP_workFuncDynamic            
00000fd1  GPIO_init                         
00001000  __STACK_SIZE                      
0000107d  SemaphoreP_pend                   
0000111d  Power_init                        
000011b9  SwiP_dispatch                     
00001255  __aeabi_memcpy                    
00001255  __aeabi_memcpy4                   
00001255  __aeabi_memcpy8                   
00001255  memcpy                            
000012f1  __aeabi_uldivmod                  
00001387  Board_initHook                    
0000140d  ClockP_start                      
0000148d  Interrupt_enableInterrupt         
0000150d  ClockP_walkQueueDynamic           
00001585  HwiP_construct                    
00001665  TimerP_getCurrentTick             
000016d1  ClockP_usleep                     
000016d1  usleep                            
00001739  GPIO_hwiIntFxn                    
000017a1  Interrupt_pendInterrupt           
00001809  SwiP_post                         
00001871  __TI_decompress_lzss              
000018d9  GPIO_setCallback                  
00001939  Interrupt_registerInterrupt       
00001995  GPIO_write                        
000019ed  TimerP_dynamicStub                
00001a45  Interrupt_setPriority             
00001a99  TimerP_getCount64                 
00001aed  SemaphoreP_construct              
00001b3d  PowerMSP432_sleepPolicy           
00001b85  SemaphoreP_post                   
00001bc9  SwiP_restore                      
00001c0d  TimerP_start                      
00001c51  __TI_auto_init_nobinit_nopinit    
00001c95  TimerP_setNextTick                
00001cd5  TimerP_initDevice                 
00001d49  mainThread                        
00001d7f  PowerMSP432_initPolicy            
00001d81  _c_int00_noargs                   
00001db5  HwiP_create                       
00001ddf  PowerMSP432_updateFreqs           
00001e59  ClockP_getTicks                   
00001e7d  ClockP_scheduleNextTick           
00001ea1  HwiP_dispatch                     
00001ee9  CS_setExternalClockSourceFrequency
00001f09  ClockP_add                        
00001f29  GPIO_read                         
00001f49  QueueP_put                        
00001f69  SwiP_disable                      
00001f85  __TI_zero_init_nomemset           
00001fbd  QueueP_get                        
00001fd7  SemaphoreP_createBinary           
00001ff1  ClockP_destruct                   
00002009  HwiP_inISR                        
00002021  SysCtl_A_disableNMISource         
00002039  SysCtl_A_enableNMISource          
00002051  resetISR                          
00002069  SemaphoreP_create                 
00002095  Power_idleFunc                    
000020d1  HwiP_Params_init                  
000020e3  main                              
000020f5  HwiP_disable                      
00002105  Interrupt_disableMaster           
00002115  Interrupt_enableMaster            
00002125  Power_disablePolicy               
00002135  Power_enablePolicy                
00002145  SemaphoreP_Params_init            
00002155  SwiP_Params_init                  
00002165  SysCtl_A_getNMISourceStatus       
00002175  SysCtl_getNMISourceStatus         
00002185  TimerP_Params_init                
00002195  QueueP_empty                      
000021a3  QueueP_remove                     
000021b1  __TI_decompress_none              
000021bf  Board_init                        
000021cb  CPU_cpsid                         
000021d7  CPU_cpsie                         
000021e3  SemaphoreP_destruct               
000021e5  ClockP_doTick                     
000021f1  Power_getConstraintMask           
000021fd  TimerP_getFreq                    
00002209  TimerP_getMaxTicks                
00002215  HwiP_restore                      
0000221d  malloc                            
00002225  QueueP_init                       
0000222b  ClockP_isActive                   
0000222f  HwiP_enable                       
0000222f  NoRTOS_start                      
00002233  HwiP_post                         
00002237  QueueP_head                       
0000223b  QueueP_next                       
0000223f  SemaphoreP_delete                 
00002243  TimerP_setPeriod                  
00002247  _system_pre_init                  
0000224b  C$$EXIT                           
0000224b  abort                             
0000224f  _nop                              
00002253  clkFxn                            
0000225b  __aeabi_idiv0                     
0000225b  __aeabi_ldiv0                     
000022ac  PowerMSP432_config                
000022e4  GPIOMSP432_config                 
00002328  __TI_static_base__                
000023b8  __TI_Handler_Table_Base           
000023c4  __TI_Handler_Table_Limit          
000023d8  __TI_CINIT_Base                   
000023f0  __TI_CINIT_Limit                  
00008000  __SYSMEM_SIZE                     
20000000  __start___llvm_prf_cnts           
20000000  __stop___llvm_prf_cnts            
20000000  _sys_memory                       
20008140  PowerMSP432_perfLevels            
20008280  PowerMSP432_module                
200082b8  _lock                             
200082bc  _unlock                           
200082c8  SemaphoreP_defaultParams          
200082d0  gpioCallbackFunctions             
200082d8  gpioPinConfigs                    
200082e4  ClockP_tickPeriod                 
200082e8  HwiP_key                          
200082ec  HwiP_swiPIntNum                   
20008800  g_pfnRAMVectors                   
2000f000  __stack                           
20010000  __STACK_END                       
4000480c  WDTCTL_SYM                        
ffffffff  __TI_pprof_out_hndl               
ffffffff  __TI_prof_data_size               
ffffffff  __TI_prof_data_start              
ffffffff  __binit__                         
ffffffff  __c_args__                        
ffffffff  binit                             
UNDEFED   __mpu_init                        
UNDEFED   _system_post_cinit                

[145 symbols]
