<?xml version="1.0" encoding="ISO-8859-1" ?>
<link_info>
   <banner>TI ARM Linker PC v20.2.5.LTS</banner>
   <copyright>Copyright (c) 1996-2018 Texas Instruments Incorporated</copyright>
   <link_time>0x60f2cc0e</link_time>
   <link_errors>0x0</link_errors>
   <output_file>Button_Polling.out</output_file>
   <entry_point>
      <name>resetISR</name>
      <address>0x2051</address>
   </entry_point>
   <input_file_list>
      <input_file id="fl-2">
         <path>.\</path>
         <kind>object</kind>
         <file>Button_Polling.obj</file>
         <name>Button_Polling.obj</name>
      </input_file>
      <input_file id="fl-3">
         <path>.\syscfg\</path>
         <kind>object</kind>
         <file>ti_drivers_config.obj</file>
         <name>ti_drivers_config.obj</name>
      </input_file>
      <input_file id="fl-4">
         <path>.\</path>
         <kind>object</kind>
         <file>main_nortos.obj</file>
         <name>main_nortos.obj</name>
      </input_file>
      <input_file id="fl-f">
         <kind>object</kind>
         <file>&lt;internal&gt;</file>
         <name>&lt;internal&gt;</name>
      </input_file>
      <input_file id="fl-10">
         <path>C:\ti\simplelink_msp432p4_sdk_3_40_01_02\source\ti\drivers\lib\</path>
         <kind>archive</kind>
         <file>drivers_msp432p401x.aem4f</file>
         <name>GPIOMSP432.oem4f</name>
      </input_file>
      <input_file id="fl-11">
         <path>C:\ti\simplelink_msp432p4_sdk_3_40_01_02\source\ti\drivers\lib\</path>
         <kind>archive</kind>
         <file>drivers_msp432p401x.aem4f</file>
         <name>PowerMSP432.oem4f</name>
      </input_file>
      <input_file id="fl-12">
         <path>C:\ti\simplelink_msp432p4_sdk_3_40_01_02\source\ti\drivers\lib\</path>
         <kind>archive</kind>
         <file>drivers_msp432p401x.aem4f</file>
         <name>List.oem4f</name>
      </input_file>
      <input_file id="fl-13">
         <path>C:\ti\simplelink_msp432p4_sdk_3_40_01_02\kernel\nortos\lib\</path>
         <kind>archive</kind>
         <file>nortos_msp432p401x.aem4f</file>
         <name>posix_sleep.oem4f</name>
      </input_file>
      <input_file id="fl-14">
         <path>C:\ti\simplelink_msp432p4_sdk_3_40_01_02\kernel\nortos\lib\</path>
         <kind>archive</kind>
         <file>nortos_msp432p401x.aem4f</file>
         <name>NoRTOS.oem4f</name>
      </input_file>
      <input_file id="fl-15">
         <path>C:\ti\simplelink_msp432p4_sdk_3_40_01_02\kernel\nortos\lib\</path>
         <kind>archive</kind>
         <file>nortos_msp432p401x.aem4f</file>
         <name>SemaphoreP_nortos.oem4f</name>
      </input_file>
      <input_file id="fl-16">
         <path>C:\ti\simplelink_msp432p4_sdk_3_40_01_02\kernel\nortos\lib\</path>
         <kind>archive</kind>
         <file>nortos_msp432p401x.aem4f</file>
         <name>PowerMSP432_nortos.oem4f</name>
      </input_file>
      <input_file id="fl-17">
         <path>C:\ti\simplelink_msp432p4_sdk_3_40_01_02\kernel\nortos\lib\</path>
         <kind>archive</kind>
         <file>nortos_msp432p401x.aem4f</file>
         <name>ClockPTimer_nortos.oem4f</name>
      </input_file>
      <input_file id="fl-18">
         <path>C:\ti\simplelink_msp432p4_sdk_3_40_01_02\kernel\nortos\lib\</path>
         <kind>archive</kind>
         <file>nortos_msp432p401x.aem4f</file>
         <name>TimerPMSP432_nortos.oem4f</name>
      </input_file>
      <input_file id="fl-19">
         <path>C:\ti\simplelink_msp432p4_sdk_3_40_01_02\kernel\nortos\lib\</path>
         <kind>archive</kind>
         <file>nortos_msp432p401x.aem4f</file>
         <name>HwiPMSP432_nortos.oem4f</name>
      </input_file>
      <input_file id="fl-1a">
         <path>C:\ti\simplelink_msp432p4_sdk_3_40_01_02\kernel\nortos\lib\</path>
         <kind>archive</kind>
         <file>nortos_msp432p401x.aem4f</file>
         <name>startup_msp432_ccs.oem4f</name>
      </input_file>
      <input_file id="fl-1b">
         <path>C:\ti\simplelink_msp432p4_sdk_3_40_01_02\kernel\nortos\lib\</path>
         <kind>archive</kind>
         <file>nortos_msp432p401x.aem4f</file>
         <name>QueueP_nortos.oem4f</name>
      </input_file>
      <input_file id="fl-1c">
         <path>C:\ti\simplelink_msp432p4_sdk_3_40_01_02\kernel\nortos\lib\</path>
         <kind>archive</kind>
         <file>nortos_msp432p401x.aem4f</file>
         <name>SwiP_nortos.oem4f</name>
      </input_file>
      <input_file id="fl-1d">
         <path>C:\ti\simplelink_msp432p4_sdk_3_40_01_02\source\ti\devices\msp432p4xx\driverlib\ccs\</path>
         <kind>archive</kind>
         <file>msp432p4xx_driverlib.lib</file>
         <name>cs.o</name>
      </input_file>
      <input_file id="fl-1e">
         <path>C:\ti\simplelink_msp432p4_sdk_3_40_01_02\source\ti\devices\msp432p4xx\driverlib\ccs\</path>
         <kind>archive</kind>
         <file>msp432p4xx_driverlib.lib</file>
         <name>interrupt.o</name>
      </input_file>
      <input_file id="fl-1f">
         <path>C:\ti\simplelink_msp432p4_sdk_3_40_01_02\source\ti\devices\msp432p4xx\driverlib\ccs\</path>
         <kind>archive</kind>
         <file>msp432p4xx_driverlib.lib</file>
         <name>sysctl.o</name>
      </input_file>
      <input_file id="fl-20">
         <path>C:\ti\simplelink_msp432p4_sdk_3_40_01_02\source\ti\devices\msp432p4xx\driverlib\ccs\</path>
         <kind>archive</kind>
         <file>msp432p4xx_driverlib.lib</file>
         <name>sysctl_a.o</name>
      </input_file>
      <input_file id="fl-21">
         <path>C:\ti\simplelink_msp432p4_sdk_3_40_01_02\source\ti\devices\msp432p4xx\driverlib\ccs\</path>
         <kind>archive</kind>
         <file>msp432p4xx_driverlib.lib</file>
         <name>cpu.o</name>
      </input_file>
      <input_file id="fl-d7">
         <path>C:\ti\ccs1031\ccs\tools\compiler\ti-cgt-arm_20.2.5.LTS\lib\</path>
         <kind>archive</kind>
         <file>rtsv7M4_T_le_v4SPD16_eabi.lib</file>
         <name>memcpy_t2.asm.obj</name>
      </input_file>
      <input_file id="fl-d8">
         <path>C:\ti\ccs1031\ccs\tools\compiler\ti-cgt-arm_20.2.5.LTS\lib\</path>
         <kind>archive</kind>
         <file>rtsv7M4_T_le_v4SPD16_eabi.lib</file>
         <name>ull_div_t2.asm.obj</name>
      </input_file>
      <input_file id="fl-d9">
         <path>C:\ti\ccs1031\ccs\tools\compiler\ti-cgt-arm_20.2.5.LTS\lib\</path>
         <kind>archive</kind>
         <file>rtsv7M4_T_le_v4SPD16_eabi.lib</file>
         <name>copy_zero_init.c.obj</name>
      </input_file>
      <input_file id="fl-da">
         <path>C:\ti\ccs1031\ccs\tools\compiler\ti-cgt-arm_20.2.5.LTS\lib\</path>
         <kind>archive</kind>
         <file>rtsv7M4_T_le_v4SPD16_eabi.lib</file>
         <name>copy_decompress_none.c.obj</name>
      </input_file>
      <input_file id="fl-db">
         <path>C:\ti\ccs1031\ccs\tools\compiler\ti-cgt-arm_20.2.5.LTS\lib\</path>
         <kind>archive</kind>
         <file>rtsv7M4_T_le_v4SPD16_eabi.lib</file>
         <name>copy_decompress_lzss.c.obj</name>
      </input_file>
      <input_file id="fl-dc">
         <path>C:\ti\ccs1031\ccs\tools\compiler\ti-cgt-arm_20.2.5.LTS\lib\</path>
         <kind>archive</kind>
         <file>rtsv7M4_T_le_v4SPD16_eabi.lib</file>
         <name>memory.c.obj</name>
      </input_file>
      <input_file id="fl-dd">
         <path>C:\ti\ccs1031\ccs\tools\compiler\ti-cgt-arm_20.2.5.LTS\lib\</path>
         <kind>archive</kind>
         <file>rtsv7M4_T_le_v4SPD16_eabi.lib</file>
         <name>boot_cortex_m.c.obj</name>
      </input_file>
      <input_file id="fl-de">
         <path>C:\ti\ccs1031\ccs\tools\compiler\ti-cgt-arm_20.2.5.LTS\lib\</path>
         <kind>archive</kind>
         <file>rtsv7M4_T_le_v4SPD16_eabi.lib</file>
         <name>div0.asm.obj</name>
      </input_file>
      <input_file id="fl-df">
         <path>C:\ti\ccs1031\ccs\tools\compiler\ti-cgt-arm_20.2.5.LTS\lib\</path>
         <kind>archive</kind>
         <file>rtsv7M4_T_le_v4SPD16_eabi.lib</file>
         <name>memset_t2.asm.obj</name>
      </input_file>
      <input_file id="fl-e0">
         <path>C:\ti\ccs1031\ccs\tools\compiler\ti-cgt-arm_20.2.5.LTS\lib\</path>
         <kind>archive</kind>
         <file>rtsv7M4_T_le_v4SPD16_eabi.lib</file>
         <name>autoinit.c.obj</name>
      </input_file>
      <input_file id="fl-e1">
         <path>C:\ti\ccs1031\ccs\tools\compiler\ti-cgt-arm_20.2.5.LTS\lib\</path>
         <kind>archive</kind>
         <file>rtsv7M4_T_le_v4SPD16_eabi.lib</file>
         <name>pre_init.c.obj</name>
      </input_file>
      <input_file id="fl-e2">
         <path>C:\ti\ccs1031\ccs\tools\compiler\ti-cgt-arm_20.2.5.LTS\lib\</path>
         <kind>archive</kind>
         <file>rtsv7M4_T_le_v4SPD16_eabi.lib</file>
         <name>cpy_tbl.c.obj</name>
      </input_file>
      <input_file id="fl-e3">
         <path>C:\ti\ccs1031\ccs\tools\compiler\ti-cgt-arm_20.2.5.LTS\lib\</path>
         <kind>archive</kind>
         <file>rtsv7M4_T_le_v4SPD16_eabi.lib</file>
         <name>exit.c.obj</name>
      </input_file>
      <input_file id="fl-e4">
         <path>C:\ti\ccs1031\ccs\tools\compiler\ti-cgt-arm_20.2.5.LTS\lib\</path>
         <kind>archive</kind>
         <file>rtsv7M4_T_le_v4SPD16_eabi.lib</file>
         <name>_lock.c.obj</name>
      </input_file>
      <input_file id="fl-e5">
         <path>C:\ti\ccs1031\ccs\tools\compiler\ti-cgt-arm_20.2.5.LTS\lib\</path>
         <kind>archive</kind>
         <file>rtsv7M4_T_le_v4SPD16_eabi.lib</file>
         <name>args_main.c.obj</name>
      </input_file>
   </input_file_list>
   <object_component_list>
      <object_component id="oc-434">
         <name>.text:Power_sleep</name>
         <load_address>0x144</load_address>
         <run_address>0x144</run_address>
         <size>0x2f8</size>
         <input_file_ref idref="fl-11"/>
      </object_component>
      <object_component id="oc-1ce">
         <name>.text:initPerfControl</name>
         <load_address>0x43c</load_address>
         <run_address>0x43c</run_address>
         <size>0x288</size>
         <input_file_ref idref="fl-11"/>
      </object_component>
      <object_component id="oc-20d">
         <name>.text:GPIO_setConfig</name>
         <load_address>0x6c4</load_address>
         <run_address>0x6c4</run_address>
         <size>0x170</size>
         <input_file_ref idref="fl-10"/>
      </object_component>
      <object_component id="oc-3f4">
         <name>.text:aligned_alloc</name>
         <load_address>0x834</load_address>
         <run_address>0x834</run_address>
         <size>0x100</size>
         <input_file_ref idref="fl-dc"/>
      </object_component>
      <object_component id="oc-287">
         <name>.text:CS_startHFXTWithTimeout</name>
         <load_address>0x934</load_address>
         <run_address>0x934</run_address>
         <size>0xe4</size>
         <input_file_ref idref="fl-1d"/>
      </object_component>
      <object_component id="oc-2b1">
         <name>.text:free</name>
         <load_address>0xa18</load_address>
         <run_address>0xa18</run_address>
         <size>0xe4</size>
         <input_file_ref idref="fl-dc"/>
      </object_component>
      <object_component id="oc-28d">
         <name>.text:CS_startLFXTWithTimeout</name>
         <load_address>0xafc</load_address>
         <run_address>0xafc</run_address>
         <size>0xe0</size>
         <input_file_ref idref="fl-1d"/>
      </object_component>
      <object_component id="oc-347">
         <name>.text:TimerP_construct</name>
         <load_address>0xbdc</load_address>
         <run_address>0xbdc</run_address>
         <size>0xe0</size>
         <input_file_ref idref="fl-18"/>
      </object_component>
      <object_component id="oc-3c9">
         <name>.text:_CSGetHFXTFrequency</name>
         <load_address>0xcbc</load_address>
         <run_address>0xcbc</run_address>
         <size>0xdc</size>
         <input_file_ref idref="fl-1d"/>
      </object_component>
      <object_component id="oc-33b">
         <name>.text:SwiP_construct</name>
         <load_address>0xd98</load_address>
         <run_address>0xd98</run_address>
         <size>0xd8</size>
         <input_file_ref idref="fl-1c"/>
      </object_component>
      <object_component id="oc-22b">
         <name>.text:ClockP_startup</name>
         <load_address>0xe70</load_address>
         <run_address>0xe70</run_address>
         <size>0xb4</size>
         <input_file_ref idref="fl-17"/>
      </object_component>
      <object_component id="oc-359">
         <name>.text:ClockP_workFuncDynamic</name>
         <load_address>0xf24</load_address>
         <run_address>0xf24</run_address>
         <size>0xac</size>
         <input_file_ref idref="fl-17"/>
      </object_component>
      <object_component id="oc-194">
         <name>.text:GPIO_init</name>
         <load_address>0xfd0</load_address>
         <run_address>0xfd0</run_address>
         <size>0xac</size>
         <input_file_ref idref="fl-10"/>
      </object_component>
      <object_component id="oc-207">
         <name>.text:SemaphoreP_pend</name>
         <load_address>0x107c</load_address>
         <run_address>0x107c</run_address>
         <size>0xa0</size>
         <input_file_ref idref="fl-15"/>
      </object_component>
      <object_component id="oc-180">
         <name>.text:Power_init</name>
         <load_address>0x111c</load_address>
         <run_address>0x111c</run_address>
         <size>0x9c</size>
         <input_file_ref idref="fl-11"/>
      </object_component>
      <object_component id="oc-56a">
         <name>.text:SwiP_dispatch</name>
         <load_address>0x11b8</load_address>
         <run_address>0x11b8</run_address>
         <size>0x9c</size>
         <input_file_ref idref="fl-1c"/>
      </object_component>
      <object_component id="oc-3a">
         <name>.text</name>
         <load_address>0x1254</load_address>
         <run_address>0x1254</run_address>
         <size>0x9c</size>
         <input_file_ref idref="fl-d7"/>
      </object_component>
      <object_component id="oc-546">
         <name>.text</name>
         <load_address>0x12f0</load_address>
         <run_address>0x12f0</run_address>
         <size>0x96</size>
         <input_file_ref idref="fl-d8"/>
      </object_component>
      <object_component id="oc-186">
         <name>.text:Board_initHook</name>
         <load_address>0x1386</load_address>
         <run_address>0x1386</run_address>
         <size>0x2</size>
         <input_file_ref idref="fl-3"/>
      </object_component>
      <object_component id="oc-52a">
         <name>.text:restartHFXT</name>
         <load_address>0x1388</load_address>
         <run_address>0x1388</run_address>
         <size>0x84</size>
         <input_file_ref idref="fl-11"/>
      </object_component>
      <object_component id="oc-2e1">
         <name>.text:ClockP_start</name>
         <load_address>0x140c</load_address>
         <run_address>0x140c</run_address>
         <size>0x80</size>
         <input_file_ref idref="fl-17"/>
      </object_component>
      <object_component id="oc-407">
         <name>.text:Interrupt_enableInterrupt</name>
         <load_address>0x148c</load_address>
         <run_address>0x148c</run_address>
         <size>0x80</size>
         <input_file_ref idref="fl-1e"/>
      </object_component>
      <object_component id="oc-4d7">
         <name>.text:ClockP_walkQueueDynamic</name>
         <load_address>0x150c</load_address>
         <run_address>0x150c</run_address>
         <size>0x78</size>
         <input_file_ref idref="fl-17"/>
      </object_component>
      <object_component id="oc-2ab">
         <name>.text:HwiP_construct</name>
         <load_address>0x1584</load_address>
         <run_address>0x1584</run_address>
         <size>0x70</size>
         <input_file_ref idref="fl-19"/>
      </object_component>
      <object_component id="oc-4f9">
         <name>.text:split</name>
         <load_address>0x15f4</load_address>
         <run_address>0x15f4</run_address>
         <size>0x70</size>
         <input_file_ref idref="fl-dc"/>
      </object_component>
      <object_component id="oc-46a">
         <name>.text:TimerP_getCurrentTick</name>
         <load_address>0x1664</load_address>
         <run_address>0x1664</run_address>
         <size>0x6c</size>
         <input_file_ref idref="fl-18"/>
      </object_component>
      <object_component id="oc-1a0">
         <name>.text:ClockP_usleep</name>
         <load_address>0x16d0</load_address>
         <run_address>0x16d0</run_address>
         <size>0x68</size>
         <input_file_ref idref="fl-17"/>
      </object_component>
      <object_component id="oc-30b">
         <name>.text:GPIO_hwiIntFxn</name>
         <load_address>0x1738</load_address>
         <run_address>0x1738</run_address>
         <size>0x68</size>
         <input_file_ref idref="fl-10"/>
      </object_component>
      <object_component id="oc-5a4">
         <name>.text:Interrupt_pendInterrupt</name>
         <load_address>0x17a0</load_address>
         <run_address>0x17a0</run_address>
         <size>0x68</size>
         <input_file_ref idref="fl-1e"/>
      </object_component>
      <object_component id="oc-4de">
         <name>.text:SwiP_post</name>
         <load_address>0x1808</load_address>
         <run_address>0x1808</run_address>
         <size>0x68</size>
         <input_file_ref idref="fl-1c"/>
      </object_component>
      <object_component id="oc-12">
         <name>.text:decompress:lzss:__TI_decompress_lzss</name>
         <load_address>0x1870</load_address>
         <run_address>0x1870</run_address>
         <size>0x68</size>
         <input_file_ref idref="fl-db"/>
      </object_component>
      <object_component id="oc-213">
         <name>.text:GPIO_setCallback</name>
         <load_address>0x18d8</load_address>
         <run_address>0x18d8</run_address>
         <size>0x60</size>
         <input_file_ref idref="fl-10"/>
      </object_component>
      <object_component id="oc-3fb">
         <name>.text:Interrupt_registerInterrupt</name>
         <load_address>0x1938</load_address>
         <run_address>0x1938</run_address>
         <size>0x5c</size>
         <input_file_ref idref="fl-1e"/>
      </object_component>
      <object_component id="oc-1a6">
         <name>.text:GPIO_write</name>
         <load_address>0x1994</load_address>
         <run_address>0x1994</run_address>
         <size>0x58</size>
         <input_file_ref idref="fl-10"/>
      </object_component>
      <object_component id="oc-4cb">
         <name>.text:TimerP_dynamicStub</name>
         <load_address>0x19ec</load_address>
         <run_address>0x19ec</run_address>
         <size>0x58</size>
         <input_file_ref idref="fl-18"/>
      </object_component>
      <object_component id="oc-401">
         <name>.text:Interrupt_setPriority</name>
         <load_address>0x1a44</load_address>
         <run_address>0x1a44</run_address>
         <size>0x54</size>
         <input_file_ref idref="fl-1e"/>
      </object_component>
      <object_component id="oc-231">
         <name>.text:TimerP_getCount64</name>
         <load_address>0x1a98</load_address>
         <run_address>0x1a98</run_address>
         <size>0x54</size>
         <input_file_ref idref="fl-18"/>
      </object_component>
      <object_component id="oc-37b">
         <name>.text:SemaphoreP_construct</name>
         <load_address>0x1aec</load_address>
         <run_address>0x1aec</run_address>
         <size>0x50</size>
         <input_file_ref idref="fl-15"/>
      </object_component>
      <object_component id="oc-2c0">
         <name>.text:PowerMSP432_sleepPolicy</name>
         <load_address>0x1b3c</load_address>
         <run_address>0x1b3c</run_address>
         <size>0x48</size>
         <input_file_ref idref="fl-16"/>
      </object_component>
      <object_component id="oc-219">
         <name>.text:SemaphoreP_post</name>
         <load_address>0x1b84</load_address>
         <run_address>0x1b84</run_address>
         <size>0x44</size>
         <input_file_ref idref="fl-15"/>
      </object_component>
      <object_component id="oc-43a">
         <name>.text:SwiP_restore</name>
         <load_address>0x1bc8</load_address>
         <run_address>0x1bc8</run_address>
         <size>0x44</size>
         <input_file_ref idref="fl-1c"/>
      </object_component>
      <object_component id="oc-4bf">
         <name>.text:TimerP_start</name>
         <load_address>0x1c0c</load_address>
         <run_address>0x1c0c</run_address>
         <size>0x44</size>
         <input_file_ref idref="fl-18"/>
      </object_component>
      <object_component id="oc-12e">
         <name>.text:__TI_auto_init_nobinit_nopinit:__TI_auto_init_nobinit_nopinit</name>
         <load_address>0x1c50</load_address>
         <run_address>0x1c50</run_address>
         <size>0x44</size>
         <input_file_ref idref="fl-e0"/>
      </object_component>
      <object_component id="oc-54c">
         <name>.text:TimerP_setNextTick</name>
         <load_address>0x1c94</load_address>
         <run_address>0x1c94</run_address>
         <size>0x40</size>
         <input_file_ref idref="fl-18"/>
      </object_component>
      <object_component id="oc-4b3">
         <name>.text:TimerP_initDevice</name>
         <load_address>0x1cd4</load_address>
         <run_address>0x1cd4</run_address>
         <size>0x3c</size>
         <input_file_ref idref="fl-18"/>
      </object_component>
      <object_component id="oc-51e">
         <name>.text:notify</name>
         <load_address>0x1d10</load_address>
         <run_address>0x1d10</run_address>
         <size>0x38</size>
         <input_file_ref idref="fl-11"/>
      </object_component>
      <object_component id="oc-11b">
         <name>.text:mainThread</name>
         <load_address>0x1d48</load_address>
         <run_address>0x1d48</run_address>
         <size>0x36</size>
         <input_file_ref idref="fl-2"/>
      </object_component>
      <object_component id="oc-2ba">
         <name>.text:PowerMSP432_initPolicy</name>
         <load_address>0x1d7e</load_address>
         <run_address>0x1d7e</run_address>
         <size>0x2</size>
         <input_file_ref idref="fl-16"/>
      </object_component>
      <object_component id="oc-a8">
         <name>.text:_c_int00_noargs:_c_int00_noargs</name>
         <load_address>0x1d80</load_address>
         <run_address>0x1d80</run_address>
         <size>0x34</size>
         <input_file_ref idref="fl-dd"/>
      </object_component>
      <object_component id="oc-1da">
         <name>.text:HwiP_create</name>
         <load_address>0x1db4</load_address>
         <run_address>0x1db4</run_address>
         <size>0x2a</size>
         <input_file_ref idref="fl-19"/>
      </object_component>
      <object_component id="oc-293">
         <name>.text:PowerMSP432_updateFreqs</name>
         <load_address>0x1dde</load_address>
         <run_address>0x1dde</run_address>
         <size>0x2</size>
         <input_file_ref idref="fl-16"/>
      </object_component>
      <object_component id="oc-281">
         <name>.text:disableFaultCounter</name>
         <load_address>0x1de0</load_address>
         <run_address>0x1de0</run_address>
         <size>0x28</size>
         <input_file_ref idref="fl-11"/>
      </object_component>
      <object_component id="oc-524">
         <name>.text:disableHFXT</name>
         <load_address>0x1e08</load_address>
         <run_address>0x1e08</run_address>
         <size>0x28</size>
         <input_file_ref idref="fl-11"/>
      </object_component>
      <object_component id="oc-420">
         <name>.text:free_list_insert</name>
         <load_address>0x1e30</load_address>
         <run_address>0x1e30</run_address>
         <size>0x28</size>
         <input_file_ref idref="fl-dc"/>
      </object_component>
      <object_component id="oc-476">
         <name>.text:ClockP_getTicks</name>
         <load_address>0x1e58</load_address>
         <run_address>0x1e58</run_address>
         <size>0x24</size>
         <input_file_ref idref="fl-17"/>
      </object_component>
      <object_component id="oc-470">
         <name>.text:ClockP_scheduleNextTick</name>
         <load_address>0x1e7c</load_address>
         <run_address>0x1e7c</run_address>
         <size>0x24</size>
         <input_file_ref idref="fl-17"/>
      </object_component>
      <object_component id="oc-40d">
         <name>.text:HwiP_dispatch</name>
         <load_address>0x1ea0</load_address>
         <run_address>0x1ea0</run_address>
         <size>0x24</size>
         <input_file_ref idref="fl-19"/>
      </object_component>
      <object_component id="oc-237">
         <name>.text:sleepTicks</name>
         <load_address>0x1ec4</load_address>
         <run_address>0x1ec4</run_address>
         <size>0x24</size>
         <input_file_ref idref="fl-17"/>
      </object_component>
      <object_component id="oc-27b">
         <name>.text:CS_setExternalClockSourceFrequency</name>
         <load_address>0x1ee8</load_address>
         <run_address>0x1ee8</run_address>
         <size>0x20</size>
         <input_file_ref idref="fl-1d"/>
      </object_component>
      <object_component id="oc-2db">
         <name>.text:ClockP_add</name>
         <load_address>0x1f08</load_address>
         <run_address>0x1f08</run_address>
         <size>0x20</size>
         <input_file_ref idref="fl-17"/>
      </object_component>
      <object_component id="oc-19a">
         <name>.text:GPIO_read</name>
         <load_address>0x1f28</load_address>
         <run_address>0x1f28</run_address>
         <size>0x20</size>
         <input_file_ref idref="fl-10"/>
      </object_component>
      <object_component id="oc-463">
         <name>.text:QueueP_put</name>
         <load_address>0x1f48</load_address>
         <run_address>0x1f48</run_address>
         <size>0x20</size>
         <input_file_ref idref="fl-1b"/>
      </object_component>
      <object_component id="oc-428">
         <name>.text:SwiP_disable</name>
         <load_address>0x1f68</load_address>
         <run_address>0x1f68</run_address>
         <size>0x1c</size>
         <input_file_ref idref="fl-1c"/>
      </object_component>
      <object_component id="oc-46">
         <name>.text:decompress:ZI:__TI_zero_init_nomemset:__TI_zero_init_nomemset</name>
         <load_address>0x1f84</load_address>
         <run_address>0x1f84</run_address>
         <size>0x1c</size>
         <input_file_ref idref="fl-d9"/>
      </object_component>
      <object_component id="oc-41a">
         <name>.text:free_list_remove</name>
         <load_address>0x1fa0</load_address>
         <run_address>0x1fa0</run_address>
         <size>0x1c</size>
         <input_file_ref idref="fl-dc"/>
      </object_component>
      <object_component id="oc-5b9">
         <name>.text:QueueP_get</name>
         <load_address>0x1fbc</load_address>
         <run_address>0x1fbc</run_address>
         <size>0x1a</size>
         <input_file_ref idref="fl-1b"/>
      </object_component>
      <object_component id="oc-1ef">
         <name>.text:SemaphoreP_createBinary</name>
         <load_address>0x1fd6</load_address>
         <run_address>0x1fd6</run_address>
         <size>0x1a</size>
         <input_file_ref idref="fl-15"/>
      </object_component>
      <object_component id="oc-2f3">
         <name>.text:ClockP_destruct</name>
         <load_address>0x1ff0</load_address>
         <run_address>0x1ff0</run_address>
         <size>0x18</size>
         <input_file_ref idref="fl-17"/>
      </object_component>
      <object_component id="oc-316">
         <name>.text:HwiP_inISR</name>
         <load_address>0x2008</load_address>
         <run_address>0x2008</run_address>
         <size>0x18</size>
         <input_file_ref idref="fl-19"/>
      </object_component>
      <object_component id="oc-3c3">
         <name>.text:SysCtl_A_disableNMISource</name>
         <load_address>0x2020</load_address>
         <run_address>0x2020</run_address>
         <size>0x18</size>
         <input_file_ref idref="fl-20"/>
      </object_component>
      <object_component id="oc-3cf">
         <name>.text:SysCtl_A_enableNMISource</name>
         <load_address>0x2038</load_address>
         <run_address>0x2038</run_address>
         <size>0x18</size>
         <input_file_ref idref="fl-20"/>
      </object_component>
      <object_component id="oc-1f">
         <name>.text:resetISR</name>
         <load_address>0x2050</load_address>
         <run_address>0x2050</run_address>
         <size>0x18</size>
         <input_file_ref idref="fl-1a"/>
      </object_component>
      <object_component id="oc-2d0">
         <name>.text:SemaphoreP_create</name>
         <load_address>0x2068</load_address>
         <run_address>0x2068</run_address>
         <size>0x16</size>
         <input_file_ref idref="fl-15"/>
      </object_component>
      <object_component id="oc-5b3">
         <name>.text:maxbit</name>
         <load_address>0x207e</load_address>
         <run_address>0x207e</run_address>
         <size>0x16</size>
         <input_file_ref idref="fl-1c"/>
      </object_component>
      <object_component id="oc-53d">
         <name>.text:Power_idleFunc</name>
         <load_address>0x2094</load_address>
         <run_address>0x2094</run_address>
         <size>0x14</size>
         <input_file_ref idref="fl-11"/>
      </object_component>
      <object_component id="oc-4a8">
         <name>.text:SwiP_handleHwi</name>
         <load_address>0x20a8</load_address>
         <run_address>0x20a8</run_address>
         <size>0x14</size>
         <input_file_ref idref="fl-1c"/>
      </object_component>
      <object_component id="oc-373">
         <name>.text:TimerP_getCount</name>
         <load_address>0x20bc</load_address>
         <run_address>0x20bc</run_address>
         <size>0x14</size>
         <input_file_ref idref="fl-18"/>
      </object_component>
      <object_component id="oc-1d4">
         <name>.text:HwiP_Params_init</name>
         <load_address>0x20d0</load_address>
         <run_address>0x20d0</run_address>
         <size>0x12</size>
         <input_file_ref idref="fl-19"/>
      </object_component>
      <object_component id="oc-f6">
         <name>.text:main</name>
         <load_address>0x20e2</load_address>
         <run_address>0x20e2</run_address>
         <size>0x12</size>
         <input_file_ref idref="fl-4"/>
      </object_component>
      <object_component id="oc-1f5">
         <name>.text:HwiP_disable</name>
         <load_address>0x20f4</load_address>
         <run_address>0x20f4</run_address>
         <size>0x10</size>
         <input_file_ref idref="fl-19"/>
      </object_component>
      <object_component id="oc-52">
         <name>.text:Interrupt_disableMaster</name>
         <load_address>0x2104</load_address>
         <run_address>0x2104</run_address>
         <size>0x10</size>
         <input_file_ref idref="fl-1e"/>
      </object_component>
      <object_component id="oc-18d">
         <name>.text:Interrupt_enableMaster</name>
         <load_address>0x2114</load_address>
         <run_address>0x2114</run_address>
         <size>0x10</size>
         <input_file_ref idref="fl-1e"/>
      </object_component>
      <object_component id="oc-31c">
         <name>.text:Power_disablePolicy</name>
         <load_address>0x2124</load_address>
         <run_address>0x2124</run_address>
         <size>0x10</size>
         <input_file_ref idref="fl-11"/>
      </object_component>
      <object_component id="oc-2e7">
         <name>.text:Power_enablePolicy</name>
         <load_address>0x2134</load_address>
         <run_address>0x2134</run_address>
         <size>0x10</size>
         <input_file_ref idref="fl-11"/>
      </object_component>
      <object_component id="oc-2ca">
         <name>.text:SemaphoreP_Params_init</name>
         <load_address>0x2144</load_address>
         <run_address>0x2144</run_address>
         <size>0x10</size>
         <input_file_ref idref="fl-15"/>
      </object_component>
      <object_component id="oc-335">
         <name>.text:SwiP_Params_init</name>
         <load_address>0x2154</load_address>
         <run_address>0x2154</run_address>
         <size>0x10</size>
         <input_file_ref idref="fl-1c"/>
      </object_component>
      <object_component id="oc-3bd">
         <name>.text:SysCtl_A_getNMISourceStatus</name>
         <load_address>0x2164</load_address>
         <run_address>0x2164</run_address>
         <size>0x10</size>
         <input_file_ref idref="fl-20"/>
      </object_component>
      <object_component id="oc-59d">
         <name>.text:SysCtl_getNMISourceStatus</name>
         <load_address>0x2174</load_address>
         <run_address>0x2174</run_address>
         <size>0x10</size>
         <input_file_ref idref="fl-1f"/>
      </object_component>
      <object_component id="oc-341">
         <name>.text:TimerP_Params_init</name>
         <load_address>0x2184</load_address>
         <run_address>0x2184</run_address>
         <size>0x10</size>
         <input_file_ref idref="fl-18"/>
      </object_component>
      <object_component id="oc-5bf">
         <name>.text:QueueP_empty</name>
         <load_address>0x2194</load_address>
         <run_address>0x2194</run_address>
         <size>0xe</size>
         <input_file_ref idref="fl-1b"/>
      </object_component>
      <object_component id="oc-47f">
         <name>.text:QueueP_remove</name>
         <load_address>0x21a2</load_address>
         <run_address>0x21a2</run_address>
         <size>0xe</size>
         <input_file_ref idref="fl-1b"/>
      </object_component>
      <object_component id="oc-18">
         <name>.text:decompress:none:__TI_decompress_none</name>
         <load_address>0x21b0</load_address>
         <run_address>0x21b0</run_address>
         <size>0xe</size>
         <input_file_ref idref="fl-da"/>
      </object_component>
      <object_component id="oc-10f">
         <name>.text:Board_init</name>
         <load_address>0x21be</load_address>
         <run_address>0x21be</run_address>
         <size>0xc</size>
         <input_file_ref idref="fl-3"/>
      </object_component>
      <object_component id="oc-96">
         <name>.text:CPU_cpsid</name>
         <load_address>0x21ca</load_address>
         <run_address>0x21ca</run_address>
         <size>0xc</size>
         <input_file_ref idref="fl-21"/>
      </object_component>
      <object_component id="oc-1e8">
         <name>.text:CPU_cpsie</name>
         <load_address>0x21d6</load_address>
         <run_address>0x21d6</run_address>
         <size>0xc</size>
         <input_file_ref idref="fl-21"/>
      </object_component>
      <object_component id="oc-381">
         <name>.text:SemaphoreP_destruct</name>
         <load_address>0x21e2</load_address>
         <run_address>0x21e2</run_address>
         <size>0x2</size>
         <input_file_ref idref="fl-15"/>
      </object_component>
      <object_component id="oc-35f">
         <name>.text:ClockP_doTick</name>
         <load_address>0x21e4</load_address>
         <run_address>0x21e4</run_address>
         <size>0xc</size>
         <input_file_ref idref="fl-17"/>
      </object_component>
      <object_component id="oc-42e">
         <name>.text:Power_getConstraintMask</name>
         <load_address>0x21f0</load_address>
         <run_address>0x21f0</run_address>
         <size>0xc</size>
         <input_file_ref idref="fl-11"/>
      </object_component>
      <object_component id="oc-353">
         <name>.text:TimerP_getFreq</name>
         <load_address>0x21fc</load_address>
         <run_address>0x21fc</run_address>
         <size>0xc</size>
         <input_file_ref idref="fl-18"/>
      </object_component>
      <object_component id="oc-34d">
         <name>.text:TimerP_getMaxTicks</name>
         <load_address>0x2208</load_address>
         <run_address>0x2208</run_address>
         <size>0xc</size>
         <input_file_ref idref="fl-18"/>
      </object_component>
      <object_component id="oc-1fb">
         <name>.text:HwiP_restore</name>
         <load_address>0x2214</load_address>
         <run_address>0x2214</run_address>
         <size>0x8</size>
         <input_file_ref idref="fl-19"/>
      </object_component>
      <object_component id="oc-2a5">
         <name>.text:malloc</name>
         <load_address>0x221c</load_address>
         <run_address>0x221c</run_address>
         <size>0x8</size>
         <input_file_ref idref="fl-dc"/>
      </object_component>
      <object_component id="oc-32f">
         <name>.text:QueueP_init</name>
         <load_address>0x2224</load_address>
         <run_address>0x2224</run_address>
         <size>0x6</size>
         <input_file_ref idref="fl-1b"/>
      </object_component>
      <object_component id="oc-2ed">
         <name>.text:ClockP_isActive</name>
         <load_address>0x222a</load_address>
         <run_address>0x222a</run_address>
         <size>0x4</size>
         <input_file_ref idref="fl-17"/>
      </object_component>
      <object_component id="oc-115">
         <name>.text:HwiP_enable</name>
         <load_address>0x222e</load_address>
         <run_address>0x222e</run_address>
         <size>0x4</size>
         <input_file_ref idref="fl-19"/>
      </object_component>
      <object_component id="oc-531">
         <name>.text:HwiP_post</name>
         <load_address>0x2232</load_address>
         <run_address>0x2232</run_address>
         <size>0x4</size>
         <input_file_ref idref="fl-19"/>
      </object_component>
      <object_component id="oc-57d">
         <name>.text:QueueP_head</name>
         <load_address>0x2236</load_address>
         <run_address>0x2236</run_address>
         <size>0x4</size>
         <input_file_ref idref="fl-1b"/>
      </object_component>
      <object_component id="oc-583">
         <name>.text:QueueP_next</name>
         <load_address>0x223a</load_address>
         <run_address>0x223a</run_address>
         <size>0x4</size>
         <input_file_ref idref="fl-1b"/>
      </object_component>
      <object_component id="oc-201">
         <name>.text:SemaphoreP_delete</name>
         <load_address>0x223e</load_address>
         <run_address>0x223e</run_address>
         <size>0x4</size>
         <input_file_ref idref="fl-15"/>
      </object_component>
      <object_component id="oc-4b9">
         <name>.text:TimerP_setPeriod</name>
         <load_address>0x2242</load_address>
         <run_address>0x2242</run_address>
         <size>0x4</size>
         <input_file_ref idref="fl-18"/>
      </object_component>
      <object_component id="oc-f0">
         <name>.text:_system_pre_init</name>
         <load_address>0x2246</load_address>
         <run_address>0x2246</run_address>
         <size>0x4</size>
         <input_file_ref idref="fl-e1"/>
      </object_component>
      <object_component id="oc-122">
         <name>.text:abort:abort</name>
         <load_address>0x224a</load_address>
         <run_address>0x224a</run_address>
         <size>0x4</size>
         <input_file_ref idref="fl-e3"/>
      </object_component>
      <object_component id="oc-25c">
         <name>.text:_nop</name>
         <load_address>0x224e</load_address>
         <run_address>0x224e</run_address>
         <size>0x2</size>
         <input_file_ref idref="fl-e4"/>
      </object_component>
      <object_component id="oc-6c">
         <name>.text:busFaultISR</name>
         <load_address>0x2250</load_address>
         <run_address>0x2250</run_address>
         <size>0x2</size>
         <input_file_ref idref="fl-1a"/>
      </object_component>
      <object_component id="oc-2f9">
         <name>.text:clkFxn</name>
         <load_address>0x2252</load_address>
         <run_address>0x2252</run_address>
         <size>0x2</size>
         <input_file_ref idref="fl-15"/>
      </object_component>
      <object_component id="oc-66">
         <name>.text:defaultISR</name>
         <load_address>0x2254</load_address>
         <run_address>0x2254</run_address>
         <size>0x2</size>
         <input_file_ref idref="fl-1a"/>
      </object_component>
      <object_component id="oc-60">
         <name>.text:faultISR</name>
         <load_address>0x2256</load_address>
         <run_address>0x2256</run_address>
         <size>0x2</size>
         <input_file_ref idref="fl-1a"/>
      </object_component>
      <object_component id="oc-5a">
         <name>.text:nmiISR</name>
         <load_address>0x2258</load_address>
         <run_address>0x2258</run_address>
         <size>0x2</size>
         <input_file_ref idref="fl-1a"/>
      </object_component>
      <object_component id="oc-5ac">
         <name>.text</name>
         <load_address>0x225a</load_address>
         <run_address>0x225a</run_address>
         <size>0x2</size>
         <input_file_ref idref="fl-de"/>
      </object_component>
      <object_component id="oc-508">
         <name>.const:g_pulRegs</name>
         <load_address>0x225c</load_address>
         <run_address>0x225c</run_address>
         <size>0x50</size>
         <input_file_ref idref="fl-1e"/>
      </object_component>
      <object_component id="oc-1e3">
         <name>.const:PowerMSP432_config</name>
         <load_address>0x22ac</load_address>
         <run_address>0x22ac</run_address>
         <size>0x38</size>
         <input_file_ref idref="fl-3"/>
      </object_component>
      <object_component id="oc-223">
         <name>.const:GPIOMSP432_config</name>
         <load_address>0x22e4</load_address>
         <run_address>0x22e4</run_address>
         <size>0x14</size>
         <input_file_ref idref="fl-3"/>
      </object_component>
      <object_component id="oc-497">
         <name>.const:SwiP_defaultParams</name>
         <load_address>0x22f8</load_address>
         <run_address>0x22f8</run_address>
         <size>0x10</size>
         <input_file_ref idref="fl-1c"/>
      </object_component>
      <object_component id="oc-50c">
         <name>.const:g_pulEnRegs</name>
         <load_address>0x2308</load_address>
         <run_address>0x2308</run_address>
         <size>0x8</size>
         <input_file_ref idref="fl-1e"/>
      </object_component>
      <object_component id="oc-5ca">
         <name>.const:g_pulPendRegs</name>
         <load_address>0x2310</load_address>
         <run_address>0x2310</run_address>
         <size>0x8</size>
         <input_file_ref idref="fl-1e"/>
      </object_component>
      <object_component id="oc-311">
         <name>.const:.string:interruptType</name>
         <load_address>0x2318</load_address>
         <run_address>0x2318</run_address>
         <size>0x6</size>
         <input_file_ref idref="fl-10"/>
      </object_component>
      <object_component id="oc-308">
         <name>.const:.string:portInterruptIds</name>
         <load_address>0x231e</load_address>
         <run_address>0x231e</run_address>
         <size>0x6</size>
         <input_file_ref idref="fl-10"/>
      </object_component>
      <object_component id="oc-60a">
         <name>.cinit..data.load</name>
         <load_address>0x2328</load_address>
         <run_address>0x2328</run_address>
         <size>0x8d</size>
      </object_component>
      <object_component id="oc-608">
         <name>__TI_handler_table</name>
         <load_address>0x23b8</load_address>
         <run_address>0x23b8</run_address>
         <size>0xc</size>
      </object_component>
      <object_component id="oc-60b">
         <name>.cinit..bss.load</name>
         <load_address>0x23c8</load_address>
         <run_address>0x23c8</run_address>
         <size>0x8</size>
      </object_component>
      <object_component id="oc-60c">
         <name>.cinit..vtable.load</name>
         <load_address>0x23d0</load_address>
         <run_address>0x23d0</run_address>
         <size>0x8</size>
      </object_component>
      <object_component id="oc-609">
         <name>__TI_cinit_table</name>
         <load_address>0x23d8</load_address>
         <run_address>0x23d8</run_address>
         <size>0x18</size>
      </object_component>
      <object_component id="oc-325">
         <name>.data:gpioPinConfigs</name>
         <load_address>0x200082d8</load_address>
         <run_address>0x200082d8</run_address>
         <size>0x8</size>
         <input_file_ref idref="fl-3"/>
      </object_component>
      <object_component id="oc-328">
         <name>.data:gpioCallbackFunctions</name>
         <load_address>0x200082d0</load_address>
         <run_address>0x200082d0</run_address>
         <size>0x8</size>
         <input_file_ref idref="fl-3"/>
      </object_component>
      <object_component id="oc-220">
         <name>.data</name>
         <load_address>0x200082f3</load_address>
         <run_address>0x200082f3</run_address>
         <size>0x2</size>
         <input_file_ref idref="fl-10"/>
      </object_component>
      <object_component id="oc-1e0">
         <name>.data:PowerMSP432_module</name>
         <load_address>0x20008280</load_address>
         <run_address>0x20008280</run_address>
         <size>0x2c</size>
         <input_file_ref idref="fl-11"/>
      </object_component>
      <object_component id="oc-299">
         <name>.data:PowerMSP432_perfLevels</name>
         <load_address>0x20008140</load_address>
         <run_address>0x20008140</run_address>
         <size>0x140</size>
         <input_file_ref idref="fl-11"/>
      </object_component>
      <object_component id="oc-2ff">
         <name>.data</name>
         <load_address>0x200082f0</load_address>
         <run_address>0x200082f0</run_address>
         <size>0x3</size>
         <input_file_ref idref="fl-15"/>
      </object_component>
      <object_component id="oc-452">
         <name>.data:SemaphoreP_defaultParams</name>
         <load_address>0x200082c8</load_address>
         <run_address>0x200082c8</run_address>
         <size>0x8</size>
         <input_file_ref idref="fl-15"/>
      </object_component>
      <object_component id="oc-243">
         <name>.data</name>
         <load_address>0x200082e0</load_address>
         <run_address>0x200082e0</run_address>
         <size>0x8</size>
         <input_file_ref idref="fl-17"/>
      </object_component>
      <object_component id="oc-4c5">
         <name>.data</name>
         <load_address>0x200082f6</load_address>
         <run_address>0x200082f6</run_address>
         <size>0x1</size>
         <input_file_ref idref="fl-18"/>
      </object_component>
      <object_component id="oc-4af">
         <name>.data:TimerP_defaultParams</name>
         <load_address>0x200082ac</load_address>
         <run_address>0x200082ac</run_address>
         <size>0xc</size>
         <input_file_ref idref="fl-18"/>
      </object_component>
      <object_component id="oc-416">
         <name>.data:HwiP_dispatchTable</name>
         <load_address>0x20008000</load_address>
         <run_address>0x20008000</run_address>
         <size>0x140</size>
         <input_file_ref idref="fl-19"/>
      </object_component>
      <object_component id="oc-413">
         <name>.data</name>
         <load_address>0x200082e8</load_address>
         <run_address>0x200082e8</run_address>
         <size>0x8</size>
         <input_file_ref idref="fl-19"/>
      </object_component>
      <object_component id="oc-49c">
         <name>.data</name>
         <load_address>0x200082f5</load_address>
         <run_address>0x200082f5</run_address>
         <size>0x1</size>
         <input_file_ref idref="fl-1c"/>
      </object_component>
      <object_component id="oc-4ff">
         <name>.data:$O1$$</name>
         <load_address>0x200082c0</load_address>
         <run_address>0x200082c0</run_address>
         <size>0x8</size>
         <input_file_ref idref="fl-dc"/>
      </object_component>
      <object_component id="oc-1b2">
         <name>.data:$O1$$</name>
         <load_address>0x200082b8</load_address>
         <run_address>0x200082b8</run_address>
         <size>0x8</size>
         <input_file_ref idref="fl-e4"/>
      </object_component>
      <object_component id="oc-226">
         <name>.bss:gpioCallbackInfo</name>
         <uninitialized>true</uninitialized>
         <run_address>0x20008398</run_address>
         <size>0x30</size>
         <input_file_ref idref="fl-10"/>
      </object_component>
      <object_component id="oc-21f">
         <name>.bss</name>
         <uninitialized>true</uninitialized>
         <run_address>0x20008440</run_address>
         <size>0x4</size>
         <input_file_ref idref="fl-10"/>
      </object_component>
      <object_component id="oc-23d">
         <name>.bss:ClockP_module</name>
         <uninitialized>true</uninitialized>
         <run_address>0x200082f8</run_address>
         <size>0xa0</size>
         <input_file_ref idref="fl-17"/>
      </object_component>
      <object_component id="oc-365">
         <name>.bss:timerFreq</name>
         <uninitialized>true</uninitialized>
         <run_address>0x20008438</run_address>
         <size>0x8</size>
         <input_file_ref idref="fl-17"/>
      </object_component>
      <object_component id="oc-240">
         <name>.bss</name>
         <uninitialized>true</uninitialized>
         <run_address>0x20008444</run_address>
         <size>0x4</size>
         <input_file_ref idref="fl-17"/>
      </object_component>
      <object_component id="oc-4d1">
         <name>.bss</name>
         <uninitialized>true</uninitialized>
         <run_address>0x20008448</run_address>
         <size>0x4</size>
         <input_file_ref idref="fl-18"/>
      </object_component>
      <object_component id="oc-4c8">
         <name>.bss:TimerP_hwiStruct</name>
         <uninitialized>true</uninitialized>
         <run_address>0x20008404</run_address>
         <size>0x1c</size>
         <input_file_ref idref="fl-18"/>
      </object_component>
      <object_component id="oc-4a2">
         <name>.bss</name>
         <uninitialized>true</uninitialized>
         <run_address>0x20008420</run_address>
         <size>0xd</size>
         <input_file_ref idref="fl-1c"/>
      </object_component>
      <object_component id="oc-4a5">
         <name>.bss:SwiP_hwiStruct</name>
         <uninitialized>true</uninitialized>
         <run_address>0x200083e8</run_address>
         <size>0x1c</size>
         <input_file_ref idref="fl-1c"/>
      </object_component>
      <object_component id="oc-49f">
         <name>.bss:SwiP_readyList</name>
         <uninitialized>true</uninitialized>
         <run_address>0x200083c8</run_address>
         <size>0x20</size>
         <input_file_ref idref="fl-1c"/>
      </object_component>
      <object_component id="oc-3b8">
         <name>.bss</name>
         <uninitialized>true</uninitialized>
         <run_address>0x20008430</run_address>
         <size>0x8</size>
         <input_file_ref idref="fl-1d"/>
      </object_component>
      <object_component id="oc-29">
         <name>.sysmem</name>
         <uninitialized>true</uninitialized>
         <run_address>0x20000000</run_address>
         <size>0x10</size>
         <input_file_ref idref="fl-dc"/>
      </object_component>
      <object_component id="oc-60f">
         <name>.sysmem</name>
         <uninitialized>true</uninitialized>
         <run_address>0x20000000</run_address>
         <size>0x0</size>
      </object_component>
      <object_component id="oc-2c">
         <name>.stack</name>
         <uninitialized>true</uninitialized>
         <run_address>0x2000f000</run_address>
         <size>0x4</size>
         <input_file_ref idref="fl-dd"/>
      </object_component>
      <object_component id="oc-60e">
         <name>.stack</name>
         <uninitialized>true</uninitialized>
         <run_address>0x2000f000</run_address>
         <size>0x0</size>
      </object_component>
      <object_component id="oc-26">
         <name>.intvecs:retain</name>
         <load_address>0x0</load_address>
         <run_address>0x0</run_address>
         <size>0x144</size>
         <input_file_ref idref="fl-1a"/>
      </object_component>
      <object_component id="oc-503">
         <name>.vtable</name>
         <uninitialized>true</uninitialized>
         <run_address>0x20008800</run_address>
         <size>0xe8</size>
         <input_file_ref idref="fl-1e"/>
      </object_component>
      <object_component id="oc-1ad">
         <name>.debug_info</name>
         <load_address>0x0</load_address>
         <run_address>0x0</run_address>
         <size>0x30f</size>
         <input_file_ref idref="fl-2"/>
      </object_component>
      <object_component id="oc-11c">
         <name>.debug_info</name>
         <load_address>0x30f</load_address>
         <run_address>0x30f</run_address>
         <size>0x1a2</size>
         <input_file_ref idref="fl-2"/>
      </object_component>
      <object_component id="oc-250">
         <name>.debug_info</name>
         <load_address>0x4b1</load_address>
         <run_address>0x4b1</run_address>
         <size>0x26b</size>
         <input_file_ref idref="fl-2"/>
      </object_component>
      <object_component id="oc-35">
         <name>.debug_info</name>
         <load_address>0x71c</load_address>
         <run_address>0x71c</run_address>
         <size>0x84</size>
         <input_file_ref idref="fl-2"/>
      </object_component>
      <object_component id="oc-44d">
         <name>.debug_info</name>
         <load_address>0x7a0</load_address>
         <run_address>0x7a0</run_address>
         <size>0x3b</size>
         <input_file_ref idref="fl-2"/>
      </object_component>
      <object_component id="oc-39f">
         <name>.debug_info</name>
         <load_address>0x7db</load_address>
         <run_address>0x7db</run_address>
         <size>0x2a4</size>
         <input_file_ref idref="fl-2"/>
      </object_component>
      <object_component id="oc-24b">
         <name>.debug_info</name>
         <load_address>0xa7f</load_address>
         <run_address>0xa7f</run_address>
         <size>0xef</size>
         <input_file_ref idref="fl-2"/>
      </object_component>
      <object_component id="oc-3a4">
         <name>.debug_info</name>
         <load_address>0xb6e</load_address>
         <run_address>0xb6e</run_address>
         <size>0xbb</size>
         <input_file_ref idref="fl-2"/>
      </object_component>
      <object_component id="oc-55d">
         <name>.debug_info</name>
         <load_address>0xc29</load_address>
         <run_address>0xc29</run_address>
         <size>0x53</size>
         <input_file_ref idref="fl-2"/>
      </object_component>
      <object_component id="oc-255">
         <name>.debug_info</name>
         <load_address>0xc7c</load_address>
         <run_address>0xc7c</run_address>
         <size>0x53</size>
         <input_file_ref idref="fl-2"/>
      </object_component>
      <object_component id="oc-2c8">
         <name>.debug_info</name>
         <load_address>0xccf</load_address>
         <run_address>0xccf</run_address>
         <size>0x38b</size>
         <input_file_ref idref="fl-3"/>
      </object_component>
      <object_component id="oc-326">
         <name>.debug_info</name>
         <load_address>0x105a</load_address>
         <run_address>0x105a</run_address>
         <size>0xf3</size>
         <input_file_ref idref="fl-3"/>
      </object_component>
      <object_component id="oc-329">
         <name>.debug_info</name>
         <load_address>0x114d</load_address>
         <run_address>0x114d</run_address>
         <size>0x101</size>
         <input_file_ref idref="fl-3"/>
      </object_component>
      <object_component id="oc-224">
         <name>.debug_info</name>
         <load_address>0x124e</load_address>
         <run_address>0x124e</run_address>
         <size>0xf9</size>
         <input_file_ref idref="fl-3"/>
      </object_component>
      <object_component id="oc-1e4">
         <name>.debug_info</name>
         <load_address>0x1347</load_address>
         <run_address>0x1347</run_address>
         <size>0xfb</size>
         <input_file_ref idref="fl-3"/>
      </object_component>
      <object_component id="oc-187">
         <name>.debug_info</name>
         <load_address>0x1442</load_address>
         <run_address>0x1442</run_address>
         <size>0x13f</size>
         <input_file_ref idref="fl-3"/>
      </object_component>
      <object_component id="oc-111">
         <name>.debug_info</name>
         <load_address>0x1581</load_address>
         <run_address>0x1581</run_address>
         <size>0x15d</size>
         <input_file_ref idref="fl-3"/>
      </object_component>
      <object_component id="oc-443">
         <name>.debug_info</name>
         <load_address>0x16de</load_address>
         <run_address>0x16de</run_address>
         <size>0x9a</size>
         <input_file_ref idref="fl-3"/>
      </object_component>
      <object_component id="oc-448">
         <name>.debug_info</name>
         <load_address>0x1778</load_address>
         <run_address>0x1778</run_address>
         <size>0x4dc</size>
         <input_file_ref idref="fl-3"/>
      </object_component>
      <object_component id="oc-3e1">
         <name>.debug_info</name>
         <load_address>0x1c54</load_address>
         <run_address>0x1c54</run_address>
         <size>0xa1</size>
         <input_file_ref idref="fl-3"/>
      </object_component>
      <object_component id="oc-538">
         <name>.debug_info</name>
         <load_address>0x1cf5</load_address>
         <run_address>0x1cf5</run_address>
         <size>0xb6</size>
         <input_file_ref idref="fl-3"/>
      </object_component>
      <object_component id="oc-9d">
         <name>.debug_info</name>
         <load_address>0x1dab</load_address>
         <run_address>0x1dab</run_address>
         <size>0x8b</size>
         <input_file_ref idref="fl-3"/>
      </object_component>
      <object_component id="oc-f9">
         <name>.debug_info</name>
         <load_address>0x1e36</load_address>
         <run_address>0x1e36</run_address>
         <size>0x140</size>
         <input_file_ref idref="fl-4"/>
      </object_component>
      <object_component id="oc-108">
         <name>.debug_info</name>
         <load_address>0x1f76</load_address>
         <run_address>0x1f76</run_address>
         <size>0x7d2</size>
         <input_file_ref idref="fl-10"/>
      </object_component>
      <object_component id="oc-312">
         <name>.debug_info</name>
         <load_address>0x2748</load_address>
         <run_address>0x2748</run_address>
         <size>0x114</size>
         <input_file_ref idref="fl-10"/>
      </object_component>
      <object_component id="oc-309">
         <name>.debug_info</name>
         <load_address>0x285c</load_address>
         <run_address>0x285c</run_address>
         <size>0x11a</size>
         <input_file_ref idref="fl-10"/>
      </object_component>
      <object_component id="oc-227">
         <name>.debug_info</name>
         <load_address>0x2976</load_address>
         <run_address>0x2976</run_address>
         <size>0x11a</size>
         <input_file_ref idref="fl-10"/>
      </object_component>
      <object_component id="oc-221">
         <name>.debug_info</name>
         <load_address>0x2a90</load_address>
         <run_address>0x2a90</run_address>
         <size>0x148</size>
         <input_file_ref idref="fl-10"/>
      </object_component>
      <object_component id="oc-30e">
         <name>.debug_info</name>
         <load_address>0x2bd8</load_address>
         <run_address>0x2bd8</run_address>
         <size>0x1ee</size>
         <input_file_ref idref="fl-10"/>
      </object_component>
      <object_component id="oc-1a9">
         <name>.debug_info</name>
         <load_address>0x2dc6</load_address>
         <run_address>0x2dc6</run_address>
         <size>0x1f0</size>
         <input_file_ref idref="fl-10"/>
      </object_component>
      <object_component id="oc-20f">
         <name>.debug_info</name>
         <load_address>0x2fb6</load_address>
         <run_address>0x2fb6</run_address>
         <size>0x32f</size>
         <input_file_ref idref="fl-10"/>
      </object_component>
      <object_component id="oc-215">
         <name>.debug_info</name>
         <load_address>0x32e5</load_address>
         <run_address>0x32e5</run_address>
         <size>0x206</size>
         <input_file_ref idref="fl-10"/>
      </object_component>
      <object_component id="oc-19c">
         <name>.debug_info</name>
         <load_address>0x34eb</load_address>
         <run_address>0x34eb</run_address>
         <size>0x17b</size>
         <input_file_ref idref="fl-10"/>
      </object_component>
      <object_component id="oc-196">
         <name>.debug_info</name>
         <load_address>0x3666</load_address>
         <run_address>0x3666</run_address>
         <size>0x253</size>
         <input_file_ref idref="fl-10"/>
      </object_component>
      <object_component id="oc-167">
         <name>.debug_info</name>
         <load_address>0x38b9</load_address>
         <run_address>0x38b9</run_address>
         <size>0x100</size>
         <input_file_ref idref="fl-10"/>
      </object_component>
      <object_component id="oc-162">
         <name>.debug_info</name>
         <load_address>0x39b9</load_address>
         <run_address>0x39b9</run_address>
         <size>0xf8</size>
         <input_file_ref idref="fl-10"/>
      </object_component>
      <object_component id="oc-16c">
         <name>.debug_info</name>
         <load_address>0x3ab1</load_address>
         <run_address>0x3ab1</run_address>
         <size>0x9d</size>
         <input_file_ref idref="fl-10"/>
      </object_component>
      <object_component id="oc-171">
         <name>.debug_info</name>
         <load_address>0x3b4e</load_address>
         <run_address>0x3b4e</run_address>
         <size>0x9a</size>
         <input_file_ref idref="fl-10"/>
      </object_component>
      <object_component id="oc-cf">
         <name>.debug_info</name>
         <load_address>0x3be8</load_address>
         <run_address>0x3be8</run_address>
         <size>0x26b</size>
         <input_file_ref idref="fl-10"/>
      </object_component>
      <object_component id="oc-c5">
         <name>.debug_info</name>
         <load_address>0x3e53</load_address>
         <run_address>0x3e53</run_address>
         <size>0x1028</size>
         <input_file_ref idref="fl-10"/>
      </object_component>
      <object_component id="oc-c0">
         <name>.debug_info</name>
         <load_address>0x4e7b</load_address>
         <run_address>0x4e7b</run_address>
         <size>0x37e2</size>
         <input_file_ref idref="fl-10"/>
      </object_component>
      <object_component id="oc-17b">
         <name>.debug_info</name>
         <load_address>0x865d</load_address>
         <run_address>0x865d</run_address>
         <size>0x3b</size>
         <input_file_ref idref="fl-10"/>
      </object_component>
      <object_component id="oc-109">
         <name>.debug_info</name>
         <load_address>0x8698</load_address>
         <run_address>0x8698</run_address>
         <size>0x297</size>
         <input_file_ref idref="fl-10"/>
      </object_component>
      <object_component id="oc-176">
         <name>.debug_info</name>
         <load_address>0x892f</load_address>
         <run_address>0x892f</run_address>
         <size>0xef</size>
         <input_file_ref idref="fl-10"/>
      </object_component>
      <object_component id="oc-ca">
         <name>.debug_info</name>
         <load_address>0x8a1e</load_address>
         <run_address>0x8a1e</run_address>
         <size>0xbb</size>
         <input_file_ref idref="fl-10"/>
      </object_component>
      <object_component id="oc-2a2">
         <name>.debug_info</name>
         <load_address>0x8ad9</load_address>
         <run_address>0x8ad9</run_address>
         <size>0x947</size>
         <input_file_ref idref="fl-11"/>
      </object_component>
      <object_component id="oc-1e1">
         <name>.debug_info</name>
         <load_address>0x9420</load_address>
         <run_address>0x9420</run_address>
         <size>0x121</size>
         <input_file_ref idref="fl-11"/>
      </object_component>
      <object_component id="oc-29a">
         <name>.debug_info</name>
         <load_address>0x9541</load_address>
         <run_address>0x9541</run_address>
         <size>0x129</size>
         <input_file_ref idref="fl-11"/>
      </object_component>
      <object_component id="oc-51f">
         <name>.debug_info</name>
         <load_address>0x966a</load_address>
         <run_address>0x966a</run_address>
         <size>0x1cd</size>
         <input_file_ref idref="fl-11"/>
      </object_component>
      <object_component id="oc-525">
         <name>.debug_info</name>
         <load_address>0x9837</load_address>
         <run_address>0x9837</run_address>
         <size>0x170</size>
         <input_file_ref idref="fl-11"/>
      </object_component>
      <object_component id="oc-52b">
         <name>.debug_info</name>
         <load_address>0x99a7</load_address>
         <run_address>0x99a7</run_address>
         <size>0x1aa</size>
         <input_file_ref idref="fl-11"/>
      </object_component>
      <object_component id="oc-435">
         <name>.debug_info</name>
         <load_address>0x9b51</load_address>
         <run_address>0x9b51</run_address>
         <size>0x515</size>
         <input_file_ref idref="fl-11"/>
      </object_component>
      <object_component id="oc-42f">
         <name>.debug_info</name>
         <load_address>0xa066</load_address>
         <run_address>0xa066</run_address>
         <size>0x170</size>
         <input_file_ref idref="fl-11"/>
      </object_component>
      <object_component id="oc-283">
         <name>.debug_info</name>
         <load_address>0xa1d6</load_address>
         <run_address>0xa1d6</run_address>
         <size>0x185</size>
         <input_file_ref idref="fl-11"/>
      </object_component>
      <object_component id="oc-1d0">
         <name>.debug_info</name>
         <load_address>0xa35b</load_address>
         <run_address>0xa35b</run_address>
         <size>0x353</size>
         <input_file_ref idref="fl-11"/>
      </object_component>
      <object_component id="oc-182">
         <name>.debug_info</name>
         <load_address>0xa6ae</load_address>
         <run_address>0xa6ae</run_address>
         <size>0x1c6</size>
         <input_file_ref idref="fl-11"/>
      </object_component>
      <object_component id="oc-53f">
         <name>.debug_info</name>
         <load_address>0xa874</load_address>
         <run_address>0xa874</run_address>
         <size>0x161</size>
         <input_file_ref idref="fl-11"/>
      </object_component>
      <object_component id="oc-2e9">
         <name>.debug_info</name>
         <load_address>0xa9d5</load_address>
         <run_address>0xa9d5</run_address>
         <size>0x162</size>
         <input_file_ref idref="fl-11"/>
      </object_component>
      <object_component id="oc-31d">
         <name>.debug_info</name>
         <load_address>0xab37</load_address>
         <run_address>0xab37</run_address>
         <size>0x189</size>
         <input_file_ref idref="fl-11"/>
      </object_component>
      <object_component id="oc-29d">
         <name>.debug_info</name>
         <load_address>0xacc0</load_address>
         <run_address>0xacc0</run_address>
         <size>0x4dc</size>
         <input_file_ref idref="fl-11"/>
      </object_component>
      <object_component id="oc-3dc">
         <name>.debug_info</name>
         <load_address>0xb19c</load_address>
         <run_address>0xb19c</run_address>
         <size>0xb6</size>
         <input_file_ref idref="fl-11"/>
      </object_component>
      <object_component id="oc-3e8">
         <name>.debug_info</name>
         <load_address>0xb252</load_address>
         <run_address>0xb252</run_address>
         <size>0x37e2</size>
         <input_file_ref idref="fl-11"/>
      </object_component>
      <object_component id="oc-489">
         <name>.debug_info</name>
         <load_address>0xea34</load_address>
         <run_address>0xea34</run_address>
         <size>0x30a</size>
         <input_file_ref idref="fl-13"/>
      </object_component>
      <object_component id="oc-303">
         <name>.debug_info</name>
         <load_address>0xed3e</load_address>
         <run_address>0xed3e</run_address>
         <size>0x137</size>
         <input_file_ref idref="fl-13"/>
      </object_component>
      <object_component id="oc-2d7">
         <name>.debug_info</name>
         <load_address>0xee75</load_address>
         <run_address>0xee75</run_address>
         <size>0x57a</size>
         <input_file_ref idref="fl-15"/>
      </object_component>
      <object_component id="oc-300">
         <name>.debug_info</name>
         <load_address>0xf3ef</load_address>
         <run_address>0xf3ef</run_address>
         <size>0x180</size>
         <input_file_ref idref="fl-15"/>
      </object_component>
      <object_component id="oc-453">
         <name>.debug_info</name>
         <load_address>0xf56f</load_address>
         <run_address>0xf56f</run_address>
         <size>0x12d</size>
         <input_file_ref idref="fl-15"/>
      </object_component>
      <object_component id="oc-2fb">
         <name>.debug_info</name>
         <load_address>0xf69c</load_address>
         <run_address>0xf69c</run_address>
         <size>0x15e</size>
         <input_file_ref idref="fl-15"/>
      </object_component>
      <object_component id="oc-21b">
         <name>.debug_info</name>
         <load_address>0xf7fa</load_address>
         <run_address>0xf7fa</run_address>
         <size>0x1ee</size>
         <input_file_ref idref="fl-15"/>
      </object_component>
      <object_component id="oc-209">
         <name>.debug_info</name>
         <load_address>0xf9e8</load_address>
         <run_address>0xf9e8</run_address>
         <size>0x2c6</size>
         <input_file_ref idref="fl-15"/>
      </object_component>
      <object_component id="oc-383">
         <name>.debug_info</name>
         <load_address>0xfcae</load_address>
         <run_address>0xfcae</run_address>
         <size>0x17e</size>
         <input_file_ref idref="fl-15"/>
      </object_component>
      <object_component id="oc-203">
         <name>.debug_info</name>
         <load_address>0xfe2c</load_address>
         <run_address>0xfe2c</run_address>
         <size>0x180</size>
         <input_file_ref idref="fl-15"/>
      </object_component>
      <object_component id="oc-2cc">
         <name>.debug_info</name>
         <load_address>0xffac</load_address>
         <run_address>0xffac</run_address>
         <size>0x184</size>
         <input_file_ref idref="fl-15"/>
      </object_component>
      <object_component id="oc-37d">
         <name>.debug_info</name>
         <load_address>0x10130</load_address>
         <run_address>0x10130</run_address>
         <size>0x238</size>
         <input_file_ref idref="fl-15"/>
      </object_component>
      <object_component id="oc-2d2">
         <name>.debug_info</name>
         <load_address>0x10368</load_address>
         <run_address>0x10368</run_address>
         <size>0x1e1</size>
         <input_file_ref idref="fl-15"/>
      </object_component>
      <object_component id="oc-1f1">
         <name>.debug_info</name>
         <load_address>0x10549</load_address>
         <run_address>0x10549</run_address>
         <size>0x1e6</size>
         <input_file_ref idref="fl-15"/>
      </object_component>
      <object_component id="oc-45e">
         <name>.debug_info</name>
         <load_address>0x1072f</load_address>
         <run_address>0x1072f</run_address>
         <size>0x76</size>
         <input_file_ref idref="fl-15"/>
      </object_component>
      <object_component id="oc-459">
         <name>.debug_info</name>
         <load_address>0x107a5</load_address>
         <run_address>0x107a5</run_address>
         <size>0xcc</size>
         <input_file_ref idref="fl-15"/>
      </object_component>
      <object_component id="oc-3d8">
         <name>.debug_info</name>
         <load_address>0x10871</load_address>
         <run_address>0x10871</run_address>
         <size>0x496</size>
         <input_file_ref idref="fl-16"/>
      </object_component>
      <object_component id="oc-294">
         <name>.debug_info</name>
         <load_address>0x10d07</load_address>
         <run_address>0x10d07</run_address>
         <size>0x187</size>
         <input_file_ref idref="fl-16"/>
      </object_component>
      <object_component id="oc-2c1">
         <name>.debug_info</name>
         <load_address>0x10e8e</load_address>
         <run_address>0x10e8e</run_address>
         <size>0x25f</size>
         <input_file_ref idref="fl-16"/>
      </object_component>
      <object_component id="oc-2bb">
         <name>.debug_info</name>
         <load_address>0x110ed</load_address>
         <run_address>0x110ed</run_address>
         <size>0x172</size>
         <input_file_ref idref="fl-16"/>
      </object_component>
      <object_component id="oc-369">
         <name>.debug_info</name>
         <load_address>0x1125f</load_address>
         <run_address>0x1125f</run_address>
         <size>0x10c</size>
         <input_file_ref idref="fl-16"/>
      </object_component>
      <object_component id="oc-247">
         <name>.debug_info</name>
         <load_address>0x1136b</load_address>
         <run_address>0x1136b</run_address>
         <size>0x800</size>
         <input_file_ref idref="fl-17"/>
      </object_component>
      <object_component id="oc-23e">
         <name>.debug_info</name>
         <load_address>0x11b6b</load_address>
         <run_address>0x11b6b</run_address>
         <size>0x117</size>
         <input_file_ref idref="fl-17"/>
      </object_component>
      <object_component id="oc-244">
         <name>.debug_info</name>
         <load_address>0x11c82</load_address>
         <run_address>0x11c82</run_address>
         <size>0x154</size>
         <input_file_ref idref="fl-17"/>
      </object_component>
      <object_component id="oc-366">
         <name>.debug_info</name>
         <load_address>0x11dd6</load_address>
         <run_address>0x11dd6</run_address>
         <size>0x10f</size>
         <input_file_ref idref="fl-17"/>
      </object_component>
      <object_component id="oc-241">
         <name>.debug_info</name>
         <load_address>0x11ee5</load_address>
         <run_address>0x11ee5</run_address>
         <size>0x11f</size>
         <input_file_ref idref="fl-17"/>
      </object_component>
      <object_component id="oc-361">
         <name>.debug_info</name>
         <load_address>0x12004</load_address>
         <run_address>0x12004</run_address>
         <size>0x16e</size>
         <input_file_ref idref="fl-17"/>
      </object_component>
      <object_component id="oc-4d8">
         <name>.debug_info</name>
         <load_address>0x12172</load_address>
         <run_address>0x12172</run_address>
         <size>0x23d</size>
         <input_file_ref idref="fl-17"/>
      </object_component>
      <object_component id="oc-471">
         <name>.debug_info</name>
         <load_address>0x123af</load_address>
         <run_address>0x123af</run_address>
         <size>0x1f5</size>
         <input_file_ref idref="fl-17"/>
      </object_component>
      <object_component id="oc-35a">
         <name>.debug_info</name>
         <load_address>0x125a4</load_address>
         <run_address>0x125a4</run_address>
         <size>0x365</size>
         <input_file_ref idref="fl-17"/>
      </object_component>
      <object_component id="oc-22c">
         <name>.debug_info</name>
         <load_address>0x12909</load_address>
         <run_address>0x12909</run_address>
         <size>0x23a</size>
         <input_file_ref idref="fl-17"/>
      </object_component>
      <object_component id="oc-238">
         <name>.debug_info</name>
         <load_address>0x12b43</load_address>
         <run_address>0x12b43</run_address>
         <size>0x1e9</size>
         <input_file_ref idref="fl-17"/>
      </object_component>
      <object_component id="oc-1a1">
         <name>.debug_info</name>
         <load_address>0x12d2c</load_address>
         <run_address>0x12d2c</run_address>
         <size>0x247</size>
         <input_file_ref idref="fl-17"/>
      </object_component>
      <object_component id="oc-477">
         <name>.debug_info</name>
         <load_address>0x12f73</load_address>
         <run_address>0x12f73</run_address>
         <size>0x1d2</size>
         <input_file_ref idref="fl-17"/>
      </object_component>
      <object_component id="oc-2e2">
         <name>.debug_info</name>
         <load_address>0x13145</load_address>
         <run_address>0x13145</run_address>
         <size>0x2b0</size>
         <input_file_ref idref="fl-17"/>
      </object_component>
      <object_component id="oc-2ee">
         <name>.debug_info</name>
         <load_address>0x133f5</load_address>
         <run_address>0x133f5</run_address>
         <size>0x195</size>
         <input_file_ref idref="fl-17"/>
      </object_component>
      <object_component id="oc-2f4">
         <name>.debug_info</name>
         <load_address>0x1358a</load_address>
         <run_address>0x1358a</run_address>
         <size>0x1ce</size>
         <input_file_ref idref="fl-17"/>
      </object_component>
      <object_component id="oc-2dd">
         <name>.debug_info</name>
         <load_address>0x13758</load_address>
         <run_address>0x13758</run_address>
         <size>0x202</size>
         <input_file_ref idref="fl-17"/>
      </object_component>
      <object_component id="oc-36e">
         <name>.debug_info</name>
         <load_address>0x1395a</load_address>
         <run_address>0x1395a</run_address>
         <size>0x168</size>
[...]
      <symbol id="sm-b6">
         <name>main</name>
         <value>0x20e3</value>
         <object_component_ref idref="oc-f6"/>
      </symbol>
      <symbol id="sm-175">
         <name>GPIO_setConfig</name>
         <value>0x6c5</value>
         <object_component_ref idref="oc-20d"/>
      </symbol>
      <symbol id="sm-176">
         <name>GPIO_init</name>
         <value>0xfd1</value>
         <object_component_ref idref="oc-194"/>
      </symbol>
      <symbol id="sm-177">
         <name>GPIO_read</name>
         <value>0x1f29</value>
         <object_component_ref idref="oc-19a"/>
      </symbol>
      <symbol id="sm-178">
         <name>GPIO_write</name>
         <value>0x1995</value>
         <object_component_ref idref="oc-1a6"/>
      </symbol>
      <symbol id="sm-179">
         <name>GPIO_setCallback</name>
         <value>0x18d9</value>
         <object_component_ref idref="oc-213"/>
      </symbol>
      <symbol id="sm-17a">
         <name>GPIO_hwiIntFxn</name>
         <value>0x1739</value>
         <object_component_ref idref="oc-30b"/>
      </symbol>
      <symbol id="sm-251">
         <name>Power_sleep</name>
         <value>0x145</value>
         <object_component_ref idref="oc-434"/>
      </symbol>
      <symbol id="sm-252">
         <name>Power_idleFunc</name>
         <value>0x2095</value>
         <object_component_ref idref="oc-53d"/>
      </symbol>
      <symbol id="sm-253">
         <name>Power_getConstraintMask</name>
         <value>0x21f1</value>
         <object_component_ref idref="oc-42e"/>
      </symbol>
      <symbol id="sm-254">
         <name>Power_disablePolicy</name>
         <value>0x2125</value>
         <object_component_ref idref="oc-31c"/>
      </symbol>
      <symbol id="sm-255">
         <name>Power_init</name>
         <value>0x111d</value>
         <object_component_ref idref="oc-180"/>
      </symbol>
      <symbol id="sm-256">
         <name>PowerMSP432_module</name>
         <value>0x20008280</value>
         <object_component_ref idref="oc-1e0"/>
      </symbol>
      <symbol id="sm-257">
         <name>Power_enablePolicy</name>
         <value>0x2135</value>
         <object_component_ref idref="oc-2e7"/>
      </symbol>
      <symbol id="sm-258">
         <name>PowerMSP432_perfLevels</name>
         <value>0x20008140</value>
         <object_component_ref idref="oc-299"/>
      </symbol>
      <symbol id="sm-2e5">
         <name>SemaphoreP_defaultParams</name>
         <value>0x200082c8</value>
         <object_component_ref idref="oc-452"/>
      </symbol>
      <symbol id="sm-2e6">
         <name>SemaphoreP_construct</name>
         <value>0x1aed</value>
         <object_component_ref idref="oc-37b"/>
      </symbol>
      <symbol id="sm-2e7">
         <name>SemaphoreP_create</name>
         <value>0x2069</value>
         <object_component_ref idref="oc-2d0"/>
      </symbol>
      <symbol id="sm-2e8">
         <name>SemaphoreP_destruct</name>
         <value>0x21e3</value>
         <object_component_ref idref="oc-381"/>
      </symbol>
      <symbol id="sm-2e9">
         <name>SemaphoreP_post</name>
         <value>0x1b85</value>
         <object_component_ref idref="oc-219"/>
      </symbol>
      <symbol id="sm-2ea">
         <name>SemaphoreP_pend</name>
         <value>0x107d</value>
         <object_component_ref idref="oc-207"/>
      </symbol>
      <symbol id="sm-2eb">
         <name>SemaphoreP_delete</name>
         <value>0x223f</value>
         <object_component_ref idref="oc-201"/>
      </symbol>
      <symbol id="sm-2ec">
         <name>SemaphoreP_createBinary</name>
         <value>0x1fd7</value>
         <object_component_ref idref="oc-1ef"/>
      </symbol>
      <symbol id="sm-2ed">
         <name>SemaphoreP_Params_init</name>
         <value>0x2145</value>
         <object_component_ref idref="oc-2ca"/>
      </symbol>
      <symbol id="sm-2ee">
         <name>clkFxn</name>
         <value>0x2253</value>
         <object_component_ref idref="oc-2f9"/>
      </symbol>
      <symbol id="sm-317">
         <name>PowerMSP432_initPolicy</name>
         <value>0x1d7f</value>
         <object_component_ref idref="oc-2ba"/>
      </symbol>
      <symbol id="sm-318">
         <name>PowerMSP432_updateFreqs</name>
         <value>0x1ddf</value>
         <object_component_ref idref="oc-293"/>
      </symbol>
      <symbol id="sm-319">
         <name>PowerMSP432_sleepPolicy</name>
         <value>0x1b3d</value>
         <object_component_ref idref="oc-2c0"/>
      </symbol>
      <symbol id="sm-3d9">
         <name>ClockP_doTick</name>
         <value>0x21e5</value>
         <object_component_ref idref="oc-35f"/>
      </symbol>
      <symbol id="sm-3da">
         <name>ClockP_startup</name>
         <value>0xe71</value>
         <object_component_ref idref="oc-22b"/>
      </symbol>
      <symbol id="sm-3db">
         <name>ClockP_scheduleNextTick</name>
         <value>0x1e7d</value>
         <object_component_ref idref="oc-470"/>
      </symbol>
      <symbol id="sm-3dc">
         <name>ClockP_tickPeriod</name>
         <value>0x200082e4</value>
         <object_component_ref idref="oc-243"/>
      </symbol>
      <symbol id="sm-3dd">
         <name>ClockP_usleep</name>
         <value>0x16d1</value>
         <object_component_ref idref="oc-1a0"/>
      </symbol>
      <symbol id="sm-3de">
         <name>ClockP_workFuncDynamic</name>
         <value>0xf25</value>
         <object_component_ref idref="oc-359"/>
      </symbol>
      <symbol id="sm-3df">
         <name>ClockP_walkQueueDynamic</name>
         <value>0x150d</value>
         <object_component_ref idref="oc-4d7"/>
      </symbol>
      <symbol id="sm-3e0">
         <name>ClockP_destruct</name>
         <value>0x1ff1</value>
         <object_component_ref idref="oc-2f3"/>
      </symbol>
      <symbol id="sm-3e1">
         <name>ClockP_start</name>
         <value>0x140d</value>
         <object_component_ref idref="oc-2e1"/>
      </symbol>
      <symbol id="sm-3e2">
         <name>ClockP_isActive</name>
         <value>0x222b</value>
         <object_component_ref idref="oc-2ed"/>
      </symbol>
      <symbol id="sm-3e3">
         <name>ClockP_getTicks</name>
         <value>0x1e59</value>
         <object_component_ref idref="oc-476"/>
      </symbol>
      <symbol id="sm-3e4">
         <name>ClockP_add</name>
         <value>0x1f09</value>
         <object_component_ref idref="oc-2db"/>
      </symbol>
      <symbol id="sm-483">
         <name>TimerP_setNextTick</name>
         <value>0x1c95</value>
         <object_component_ref idref="oc-54c"/>
      </symbol>
      <symbol id="sm-484">
         <name>TimerP_getCurrentTick</name>
         <value>0x1665</value>
         <object_component_ref idref="oc-46a"/>
      </symbol>
      <symbol id="sm-485">
         <name>TimerP_setPeriod</name>
         <value>0x2243</value>
         <object_component_ref idref="oc-4b9"/>
      </symbol>
      <symbol id="sm-486">
         <name>TimerP_getCount64</name>
         <value>0x1a99</value>
         <object_component_ref idref="oc-231"/>
      </symbol>
      <symbol id="sm-487">
         <name>TimerP_dynamicStub</name>
         <value>0x19ed</value>
         <object_component_ref idref="oc-4cb"/>
      </symbol>
      <symbol id="sm-488">
         <name>TimerP_getMaxTicks</name>
         <value>0x2209</value>
         <object_component_ref idref="oc-34d"/>
      </symbol>
      <symbol id="sm-489">
         <name>TimerP_construct</name>
         <value>0xbdd</value>
         <object_component_ref idref="oc-347"/>
      </symbol>
      <symbol id="sm-48a">
         <name>TimerP_getFreq</name>
         <value>0x21fd</value>
         <object_component_ref idref="oc-353"/>
      </symbol>
      <symbol id="sm-48b">
         <name>TimerP_initDevice</name>
         <value>0x1cd5</value>
         <object_component_ref idref="oc-4b3"/>
      </symbol>
      <symbol id="sm-48c">
         <name>TimerP_start</name>
         <value>0x1c0d</value>
         <object_component_ref idref="oc-4bf"/>
      </symbol>
      <symbol id="sm-48d">
         <name>TimerP_Params_init</name>
         <value>0x2185</value>
         <object_component_ref idref="oc-341"/>
      </symbol>
      <symbol id="sm-4ff">
         <name>HwiP_construct</name>
         <value>0x1585</value>
         <object_component_ref idref="oc-2ab"/>
      </symbol>
      <symbol id="sm-500">
         <name>HwiP_inISR</name>
         <value>0x2009</value>
         <object_component_ref idref="oc-316"/>
      </symbol>
      <symbol id="sm-501">
         <name>HwiP_dispatch</name>
         <value>0x1ea1</value>
         <object_component_ref idref="oc-40d"/>
      </symbol>
      <symbol id="sm-502">
         <name>HwiP_swiPIntNum</name>
         <value>0x200082ec</value>
         <object_component_ref idref="oc-413"/>
      </symbol>
      <symbol id="sm-503">
         <name>HwiP_Params_init</name>
         <value>0x20d1</value>
         <object_component_ref idref="oc-1d4"/>
      </symbol>
      <symbol id="sm-504">
         <name>HwiP_disable</name>
         <value>0x20f5</value>
         <object_component_ref idref="oc-1f5"/>
      </symbol>
      <symbol id="sm-505">
         <name>HwiP_key</name>
         <value>0x200082e8</value>
         <object_component_ref idref="oc-413"/>
      </symbol>
      <symbol id="sm-506">
         <name>HwiP_create</name>
         <value>0x1db5</value>
         <object_component_ref idref="oc-1da"/>
      </symbol>
      <symbol id="sm-507">
         <name>HwiP_post</name>
         <value>0x2233</value>
         <object_component_ref idref="oc-531"/>
      </symbol>
      <symbol id="sm-508">
         <name>HwiP_enable</name>
         <value>0x222f</value>
         <object_component_ref idref="oc-115"/>
      </symbol>
      <symbol id="sm-509">
         <name>HwiP_restore</name>
         <value>0x2215</value>
         <object_component_ref idref="oc-1fb"/>
      </symbol>
      <symbol id="sm-546">
         <name>resetISR</name>
         <value>0x2051</value>
         <object_component_ref idref="oc-1f"/>
      </symbol>
      <symbol id="sm-547">
         <name>interruptVectors</name>
         <value>0x0</value>
         <object_component_ref idref="oc-26"/>
      </symbol>
      <symbol id="sm-584">
         <name>QueueP_next</name>
         <value>0x223b</value>
         <object_component_ref idref="oc-583"/>
      </symbol>
      <symbol id="sm-585">
         <name>QueueP_put</name>
         <value>0x1f49</value>
         <object_component_ref idref="oc-463"/>
      </symbol>
      <symbol id="sm-586">
         <name>QueueP_remove</name>
         <value>0x21a3</value>
         <object_component_ref idref="oc-47f"/>
      </symbol>
      <symbol id="sm-587">
         <name>QueueP_head</name>
         <value>0x2237</value>
         <object_component_ref idref="oc-57d"/>
      </symbol>
      <symbol id="sm-588">
         <name>QueueP_init</name>
         <value>0x2225</value>
         <object_component_ref idref="oc-32f"/>
      </symbol>
      <symbol id="sm-589">
         <name>QueueP_empty</name>
         <value>0x2195</value>
         <object_component_ref idref="oc-5bf"/>
      </symbol>
      <symbol id="sm-58a">
         <name>QueueP_get</name>
         <value>0x1fbd</value>
         <object_component_ref idref="oc-5b9"/>
      </symbol>
      <symbol id="sm-629">
         <name>SwiP_disable</name>
         <value>0x1f69</value>
         <object_component_ref idref="oc-428"/>
      </symbol>
      <symbol id="sm-62a">
         <name>SwiP_restore</name>
         <value>0x1bc9</value>
         <object_component_ref idref="oc-43a"/>
      </symbol>
      <symbol id="sm-62b">
         <name>SwiP_construct</name>
         <value>0xd99</value>
         <object_component_ref idref="oc-33b"/>
      </symbol>
      <symbol id="sm-62c">
         <name>SwiP_Params_init</name>
         <value>0x2155</value>
         <object_component_ref idref="oc-335"/>
      </symbol>
      <symbol id="sm-62d">
         <name>SwiP_post</name>
         <value>0x1809</value>
         <object_component_ref idref="oc-4de"/>
      </symbol>
      <symbol id="sm-62e">
         <name>SwiP_dispatch</name>
         <value>0x11b9</value>
         <object_component_ref idref="oc-56a"/>
      </symbol>
      <symbol id="sm-6a7">
         <name>CS_setExternalClockSourceFrequency</name>
         <value>0x1ee9</value>
         <object_component_ref idref="oc-27b"/>
      </symbol>
      <symbol id="sm-6a8">
         <name>CS_startHFXTWithTimeout</name>
         <value>0x935</value>
         <object_component_ref idref="oc-287"/>
      </symbol>
      <symbol id="sm-6a9">
         <name>CS_startLFXTWithTimeout</name>
         <value>0xafd</value>
         <object_component_ref idref="oc-28d"/>
      </symbol>
      <symbol id="sm-712">
         <name>Interrupt_disableMaster</name>
         <value>0x2105</value>
         <object_component_ref idref="oc-52"/>
      </symbol>
      <symbol id="sm-713">
         <name>Interrupt_setPriority</name>
         <value>0x1a45</value>
         <object_component_ref idref="oc-401"/>
      </symbol>
      <symbol id="sm-714">
         <name>Interrupt_enableMaster</name>
         <value>0x2115</value>
         <object_component_ref idref="oc-18d"/>
      </symbol>
      <symbol id="sm-715">
         <name>Interrupt_enableInterrupt</name>
         <value>0x148d</value>
         <object_component_ref idref="oc-407"/>
      </symbol>
      <symbol id="sm-716">
         <name>Interrupt_registerInterrupt</name>
         <value>0x1939</value>
         <object_component_ref idref="oc-3fb"/>
      </symbol>
      <symbol id="sm-717">
         <name>g_pfnRAMVectors</name>
         <value>0x20008800</value>
         <object_component_ref idref="oc-503"/>
      </symbol>
      <symbol id="sm-718">
         <name>Interrupt_pendInterrupt</name>
         <value>0x17a1</value>
         <object_component_ref idref="oc-5a4"/>
      </symbol>
      <symbol id="sm-724">
         <name>SysCtl_getNMISourceStatus</name>
         <value>0x2175</value>
         <object_component_ref idref="oc-59d"/>
      </symbol>
      <symbol id="sm-744">
         <name>SysCtl_A_enableNMISource</name>
         <value>0x2039</value>
         <object_component_ref idref="oc-3cf"/>
      </symbol>
      <symbol id="sm-745">
         <name>SysCtl_A_getNMISourceStatus</name>
         <value>0x2165</value>
         <object_component_ref idref="oc-3bd"/>
      </symbol>
      <symbol id="sm-746">
         <name>SysCtl_A_disableNMISource</name>
         <value>0x2021</value>
         <object_component_ref idref="oc-3c3"/>
      </symbol>
      <symbol id="sm-758">
         <name>CPU_cpsie</name>
         <value>0x21d7</value>
         <object_component_ref idref="oc-1e8"/>
      </symbol>
      <symbol id="sm-759">
         <name>CPU_cpsid</name>
         <value>0x21cb</value>
         <object_component_ref idref="oc-96"/>
      </symbol>
      <symbol id="sm-774">
         <name>memcpy</name>
         <value>0x1255</value>
         <object_component_ref idref="oc-3a"/>
      </symbol>
      <symbol id="sm-775">
         <name>__aeabi_memcpy</name>
         <value>0x1255</value>
         <object_component_ref idref="oc-3a"/>
      </symbol>
      <symbol id="sm-776">
         <name>__aeabi_memcpy8</name>
         <value>0x1255</value>
         <object_component_ref idref="oc-3a"/>
      </symbol>
      <symbol id="sm-777">
         <name>__aeabi_memcpy4</name>
         <value>0x1255</value>
         <object_component_ref idref="oc-3a"/>
      </symbol>
      <symbol id="sm-784">
         <name>__aeabi_uldivmod</name>
         <value>0x12f1</value>
         <object_component_ref idref="oc-546"/>
      </symbol>
      <symbol id="sm-79d">
         <name>__TI_zero_init_nomemset</name>
         <value>0x1f85</value>
         <object_component_ref idref="oc-46"/>
      </symbol>
      <symbol id="sm-7b4">
         <name>__TI_decompress_none</name>
         <value>0x21b1</value>
         <object_component_ref idref="oc-18"/>
      </symbol>
      <symbol id="sm-7d7">
         <name>__TI_decompress_lzss</name>
         <value>0x1871</value>
         <object_component_ref idref="oc-12"/>
      </symbol>
      <symbol id="sm-860">
         <name>_sys_memory</name>
         <value>0x20000000</value>
         <object_component_ref idref="oc-29"/>
      </symbol>
      <symbol id="sm-861">
         <name>free</name>
         <value>0xa19</value>
         <object_component_ref idref="oc-2b1"/>
      </symbol>
      <symbol id="sm-862">
         <name>memalign</name>
         <value>0x835</value>
         <object_component_ref idref="oc-3f4"/>
      </symbol>
      <symbol id="sm-863">
         <name>malloc</name>
         <value>0x221d</value>
         <object_component_ref idref="oc-2a5"/>
      </symbol>
      <symbol id="sm-864">
         <name>aligned_alloc</name>
         <value>0x835</value>
         <object_component_ref idref="oc-3f4"/>
      </symbol>
      <symbol id="sm-877">
         <name>__stack</name>
         <value>0x2000f000</value>
         <object_component_ref idref="oc-2c"/>
      </symbol>
      <symbol id="sm-878">
         <name>_c_int00_noargs</name>
         <value>0x1d81</value>
         <object_component_ref idref="oc-a8"/>
      </symbol>
      <symbol id="sm-882">
         <name>__aeabi_idiv0</name>
         <value>0x225b</value>
         <object_component_ref idref="oc-5ac"/>
      </symbol>
      <symbol id="sm-883">
         <name>__aeabi_ldiv0</name>
         <value>0x225b</value>
         <object_component_ref idref="oc-5ac"/>
      </symbol>
      <symbol id="sm-8ac">
         <name>__TI_auto_init_nobinit_nopinit</name>
         <value>0x1c51</value>
         <object_component_ref idref="oc-12e"/>
      </symbol>
      <symbol id="sm-8b6">
         <name>_system_pre_init</name>
         <value>0x2247</value>
         <object_component_ref idref="oc-f0"/>
      </symbol>
      <symbol id="sm-8c2">
         <name>C$$EXIT</name>
         <value>0x224b</value>
         <object_component_ref idref="oc-122"/>
      </symbol>
      <symbol id="sm-8c3">
         <name>abort</name>
         <value>0x224b</value>
         <object_component_ref idref="oc-122"/>
      </symbol>
      <symbol id="sm-8d8">
         <name>_nop</name>
         <value>0x224f</value>
         <object_component_ref idref="oc-25c"/>
      </symbol>
      <symbol id="sm-8d9">
         <name>_lock</name>
         <value>0x200082b8</value>
         <object_component_ref idref="oc-1b2"/>
      </symbol>
      <symbol id="sm-8da">
         <name>_unlock</name>
         <value>0x200082bc</value>
         <object_component_ref idref="oc-1b2"/>
      </symbol>
      <symbol id="sm-8dc">
         <name>__TI_static_base__</name>
         <value>0x2328</value>
      </symbol>
      <symbol id="sm-8df">
         <name>__mpu_init</name>
         <value>0x0</value>
      </symbol>
      <symbol id="sm-8e0">
         <name>_system_post_cinit</name>
         <value>0x0</value>
      </symbol>
      <symbol id="sm-8e1">
         <name>usleep</name>
         <value>0x16d1</value>
      </symbol>
      <symbol id="sm-8e2">
         <name>NoRTOS_start</name>
         <value>0x222f</value>
      </symbol>
   </symbol_table>
   <title>Link successful</title>
</link_info>
